../../../../../../../Drivers/STM32WBxx_HAL_Driver/Inc/stm32wbxx_ll_adc.h:7703:22:LL_ADC_DisableIT_OVR	1
../../../../../../../Drivers/STM32WBxx_HAL_Driver/Inc/stm32wbxx_ll_bus.h:364:22:LL_AHB1_GRP1_EnableClock	1
../../../../../../../Drivers/STM32WBxx_HAL_Driver/Inc/stm32wbxx_ll_bus.h:539:22:LL_AHB2_GRP1_EnableClock	1
C:/Users/mjm17h/Documents/RF-Wireless-Sensors-main/STM32Cube_FW_WB_V1.17.0/Projects/NUCLEO-WB15CC/Examples/ADC/ADC_SingleConversion_TriggerTimer_DMA/Src/main.c:110:5:main	6
C:/Users/mjm17h/Documents/RF-Wireless-Sensors-main/STM32Cube_FW_WB_V1.17.0/Projects/NUCLEO-WB15CC/Examples/ADC/ADC_SingleConversion_TriggerTimer_DMA/Src/main.c:213:6:SystemClock_Config	3
C:/Users/mjm17h/Documents/RF-Wireless-Sensors-main/STM32Cube_FW_WB_V1.17.0/Projects/NUCLEO-WB15CC/Examples/ADC/ADC_SingleConversion_TriggerTimer_DMA/Src/main.c:261:6:PeriphCommonClock_Config	2
C:/Users/mjm17h/Documents/RF-Wireless-Sensors-main/STM32Cube_FW_WB_V1.17.0/Projects/NUCLEO-WB15CC/Examples/ADC/ADC_SingleConversion_TriggerTimer_DMA/Src/main.c:285:13:MX_ADC1_Init	3
C:/Users/mjm17h/Documents/RF-Wireless-Sensors-main/STM32Cube_FW_WB_V1.17.0/Projects/NUCLEO-WB15CC/Examples/ADC/ADC_SingleConversion_TriggerTimer_DMA/Src/main.c:341:13:MX_TIM2_Init	6
C:/Users/mjm17h/Documents/RF-Wireless-Sensors-main/STM32Cube_FW_WB_V1.17.0/Projects/NUCLEO-WB15CC/Examples/ADC/ADC_SingleConversion_TriggerTimer_DMA/Src/main.c:393:13:MX_DMA_Init	1
C:/Users/mjm17h/Documents/RF-Wireless-Sensors-main/STM32Cube_FW_WB_V1.17.0/Projects/NUCLEO-WB15CC/Examples/ADC/ADC_SingleConversion_TriggerTimer_DMA/Src/main.c:412:13:MX_GPIO_Init	1
C:/Users/mjm17h/Documents/RF-Wireless-Sensors-main/STM32Cube_FW_WB_V1.17.0/Projects/NUCLEO-WB15CC/Examples/ADC/ADC_SingleConversion_TriggerTimer_DMA/Src/main.c:448:6:HAL_ADC_ConvCpltCallback	3
C:/Users/mjm17h/Documents/RF-Wireless-Sensors-main/STM32Cube_FW_WB_V1.17.0/Projects/NUCLEO-WB15CC/Examples/ADC/ADC_SingleConversion_TriggerTimer_DMA/Src/main.c:488:6:HAL_ADC_ConvHalfCpltCallback	3
C:/Users/mjm17h/Documents/RF-Wireless-Sensors-main/STM32Cube_FW_WB_V1.17.0/Projects/NUCLEO-WB15CC/Examples/ADC/ADC_SingleConversion_TriggerTimer_DMA/Src/main.c:528:6:HAL_ADC_ErrorCallback	1
C:/Users/mjm17h/Documents/RF-Wireless-Sensors-main/STM32Cube_FW_WB_V1.17.0/Projects/NUCLEO-WB15CC/Examples/ADC/ADC_SingleConversion_TriggerTimer_DMA/Src/main.c:546:6:Error_Handler	1
