../../../../../../../Drivers/STM32WBxx_HAL_Driver/Inc/stm32wbxx_ll_adc.h:7703:22:LL_ADC_DisableIT_OVR	16	static
../../../../../../../Drivers/STM32WBxx_HAL_Driver/Inc/stm32wbxx_ll_bus.h:364:22:LL_AHB1_GRP1_EnableClock	24	static
../../../../../../../Drivers/STM32WBxx_HAL_Driver/Inc/stm32wbxx_ll_bus.h:539:22:LL_AHB2_GRP1_EnableClock	24	static
C:/Users/mjm17h/Documents/RF-Wireless-Sensors-main/STM32Cube_FW_WB_V1.17.0/Projects/NUCLEO-WB15CC/Examples/ADC/ADC_SingleConversion_TriggerTimer_DMA/Src/main.c:110:5:main	16	static
C:/Users/mjm17h/Documents/RF-Wireless-Sensors-main/STM32Cube_FW_WB_V1.17.0/Projects/NUCLEO-WB15CC/Examples/ADC/ADC_SingleConversion_TriggerTimer_DMA/Src/main.c:213:6:SystemClock_Config	104	static
C:/Users/mjm17h/Documents/RF-Wireless-Sensors-main/STM32Cube_FW_WB_V1.17.0/Projects/NUCLEO-WB15CC/Examples/ADC/ADC_SingleConversion_TriggerTimer_DMA/Src/main.c:261:6:PeriphCommonClock_Config	56	static
C:/Users/mjm17h/Documents/RF-Wireless-Sensors-main/STM32Cube_FW_WB_V1.17.0/Projects/NUCLEO-WB15CC/Examples/ADC/ADC_SingleConversion_TriggerTimer_DMA/Src/main.c:285:13:MX_ADC1_Init	24	static
C:/Users/mjm17h/Documents/RF-Wireless-Sensors-main/STM32Cube_FW_WB_V1.17.0/Projects/NUCLEO-WB15CC/Examples/ADC/ADC_SingleConversion_TriggerTimer_DMA/Src/main.c:341:13:MX_TIM2_Init	48	static
C:/Users/mjm17h/Documents/RF-Wireless-Sensors-main/STM32Cube_FW_WB_V1.17.0/Projects/NUCLEO-WB15CC/Examples/ADC/ADC_SingleConversion_TriggerTimer_DMA/Src/main.c:393:13:MX_DMA_Init	8	static
C:/Users/mjm17h/Documents/RF-Wireless-Sensors-main/STM32Cube_FW_WB_V1.17.0/Projects/NUCLEO-WB15CC/Examples/ADC/ADC_SingleConversion_TriggerTimer_DMA/Src/main.c:412:13:MX_GPIO_Init	32	static
C:/Users/mjm17h/Documents/RF-Wireless-Sensors-main/STM32Cube_FW_WB_V1.17.0/Projects/NUCLEO-WB15CC/Examples/ADC/ADC_SingleConversion_TriggerTimer_DMA/Src/main.c:448:6:HAL_ADC_ConvCpltCallback	24	static
C:/Users/mjm17h/Documents/RF-Wireless-Sensors-main/STM32Cube_FW_WB_V1.17.0/Projects/NUCLEO-WB15CC/Examples/ADC/ADC_SingleConversion_TriggerTimer_DMA/Src/main.c:488:6:HAL_ADC_ConvHalfCpltCallback	24	static
C:/Users/mjm17h/Documents/RF-Wireless-Sensors-main/STM32Cube_FW_WB_V1.17.0/Projects/NUCLEO-WB15CC/Examples/ADC/ADC_SingleConversion_TriggerTimer_DMA/Src/main.c:528:6:HAL_ADC_ErrorCallback	16	static
C:/Users/mjm17h/Documents/RF-Wireless-Sensors-main/STM32Cube_FW_WB_V1.17.0/Projects/NUCLEO-WB15CC/Examples/ADC/ADC_SingleConversion_TriggerTimer_DMA/Src/main.c:546:6:Error_Handler	8	static
