../../../../../../../Drivers/STM32WBxx_HAL_Driver/Inc/stm32wbxx_ll_pwr.h:1663:22:LL_C2_PWR_SetPowerMode	16	static
../../../../../../../Drivers/STM32WBxx_HAL_Driver/Inc/stm32wbxx_ll_exti.h:391:22:LL_EXTI_EnableIT_32_63	16	static
../../../../../../../Drivers/STM32WBxx_HAL_Driver/Inc/stm32wbxx_ll_rcc.h:1359:22:LL_RCC_HSE_SetCapacitorTuning	16	static
../../../../../../../Drivers/STM32WBxx_HAL_Driver/Inc/stm32wbxx_ll_rcc.h:2349:22:LL_RCC_SetClkAfterWakeFromStop	16	static
../../../../../../../Drivers/STM32WBxx_HAL_Driver/Inc/stm32wbxx_ll_system.h:1513:26:LL_DBGMCU_GetDeviceID	4	static
../../../../../../../Drivers/STM32WBxx_HAL_Driver/Inc/stm32wbxx_ll_system.h:1524:26:LL_DBGMCU_GetRevisionID	4	static
../../../../../../../Drivers/STM32WBxx_HAL_Driver/Inc/stm32wbxx_ll_cortex.h:311:22:LL_LPM_EnableSleep	4	static
../../../../../../../Drivers/STM32WBxx_HAL_Driver/Inc/stm32wbxx_ll_rtc.h:1031:22:LL_RTC_EnableWriteProtection	16	static
../../../../../../../Drivers/STM32WBxx_HAL_Driver/Inc/stm32wbxx_ll_rtc.h:1042:22:LL_RTC_DisableWriteProtection	16	static
../../../../../../../Drivers/STM32WBxx_HAL_Driver/Inc/stm32wbxx_ll_rtc.h:3006:22:LL_RTC_WAKEUP_SetClock	16	static
C:/Users/MATT.C/Downloads/STM32Cube_FW_WB_V1.17.0/Projects/NUCLEO-WB15CC/Applications/BLE/BLE_p2pClient/Core/Src/app_entry.c:103:6:MX_APPE_Config	8	static
C:/Users/MATT.C/Downloads/STM32Cube_FW_WB_V1.17.0/Projects/NUCLEO-WB15CC/Applications/BLE/BLE_p2pClient/Core/Src/app_entry.c:123:6:MX_APPE_Init	8	static
C:/Users/MATT.C/Downloads/STM32Cube_FW_WB_V1.17.0/Projects/NUCLEO-WB15CC/Applications/BLE/BLE_p2pClient/Core/Src/app_entry.c:160:6:Init_Smps	4	static
C:/Users/MATT.C/Downloads/STM32Cube_FW_WB_V1.17.0/Projects/NUCLEO-WB15CC/Applications/BLE/BLE_p2pClient/Core/Src/app_entry.c:178:6:Init_Exti	8	static
C:/Users/MATT.C/Downloads/STM32Cube_FW_WB_V1.17.0/Projects/NUCLEO-WB15CC/Applications/BLE/BLE_p2pClient/Core/Src/app_entry.c:195:13:Reset_Device	4	static
C:/Users/MATT.C/Downloads/STM32Cube_FW_WB_V1.17.0/Projects/NUCLEO-WB15CC/Applications/BLE/BLE_p2pClient/Core/Src/app_entry.c:264:13:Config_HSE	16	static
C:/Users/MATT.C/Downloads/STM32Cube_FW_WB_V1.17.0/Projects/NUCLEO-WB15CC/Applications/BLE/BLE_p2pClient/Core/Src/app_entry.c:280:13:System_Init	8	static
C:/Users/MATT.C/Downloads/STM32Cube_FW_WB_V1.17.0/Projects/NUCLEO-WB15CC/Applications/BLE/BLE_p2pClient/Core/Src/app_entry.c:291:13:Init_Rtc	8	static
C:/Users/MATT.C/Downloads/STM32Cube_FW_WB_V1.17.0/Projects/NUCLEO-WB15CC/Applications/BLE/BLE_p2pClient/Core/Src/app_entry.c:312:13:SystemPower_Config	8	static
C:/Users/MATT.C/Downloads/STM32Cube_FW_WB_V1.17.0/Projects/NUCLEO-WB15CC/Applications/BLE/BLE_p2pClient/Core/Src/app_entry.c:338:13:appe_Tl_Init	40	static
C:/Users/MATT.C/Downloads/STM32Cube_FW_WB_V1.17.0/Projects/NUCLEO-WB15CC/Applications/BLE/BLE_p2pClient/Core/Src/app_entry.c:363:13:APPE_SysStatusNot	16	static
C:/Users/MATT.C/Downloads/STM32Cube_FW_WB_V1.17.0/Projects/NUCLEO-WB15CC/Applications/BLE/BLE_p2pClient/Core/Src/app_entry.c:378:13:APPE_SysUserEvtRx	40	static
C:/Users/MATT.C/Downloads/STM32Cube_FW_WB_V1.17.0/Projects/NUCLEO-WB15CC/Applications/BLE/BLE_p2pClient/Core/Src/app_entry.c:441:13:APPE_SysEvtError	24	static
C:/Users/MATT.C/Downloads/STM32Cube_FW_WB_V1.17.0/Projects/NUCLEO-WB15CC/Applications/BLE/BLE_p2pClient/Core/Src/app_entry.c:463:13:APPE_SysEvtReadyProcessing	48	static
C:/Users/MATT.C/Downloads/STM32Cube_FW_WB_V1.17.0/Projects/NUCLEO-WB15CC/Applications/BLE/BLE_p2pClient/Core/Src/app_entry.c:536:6:APPE_Led_Init	8	static
C:/Users/MATT.C/Downloads/STM32Cube_FW_WB_V1.17.0/Projects/NUCLEO-WB15CC/Applications/BLE/BLE_p2pClient/Core/Src/app_entry.c:553:6:APPE_Button_Init	8	static
C:/Users/MATT.C/Downloads/STM32Cube_FW_WB_V1.17.0/Projects/NUCLEO-WB15CC/Applications/BLE/BLE_p2pClient/Core/Src/app_entry.c:574:6:HAL_Delay	24	static,ignoring_inline_asm
C:/Users/MATT.C/Downloads/STM32Cube_FW_WB_V1.17.0/Projects/NUCLEO-WB15CC/Applications/BLE/BLE_p2pClient/Core/Src/app_entry.c:603:6:MX_APPE_Process	8	static
C:/Users/MATT.C/Downloads/STM32Cube_FW_WB_V1.17.0/Projects/NUCLEO-WB15CC/Applications/BLE/BLE_p2pClient/Core/Src/app_entry.c:614:6:UTIL_SEQ_Idle	4	static
C:/Users/MATT.C/Downloads/STM32Cube_FW_WB_V1.17.0/Projects/NUCLEO-WB15CC/Applications/BLE/BLE_p2pClient/Core/Src/app_entry.c:629:6:UTIL_SEQ_EvtIdle	16	static
C:/Users/MATT.C/Downloads/STM32Cube_FW_WB_V1.17.0/Projects/NUCLEO-WB15CC/Applications/BLE/BLE_p2pClient/Core/Src/app_entry.c:636:6:shci_notify_asynch_evt	16	static
C:/Users/MATT.C/Downloads/STM32Cube_FW_WB_V1.17.0/Projects/NUCLEO-WB15CC/Applications/BLE/BLE_p2pClient/Core/Src/app_entry.c:642:6:shci_cmd_resp_release	16	static
C:/Users/MATT.C/Downloads/STM32Cube_FW_WB_V1.17.0/Projects/NUCLEO-WB15CC/Applications/BLE/BLE_p2pClient/Core/Src/app_entry.c:648:6:shci_cmd_resp_wait	16	static
C:/Users/MATT.C/Downloads/STM32Cube_FW_WB_V1.17.0/Projects/NUCLEO-WB15CC/Applications/BLE/BLE_p2pClient/Core/Src/app_entry.c:655:6:HAL_GPIO_EXTI_Callback	16	static
C:/Users/MATT.C/Downloads/STM32Cube_FW_WB_V1.17.0/Projects/NUCLEO-WB15CC/Applications/BLE/BLE_p2pClient/Core/Src/app_entry.c:678:13:RxUART_Init	8	static
C:/Users/MATT.C/Downloads/STM32Cube_FW_WB_V1.17.0/Projects/NUCLEO-WB15CC/Applications/BLE/BLE_p2pClient/Core/Src/app_entry.c:683:13:RxCpltCallback	8	static
C:/Users/MATT.C/Downloads/STM32Cube_FW_WB_V1.17.0/Projects/NUCLEO-WB15CC/Applications/BLE/BLE_p2pClient/Core/Src/app_entry.c:708:13:UartCmdExecute	8	static
