../Drivers/STM32WBxx_HAL_Driver/Inc/stm32wbxx_ll_rcc.h:1675:22:LL_RCC_LSE_SetDriveCapability	16	static
../Drivers/STM32WBxx_HAL_Driver/Inc/stm32wbxx_ll_bus.h:539:22:LL_AHB2_GRP1_EnableClock	24	static
../Core/Src/main.c:77:9:runAlgo	4	static
../Core/Src/main.c:132:5:main	8	static
../Core/Src/main.c:190:6:SystemClock_Config	104	static
../Core/Src/main.c:237:6:PeriphCommonClock_Config	56	static
../Core/Src/main.c:262:13:MX_I2C1_Init	8	static
../Core/Src/main.c:310:13:MX_IPCC_Init	8	static
../Core/Src/main.c:336:13:MX_RF_Init	4	static
../Core/Src/main.c:357:13:MX_RTC_Init	8	static
../Core/Src/main.c:399:13:MX_GPIO_Init	32	static
../Core/Src/main.c:445:6:HAL_RTCEx_WakeUpTimerEventCallback	16	static
../Core/Src/main.c:457:6:Error_Handler	4	static,ignoring_inline_asm
