../Drivers/STM32WBxx_HAL_Driver/Inc/stm32wbxx_ll_rcc.h:1675:22:LL_RCC_LSE_SetDriveCapability	1
../Drivers/STM32WBxx_HAL_Driver/Inc/stm32wbxx_ll_bus.h:539:22:LL_AHB2_GRP1_EnableClock	1
../Core/Src/main.c:67:1:__io_putchar	1
../Core/Src/main.c:83:5:main	1
../Core/Src/main.c:160:6:SystemClock_Config	3
../Core/Src/main.c:207:6:PeriphCommonClock_Config	2
../Core/Src/main.c:232:13:MX_IPCC_Init	2
../Core/Src/main.c:258:13:MX_RF_Init	1
../Core/Src/main.c:279:13:MX_RTC_Init	2
../Core/Src/main.c:321:13:MX_USART1_UART_Init	5
../Core/Src/main.c:369:13:MX_GPIO_Init	1
../Core/Src/main.c:391:6:HAL_GPIO_EXTI_Callback	2
../Core/Src/main.c:401:6:HAL_RTCEx_WakeUpTimerEventCallback	1
../Core/Src/main.c:413:6:Error_Handler	1
