../../../../../../../Drivers/STM32WBxx_HAL_Driver/Inc/stm32wbxx_ll_rcc.h:1679:22:LL_RCC_LSE_SetDriveCapability	16	static
../../../../../../../Drivers/STM32WBxx_HAL_Driver/Inc/stm32wbxx_ll_bus.h:364:22:LL_AHB1_GRP1_EnableClock	24	static
../../../../../../../Drivers/STM32WBxx_HAL_Driver/Inc/stm32wbxx_ll_bus.h:539:22:LL_AHB2_GRP1_EnableClock	24	static
C:/Users/mjm17h/Documents/RF-Wireless-Sensors-main/STM32Cube_FW_WB_V1.17.0/Projects/NUCLEO-WB15CC/Applications/BLE/BLE_p2pClient/Core/Src/main.c:89:5:main	8	static
C:/Users/mjm17h/Documents/RF-Wireless-Sensors-main/STM32Cube_FW_WB_V1.17.0/Projects/NUCLEO-WB15CC/Applications/BLE/BLE_p2pClient/Core/Src/main.c:147:6:SystemClock_Config	104	static
C:/Users/mjm17h/Documents/RF-Wireless-Sensors-main/STM32Cube_FW_WB_V1.17.0/Projects/NUCLEO-WB15CC/Applications/BLE/BLE_p2pClient/Core/Src/main.c:194:6:PeriphCommonClock_Config	56	static
C:/Users/mjm17h/Documents/RF-Wireless-Sensors-main/STM32Cube_FW_WB_V1.17.0/Projects/NUCLEO-WB15CC/Applications/BLE/BLE_p2pClient/Core/Src/main.c:219:6:MX_IPCC_Init	8	static
C:/Users/mjm17h/Documents/RF-Wireless-Sensors-main/STM32Cube_FW_WB_V1.17.0/Projects/NUCLEO-WB15CC/Applications/BLE/BLE_p2pClient/Core/Src/main.c:245:6:MX_RTC_Init	8	static
C:/Users/mjm17h/Documents/RF-Wireless-Sensors-main/STM32Cube_FW_WB_V1.17.0/Projects/NUCLEO-WB15CC/Applications/BLE/BLE_p2pClient/Core/Src/main.c:287:6:MX_USART1_UART_Init	8	static
C:/Users/mjm17h/Documents/RF-Wireless-Sensors-main/STM32Cube_FW_WB_V1.17.0/Projects/NUCLEO-WB15CC/Applications/BLE/BLE_p2pClient/Core/Src/main.c:333:6:MX_DMA_Init	8	static
C:/Users/mjm17h/Documents/RF-Wireless-Sensors-main/STM32Cube_FW_WB_V1.17.0/Projects/NUCLEO-WB15CC/Applications/BLE/BLE_p2pClient/Core/Src/main.c:352:6:MX_GPIO_Init	8	static
C:/Users/mjm17h/Documents/RF-Wireless-Sensors-main/STM32Cube_FW_WB_V1.17.0/Projects/NUCLEO-WB15CC/Applications/BLE/BLE_p2pClient/Core/Src/main.c:373:6:Error_Handler	4	static
