Archive member included to satisfy reference by file (symbol)

C:/ST/STM32CubeIDE_1.13.2/STM32CubeIDE/plugins/com.st.stm32cube.ide.mcu.externaltools.gnu-tools-for-stm32.11.3.rel1.win32_1.1.1.202309131626/tools/bin/../lib/gcc/arm-none-eabi/11.3.1/../../../../arm-none-eabi/lib/thumb/v7e-m+fp/hard\libc_nano.a(libc_a-exit.o)
                              C:/ST/STM32CubeIDE_1.13.2/STM32CubeIDE/plugins/com.st.stm32cube.ide.mcu.externaltools.gnu-tools-for-stm32.11.3.rel1.win32_1.1.1.202309131626/tools/bin/../lib/gcc/arm-none-eabi/11.3.1/../../../../arm-none-eabi/lib/thumb/v7e-m+fp/hard/crt0.o (exit)
C:/ST/STM32CubeIDE_1.13.2/STM32CubeIDE/plugins/com.st.stm32cube.ide.mcu.externaltools.gnu-tools-for-stm32.11.3.rel1.win32_1.1.1.202309131626/tools/bin/../lib/gcc/arm-none-eabi/11.3.1/../../../../arm-none-eabi/lib/thumb/v7e-m+fp/hard\libc_nano.a(libc_a-findfp.o)
                              C:/ST/STM32CubeIDE_1.13.2/STM32CubeIDE/plugins/com.st.stm32cube.ide.mcu.externaltools.gnu-tools-for-stm32.11.3.rel1.win32_1.1.1.202309131626/tools/bin/../lib/gcc/arm-none-eabi/11.3.1/../../../../arm-none-eabi/lib/thumb/v7e-m+fp/hard\libc_nano.a(libc_a-exit.o) (__stdio_exit_handler)
C:/ST/STM32CubeIDE_1.13.2/STM32CubeIDE/plugins/com.st.stm32cube.ide.mcu.externaltools.gnu-tools-for-stm32.11.3.rel1.win32_1.1.1.202309131626/tools/bin/../lib/gcc/arm-none-eabi/11.3.1/../../../../arm-none-eabi/lib/thumb/v7e-m+fp/hard\libc_nano.a(libc_a-fwalk.o)
                              C:/ST/STM32CubeIDE_1.13.2/STM32CubeIDE/plugins/com.st.stm32cube.ide.mcu.externaltools.gnu-tools-for-stm32.11.3.rel1.win32_1.1.1.202309131626/tools/bin/../lib/gcc/arm-none-eabi/11.3.1/../../../../arm-none-eabi/lib/thumb/v7e-m+fp/hard\libc_nano.a(libc_a-findfp.o) (_fwalk_sglue)
C:/ST/STM32CubeIDE_1.13.2/STM32CubeIDE/plugins/com.st.stm32cube.ide.mcu.externaltools.gnu-tools-for-stm32.11.3.rel1.win32_1.1.1.202309131626/tools/bin/../lib/gcc/arm-none-eabi/11.3.1/../../../../arm-none-eabi/lib/thumb/v7e-m+fp/hard\libc_nano.a(libc_a-stdio.o)
                              C:/ST/STM32CubeIDE_1.13.2/STM32CubeIDE/plugins/com.st.stm32cube.ide.mcu.externaltools.gnu-tools-for-stm32.11.3.rel1.win32_1.1.1.202309131626/tools/bin/../lib/gcc/arm-none-eabi/11.3.1/../../../../arm-none-eabi/lib/thumb/v7e-m+fp/hard\libc_nano.a(libc_a-findfp.o) (__sread)
C:/ST/STM32CubeIDE_1.13.2/STM32CubeIDE/plugins/com.st.stm32cube.ide.mcu.externaltools.gnu-tools-for-stm32.11.3.rel1.win32_1.1.1.202309131626/tools/bin/../lib/gcc/arm-none-eabi/11.3.1/../../../../arm-none-eabi/lib/thumb/v7e-m+fp/hard\libc_nano.a(libc_a-memset.o)
                              C:/ST/STM32CubeIDE_1.13.2/STM32CubeIDE/plugins/com.st.stm32cube.ide.mcu.externaltools.gnu-tools-for-stm32.11.3.rel1.win32_1.1.1.202309131626/tools/bin/../lib/gcc/arm-none-eabi/11.3.1/../../../../arm-none-eabi/lib/thumb/v7e-m+fp/hard/crt0.o (memset)
C:/ST/STM32CubeIDE_1.13.2/STM32CubeIDE/plugins/com.st.stm32cube.ide.mcu.externaltools.gnu-tools-for-stm32.11.3.rel1.win32_1.1.1.202309131626/tools/bin/../lib/gcc/arm-none-eabi/11.3.1/../../../../arm-none-eabi/lib/thumb/v7e-m+fp/hard\libc_nano.a(libc_a-closer.o)
                              C:/ST/STM32CubeIDE_1.13.2/STM32CubeIDE/plugins/com.st.stm32cube.ide.mcu.externaltools.gnu-tools-for-stm32.11.3.rel1.win32_1.1.1.202309131626/tools/bin/../lib/gcc/arm-none-eabi/11.3.1/../../../../arm-none-eabi/lib/thumb/v7e-m+fp/hard\libc_nano.a(libc_a-stdio.o) (_close_r)
C:/ST/STM32CubeIDE_1.13.2/STM32CubeIDE/plugins/com.st.stm32cube.ide.mcu.externaltools.gnu-tools-for-stm32.11.3.rel1.win32_1.1.1.202309131626/tools/bin/../lib/gcc/arm-none-eabi/11.3.1/../../../../arm-none-eabi/lib/thumb/v7e-m+fp/hard\libc_nano.a(libc_a-reent.o)
                              C:/ST/STM32CubeIDE_1.13.2/STM32CubeIDE/plugins/com.st.stm32cube.ide.mcu.externaltools.gnu-tools-for-stm32.11.3.rel1.win32_1.1.1.202309131626/tools/bin/../lib/gcc/arm-none-eabi/11.3.1/../../../../arm-none-eabi/lib/thumb/v7e-m+fp/hard\libc_nano.a(libc_a-closer.o) (errno)
C:/ST/STM32CubeIDE_1.13.2/STM32CubeIDE/plugins/com.st.stm32cube.ide.mcu.externaltools.gnu-tools-for-stm32.11.3.rel1.win32_1.1.1.202309131626/tools/bin/../lib/gcc/arm-none-eabi/11.3.1/../../../../arm-none-eabi/lib/thumb/v7e-m+fp/hard\libc_nano.a(libc_a-impure.o)
                              C:/ST/STM32CubeIDE_1.13.2/STM32CubeIDE/plugins/com.st.stm32cube.ide.mcu.externaltools.gnu-tools-for-stm32.11.3.rel1.win32_1.1.1.202309131626/tools/bin/../lib/gcc/arm-none-eabi/11.3.1/../../../../arm-none-eabi/lib/thumb/v7e-m+fp/hard\libc_nano.a(libc_a-reent.o) (_impure_ptr)
C:/ST/STM32CubeIDE_1.13.2/STM32CubeIDE/plugins/com.st.stm32cube.ide.mcu.externaltools.gnu-tools-for-stm32.11.3.rel1.win32_1.1.1.202309131626/tools/bin/../lib/gcc/arm-none-eabi/11.3.1/../../../../arm-none-eabi/lib/thumb/v7e-m+fp/hard\libc_nano.a(libc_a-lseekr.o)
[...]
Memory Configuration

Name             Origin             Length             Attributes
FLASH            0x0000000008000000 0x0000000000028000 xr
RAM1             0x0000000020000008 0x0000000000002ff8 xrw
RAM_SHARED       0x0000000020030000 0x0000000000002800 xrw
*default*        0x0000000000000000 0xffffffffffffffff

Linker script and memory map

LOAD C:/ST/STM32CubeIDE_1.13.2/STM32CubeIDE/plugins/com.st.stm32cube.ide.mcu.externaltools.gnu-tools-for-stm32.11.3.rel1.win32_1.1.1.202309131626/tools/bin/../lib/gcc/arm-none-eabi/11.3.1/thumb/v7e-m+fp/hard/crti.o
LOAD C:/ST/STM32CubeIDE_1.13.2/STM32CubeIDE/plugins/com.st.stm32cube.ide.mcu.externaltools.gnu-tools-for-stm32.11.3.rel1.win32_1.1.1.202309131626/tools/bin/../lib/gcc/arm-none-eabi/11.3.1/thumb/v7e-m+fp/hard/crtbegin.o
LOAD C:/ST/STM32CubeIDE_1.13.2/STM32CubeIDE/plugins/com.st.stm32cube.ide.mcu.externaltools.gnu-tools-for-stm32.11.3.rel1.win32_1.1.1.202309131626/tools/bin/../lib/gcc/arm-none-eabi/11.3.1/../../../../arm-none-eabi/lib/thumb/v7e-m+fp/hard/crt0.o
LOAD ./Application/Startup/startup_stm32wb15ccux.o
LOAD ./Application/User/main.o
LOAD ./Application/User/stm32wbxx_hal_msp.o
LOAD ./Application/User/stm32wbxx_it.o
LOAD ./Application/User/syscalls.o
LOAD ./Application/User/sysmem.o
LOAD ./Drivers/BSP/NUCLEO-WB15CC/nucleo_wb15cc.o
LOAD ./Drivers/CMSIS/system_stm32wbxx.o
LOAD ./Drivers/STM32WBxx_HAL_Driver/stm32wbxx_hal.o
LOAD ./Drivers/STM32WBxx_HAL_Driver/stm32wbxx_hal_adc.o
LOAD ./Drivers/STM32WBxx_HAL_Driver/stm32wbxx_hal_adc_ex.o
LOAD ./Drivers/STM32WBxx_HAL_Driver/stm32wbxx_hal_cortex.o
LOAD ./Drivers/STM32WBxx_HAL_Driver/stm32wbxx_hal_dma.o
LOAD ./Drivers/STM32WBxx_HAL_Driver/stm32wbxx_hal_dma_ex.o
LOAD ./Drivers/STM32WBxx_HAL_Driver/stm32wbxx_hal_exti.o
LOAD ./Drivers/STM32WBxx_HAL_Driver/stm32wbxx_hal_flash.o
LOAD ./Drivers/STM32WBxx_HAL_Driver/stm32wbxx_hal_flash_ex.o
LOAD ./Drivers/STM32WBxx_HAL_Driver/stm32wbxx_hal_gpio.o
LOAD ./Drivers/STM32WBxx_HAL_Driver/stm32wbxx_hal_hsem.o
LOAD ./Drivers/STM32WBxx_HAL_Driver/stm32wbxx_hal_pwr.o
LOAD ./Drivers/STM32WBxx_HAL_Driver/stm32wbxx_hal_pwr_ex.o
LOAD ./Drivers/STM32WBxx_HAL_Driver/stm32wbxx_hal_rcc.o
LOAD ./Drivers/STM32WBxx_HAL_Driver/stm32wbxx_hal_rcc_ex.o
LOAD ./Drivers/STM32WBxx_HAL_Driver/stm32wbxx_hal_tim.o
LOAD ./Drivers/STM32WBxx_HAL_Driver/stm32wbxx_hal_tim_ex.o
LOAD ./Drivers/STM32WBxx_HAL_Driver/stm32wbxx_ll_adc.o
START GROUP
LOAD C:/ST/STM32CubeIDE_1.13.2/STM32CubeIDE/plugins/com.st.stm32cube.ide.mcu.externaltools.gnu-tools-for-stm32.11.3.rel1.win32_1.1.1.202309131626/tools/bin/../lib/gcc/arm-none-eabi/11.3.1/../../../../arm-none-eabi/lib/thumb/v7e-m+fp/hard\libc_nano.a
LOAD C:/ST/STM32CubeIDE_1.13.2/STM32CubeIDE/plugins/com.st.stm32cube.ide.mcu.externaltools.gnu-tools-for-stm32.11.3.rel1.win32_1.1.1.202309131626/tools/bin/../lib/gcc/arm-none-eabi/11.3.1/../../../../arm-none-eabi/lib/thumb/v7e-m+fp/hard\libm.a
END GROUP
START GROUP
LOAD C:/ST/STM32CubeIDE_1.13.2/STM32CubeIDE/plugins/com.st.stm32cube.ide.mcu.externaltools.gnu-tools-for-stm32.11.3.rel1.win32_1.1.1.202309131626/tools/bin/../lib/gcc/arm-none-eabi/11.3.1/thumb/v7e-m+fp/hard\libgcc.a
LOAD C:/ST/STM32CubeIDE_1.13.2/STM32CubeIDE/plugins/com.st.stm32cube.ide.mcu.externaltools.gnu-tools-for-stm32.11.3.rel1.win32_1.1.1.202309131626/tools/bin/../lib/gcc/arm-none-eabi/11.3.1/../../../../arm-none-eabi/lib/thumb/v7e-m+fp/hard\libc_nano.a
END GROUP
START GROUP
LOAD C:/ST/STM32CubeIDE_1.13.2/STM32CubeIDE/plugins/com.st.stm32cube.ide.mcu.externaltools.gnu-tools-for-stm32.11.3.rel1.win32_1.1.1.202309131626/tools/bin/../lib/gcc/arm-none-eabi/11.3.1/thumb/v7e-m+fp/hard\libgcc.a
LOAD C:/ST/STM32CubeIDE_1.13.2/STM32CubeIDE/plugins/com.st.stm32cube.ide.mcu.externaltools.gnu-tools-for-stm32.11.3.rel1.win32_1.1.1.202309131626/tools/bin/../lib/gcc/arm-none-eabi/11.3.1/../../../../arm-none-eabi/lib/thumb/v7e-m+fp/hard\libc_nano.a
LOAD C:/ST/STM32CubeIDE_1.13.2/STM32CubeIDE/plugins/com.st.stm32cube.ide.mcu.externaltools.gnu-tools-for-stm32.11.3.rel1.win32_1.1.1.202309131626/tools/bin/../lib/gcc/arm-none-eabi/11.3.1/../../../../arm-none-eabi/lib/thumb/v7e-m+fp/hard\libnosys.a
END GROUP
START GROUP
LOAD C:/ST/STM32CubeIDE_1.13.2/STM32CubeIDE/plugins/com.st.stm32cube.ide.mcu.externaltools.gnu-tools-for-stm32.11.3.rel1.win32_1.1.1.202309131626/tools/bin/../lib/gcc/arm-none-eabi/11.3.1/thumb/v7e-m+fp/hard\libgcc.a
LOAD C:/ST/STM32CubeIDE_1.13.2/STM32CubeIDE/plugins/com.st.stm32cube.ide.mcu.externaltools.gnu-tools-for-stm32.11.3.rel1.win32_1.1.1.202309131626/tools/bin/../lib/gcc/arm-none-eabi/11.3.1/../../../../arm-none-eabi/lib/thumb/v7e-m+fp/hard\libc_nano.a
LOAD C:/ST/STM32CubeIDE_1.13.2/STM32CubeIDE/plugins/com.st.stm32cube.ide.mcu.externaltools.gnu-tools-for-stm32.11.3.rel1.win32_1.1.1.202309131626/tools/bin/../lib/gcc/arm-none-eabi/11.3.1/../../../../arm-none-eabi/lib/thumb/v7e-m+fp/hard\libnosys.a
END GROUP
LOAD C:/ST/STM32CubeIDE_1.13.2/STM32CubeIDE/plugins/com.st.stm32cube.ide.mcu.externaltools.gnu-tools-for-stm32.11.3.rel1.win32_1.1.1.202309131626/tools/bin/../lib/gcc/arm-none-eabi/11.3.1/thumb/v7e-m+fp/hard/crtend.o
LOAD C:/ST/STM32CubeIDE_1.13.2/STM32CubeIDE/plugins/com.st.stm32cube.ide.mcu.externaltools.gnu-tools-for-stm32.11.3.rel1.win32_1.1.1.202309131626/tools/bin/../lib/gcc/arm-none-eabi/11.3.1/thumb/v7e-m+fp/hard/crtn.o
                0x0000000020003000                _estack = 0x20003000
                0x0000000000000200                _Min_Heap_Size = 0x200
                0x0000000000000400                _Min_Stack_Size = 0x400

.isr_vector     0x0000000008000000      0x13c
                0x0000000008000000                . = ALIGN (0x4)
 *(.isr_vector)
 .isr_vector    0x0000000008000000      0x13c ./Application/Startup/startup_stm32wb15ccux.o
                0x0000000008000000                g_pfnVectors
                0x000000000800013c                . = ALIGN (0x4)

.text           0x000000000800013c     0x42a4
                0x000000000800013c                . = ALIGN (0x4)
 *(.text)
 .text          0x000000000800013c       0x40 C:/ST/STM32CubeIDE_1.13.2/STM32CubeIDE/plugins/com.st.stm32cube.ide.mcu.externaltools.gnu-tools-for-stm32.11.3.rel1.win32_1.1.1.202309131626/tools/bin/../lib/gcc/arm-none-eabi/11.3.1/thumb/v7e-m+fp/hard/crtbegin.o
 *(.text*)
 .text.data_initializers
                0x000000000800017c       0x18 ./Application/Startup/startup_stm32wb15ccux.o
 .text.Reset_Handler
                0x0000000008000194       0x54 ./Application/Startup/startup_stm32wb15ccux.o
                0x0000000008000194                Reset_Handler
 .text.Default_Handler
                0x00000000080001e8        0x2 ./Application/Startup/startup_stm32wb15ccux.o
                0x00000000080001e8                RTC_Alarm_IRQHandler
                0x00000000080001e8                EXTI2_IRQHandler
                0x00000000080001e8                TIM1_CC_IRQHandler
                0x00000000080001e8                TSC_IRQHandler
                0x00000000080001e8                EXTI3_IRQHandler
                0x00000000080001e8                LPTIM2_IRQHandler
                0x00000000080001e8                EXTI0_IRQHandler
                0x00000000080001e8                FPU_IRQHandler
                0x00000000080001e8                SPI1_IRQHandler
                0x00000000080001e8                DMA1_Channel4_IRQHandler
                0x00000000080001e8                PWR_SOTF_BLEACT_RFPHASE_IRQHandler
                0x00000000080001e8                PKA_IRQHandler
                0x00000000080001e8                DMA1_Channel7_IRQHandler
                0x00000000080001e8                IPCC_C1_TX_IRQHandler
                0x00000000080001e8                I2C1_EV_IRQHandler
                0x00000000080001e8                DMAMUX1_OVR_IRQHandler
                0x00000000080001e8                DMA1_Channel6_IRQHandler
                0x00000000080001e8                RCC_IRQHandler
                0x00000000080001e8                TIM1_TRG_COM_IRQHandler
                0x00000000080001e8                Default_Handler
                0x00000000080001e8                EXTI15_10_IRQHandler
                0x00000000080001e8                IPCC_C1_RX_IRQHandler
                0x00000000080001e8                C2SEV_PWR_C2H_IRQHandler
                0x00000000080001e8                AES2_IRQHandler
                0x00000000080001e8                EXTI9_5_IRQHandler
                0x00000000080001e8                RTC_WKUP_IRQHandler
                0x00000000080001e8                PVD_PVM_IRQHandler
                0x00000000080001e8                DMA1_Channel5_IRQHandler
                0x00000000080001e8                EXTI4_IRQHandler
                0x00000000080001e8                RNG_IRQHandler
                0x00000000080001e8                TAMP_STAMP_LSECSS_IRQHandler
                0x00000000080001e8                DMA1_Channel3_IRQHandler
                0x00000000080001e8                COMP_IRQHandler
                0x00000000080001e8                HSEM_IRQHandler
                0x00000000080001e8                TIM1_UP_IRQHandler
                0x00000000080001e8                WWDG_IRQHandler
                0x00000000080001e8                LPUART1_IRQHandler
                0x00000000080001e8                TIM2_IRQHandler
                0x00000000080001e8                TIM1_BRK_IRQHandler
                0x00000000080001e8                EXTI1_IRQHandler
                0x00000000080001e8                DMA1_Channel2_IRQHandler
                0x00000000080001e8                FLASH_IRQHandler
                0x00000000080001e8                USART1_IRQHandler
                0x00000000080001e8                I2C1_ER_IRQHandler
                0x00000000080001e8                LPTIM1_IRQHandler
 .text.LL_ADC_DisableIT_OVR
                0x00000000080001ea       0x20 ./Application/User/main.o
 .text.LL_AHB1_GRP1_EnableClock
                0x000000000800020a       0x32 ./Application/User/main.o
 .text.LL_AHB2_GRP1_EnableClock
                0x000000000800023c       0x32 ./Application/User/main.o
 *fill*         0x000000000800026e        0x2 
 .text.main     0x0000000008000270       0xa8 ./Application/User/main.o
                0x0000000008000270                main
 .text.SystemClock_Config
                0x0000000008000318       0xae ./Application/User/main.o
                0x0000000008000318                SystemClock_Config
 .text.PeriphCommonClock_Config
                0x00000000080003c6       0x3a ./Application/User/main.o
                0x00000000080003c6                PeriphCommonClock_Config
 .text.MX_ADC1_Init
                0x0000000008000400       0xc0 ./Application/User/main.o
 .text.MX_TIM2_Init
                0x00000000080004c0       0xf0 ./Application/User/main.o
 .text.MX_DMA_Init
                0x00000000080005b0       0x24 ./Application/User/main.o
 .text.MX_GPIO_Init
                0x00000000080005d4       0x50 ./Application/User/main.o
 .text.HAL_ADC_ConvCpltCallback
                0x0000000008000624       0x84 ./Application/User/main.o
                0x0000000008000624                HAL_ADC_ConvCpltCallback
 .text.HAL_ADC_ConvHalfCpltCallback
                0x00000000080006a8       0x88 ./Application/User/main.o
                0x00000000080006a8                HAL_ADC_ConvHalfCpltCallback
 .text.HAL_ADC_ErrorCallback
                0x0000000008000730       0x20 ./Application/User/main.o
                0x0000000008000730                HAL_ADC_ErrorCallback
 .text.Error_Handler
                0x0000000008000750        0xc ./Application/User/main.o
                0x0000000008000750                Error_Handler
 .text.LL_AHB2_GRP1_EnableClock
                0x000000000800075c       0x32 ./Application/User/stm32wbxx_hal_msp.o
 .text.LL_APB1_GRP1_EnableClock
                0x000000000800078e       0x32 ./Application/User/stm32wbxx_hal_msp.o
 .text.LL_APB2_GRP1_EnableClock
                0x00000000080007c0       0x32 ./Application/User/stm32wbxx_hal_msp.o
 .text.HAL_MspInit
                0x00000000080007f2        0xe ./Application/User/stm32wbxx_hal_msp.o
                0x00000000080007f2                HAL_MspInit
 .text.HAL_ADC_MspInit
                0x0000000008000800       0xf4 ./Application/User/stm32wbxx_hal_msp.o
                0x0000000008000800                HAL_ADC_MspInit
 .text.HAL_TIM_Base_MspInit
                0x00000000080008f4       0x20 ./Application/User/stm32wbxx_hal_msp.o
                0x00000000080008f4                HAL_TIM_Base_MspInit
 .text.NMI_Handler
                0x0000000008000914        0xe ./Application/User/stm32wbxx_it.o
                0x0000000008000914                NMI_Handler
 .text.HardFault_Handler
                0x0000000008000922        0x6 ./Application/User/stm32wbxx_it.o
                0x0000000008000922                HardFault_Handler
 .text.MemManage_Handler
                0x0000000008000928        0x6 ./Application/User/stm32wbxx_it.o
                0x0000000008000928                MemManage_Handler
 .text.BusFault_Handler
                0x000000000800092e        0x6 ./Application/User/stm32wbxx_it.o
                0x000000000800092e                BusFault_Handler
 .text.UsageFault_Handler
                0x0000000008000934        0x6 ./Application/User/stm32wbxx_it.o
                0x0000000008000934                UsageFault_Handler
 .text.SVC_Handler
                0x000000000800093a        0xe ./Application/User/stm32wbxx_it.o
                0x000000000800093a                SVC_Handler
 .text.DebugMon_Handler
                0x0000000008000948        0xe ./Application/User/stm32wbxx_it.o
                0x0000000008000948                DebugMon_Handler
 .text.PendSV_Handler
                0x0000000008000956        0xe ./Application/User/stm32wbxx_it.o
                0x0000000008000956                PendSV_Handler
 .text.SysTick_Handler
                0x0000000008000964        0xc ./Application/User/stm32wbxx_it.o
                0x0000000008000964                SysTick_Handler
 .text.DMA1_Channel1_IRQHandler
                0x0000000008000970       0x14 ./Application/User/stm32wbxx_it.o
                0x0000000008000970                DMA1_Channel1_IRQHandler
 .text.ADC1_IRQHandler
                0x0000000008000984       0x14 ./Application/User/stm32wbxx_it.o
                0x0000000008000984                ADC1_IRQHandler
 .text.LL_AHB2_GRP1_EnableClock
                0x0000000008000998       0x32 ./Drivers/BSP/NUCLEO-WB15CC/nucleo_wb15cc.o
 *fill*         0x00000000080009ca        0x2 
 .text.BSP_LED_Init
                0x00000000080009cc       0x74 ./Drivers/BSP/NUCLEO-WB15CC/nucleo_wb15cc.o
                0x00000000080009cc                BSP_LED_Init
 .text.BSP_LED_On
                0x0000000008000a40       0x34 ./Drivers/BSP/NUCLEO-WB15CC/nucleo_wb15cc.o
                0x0000000008000a40                BSP_LED_On
 .text.BSP_LED_Off
                0x0000000008000a74       0x34 ./Drivers/BSP/NUCLEO-WB15CC/nucleo_wb15cc.o
                0x0000000008000a74                BSP_LED_Off
 .text.BSP_LED_Toggle
                0x0000000008000aa8       0x34 ./Drivers/BSP/NUCLEO-WB15CC/nucleo_wb15cc.o
                0x0000000008000aa8                BSP_LED_Toggle
 .text.SystemInit
                0x0000000008000adc       0xa4 ./Drivers/CMSIS/system_stm32wbxx.o
                0x0000000008000adc                SystemInit
 .text.HAL_Init
                0x0000000008000b80       0x40 ./Drivers/STM32WBxx_HAL_Driver/stm32wbxx_hal.o
                0x0000000008000b80                HAL_Init
 .text.HAL_InitTick
                0x0000000008000bc0       0x74 ./Drivers/STM32WBxx_HAL_Driver/stm32wbxx_hal.o
                0x0000000008000bc0                HAL_InitTick
 .text.HAL_IncTick
                0x0000000008000c34       0x28 ./Drivers/STM32WBxx_HAL_Driver/stm32wbxx_hal.o
                0x0000000008000c34                HAL_IncTick
 .text.HAL_GetTick
                0x0000000008000c5c       0x18 ./Drivers/STM32WBxx_HAL_Driver/stm32wbxx_hal.o
                0x0000000008000c5c                HAL_GetTick
 .text.HAL_GetTickPrio
                0x0000000008000c74       0x18 ./Drivers/STM32WBxx_HAL_Driver/stm32wbxx_hal.o
                0x0000000008000c74                HAL_GetTickPrio
 .text.LL_ADC_SetCommonPathInternalCh
                0x0000000008000c8c       0x26 ./Drivers/STM32WBxx_HAL_Driver/stm32wbxx_hal_adc.o
 .text.LL_ADC_GetCommonPathInternalCh
                0x0000000008000cb2       0x1c ./Drivers/STM32WBxx_HAL_Driver/stm32wbxx_hal_adc.o
 .text.LL_ADC_SetSamplingTimeCommonChannels
                0x0000000008000cce       0x3e ./Drivers/STM32WBxx_HAL_Driver/stm32wbxx_hal_adc.o
 .text.LL_ADC_REG_IsTriggerSourceSWStart
                0x0000000008000d0c       0x26 ./Drivers/STM32WBxx_HAL_Driver/stm32wbxx_hal_adc.o
 .text.LL_ADC_REG_SetSequencerRanks
                0x0000000008000d32       0x44 ./Drivers/STM32WBxx_HAL_Driver/stm32wbxx_hal_adc.o
 .text.LL_ADC_REG_SetSequencerChAdd
                0x0000000008000d76       0x26 ./Drivers/STM32WBxx_HAL_Driver/stm32wbxx_hal_adc.o
 .text.LL_ADC_REG_SetSequencerChRem
                0x0000000008000d9c       0x28 ./Drivers/STM32WBxx_HAL_Driver/stm32wbxx_hal_adc.o
 .text.LL_ADC_REG_GetDMATransfer
                0x0000000008000dc4       0x1c ./Drivers/STM32WBxx_HAL_Driver/stm32wbxx_hal_adc.o
 .text.LL_ADC_SetChannelSamplingTime
                0x0000000008000de0       0x3a ./Drivers/STM32WBxx_HAL_Driver/stm32wbxx_hal_adc.o
 .text.LL_ADC_EnableInternalRegulator
                0x0000000008000e1a       0x28 ./Drivers/STM32WBxx_HAL_Driver/stm32wbxx_hal_adc.o
 .text.LL_ADC_IsInternalRegulatorEnabled
                0x0000000008000e42       0x28 ./Drivers/STM32WBxx_HAL_Driver/stm32wbxx_hal_adc.o
 .text.LL_ADC_Enable
                0x0000000008000e6a       0x28 ./Drivers/STM32WBxx_HAL_Driver/stm32wbxx_hal_adc.o
 .text.LL_ADC_Disable
                0x0000000008000e92       0x28 ./Drivers/STM32WBxx_HAL_Driver/stm32wbxx_hal_adc.o
 .text.LL_ADC_IsEnabled
                0x0000000008000eba       0x26 ./Drivers/STM32WBxx_HAL_Driver/stm32wbxx_hal_adc.o
 .text.LL_ADC_IsDisableOngoing
                0x0000000008000ee0       0x26 ./Drivers/STM32WBxx_HAL_Driver/stm32wbxx_hal_adc.o
 .text.LL_ADC_REG_StartConversion
                0x0000000008000f06       0x28 ./Drivers/STM32WBxx_HAL_Driver/stm32wbxx_hal_adc.o
 .text.LL_ADC_REG_IsConversionOngoing
                0x0000000008000f2e       0x26 ./Drivers/STM32WBxx_HAL_Driver/stm32wbxx_hal_adc.o
 .text.HAL_ADC_Init
                0x0000000008000f54      0x304 ./Drivers/STM32WBxx_HAL_Driver/stm32wbxx_hal_adc.o
                0x0000000008000f54                HAL_ADC_Init
 .text.HAL_ADC_Start_DMA
                0x0000000008001258       0xec ./Drivers/STM32WBxx_HAL_Driver/stm32wbxx_hal_adc.o
                0x0000000008001258                HAL_ADC_Start_DMA
 .text.HAL_ADC_IRQHandler
                0x0000000008001344      0x228 ./Drivers/STM32WBxx_HAL_Driver/stm32wbxx_hal_adc.o
                0x0000000008001344                HAL_ADC_IRQHandler
 .text.HAL_ADC_LevelOutOfWindowCallback
                0x000000000800156c       0x14 ./Drivers/STM32WBxx_HAL_Driver/stm32wbxx_hal_adc.o
                0x000000000800156c                HAL_ADC_LevelOutOfWindowCallback
 .text.HAL_ADC_ConfigChannel
                0x0000000008001580      0x27c ./Drivers/STM32WBxx_HAL_Driver/stm32wbxx_hal_adc.o
                0x0000000008001580                HAL_ADC_ConfigChannel
 .text.ADC_Enable
                0x00000000080017fc       0xfc ./Drivers/STM32WBxx_HAL_Driver/stm32wbxx_hal_adc.o
                0x00000000080017fc                ADC_Enable
 .text.ADC_Disable
                0x00000000080018f8       0xbe ./Drivers/STM32WBxx_HAL_Driver/stm32wbxx_hal_adc.o
                0x00000000080018f8                ADC_Disable
 .text.ADC_DMAConvCplt
                0x00000000080019b6       0xc8 ./Drivers/STM32WBxx_HAL_Driver/stm32wbxx_hal_adc.o
                0x00000000080019b6                ADC_DMAConvCplt
 .text.ADC_DMAHalfConvCplt
                0x0000000008001a7e       0x1c ./Drivers/STM32WBxx_HAL_Driver/stm32wbxx_hal_adc.o
                0x0000000008001a7e                ADC_DMAHalfConvCplt
 .text.ADC_DMAError
                0x0000000008001a9a       0x34 ./Drivers/STM32WBxx_HAL_Driver/stm32wbxx_hal_adc.o
                0x0000000008001a9a                ADC_DMAError
 .text.LL_ADC_GetCommonClock
                0x0000000008001ace       0x1c ./Drivers/STM32WBxx_HAL_Driver/stm32wbxx_hal_adc_ex.o
 .text.LL_ADC_GetClock
                0x0000000008001aea       0x1c ./Drivers/STM32WBxx_HAL_Driver/stm32wbxx_hal_adc_ex.o
 .text.LL_ADC_SetCalibrationFactor
                0x0000000008001b06       0x2a ./Drivers/STM32WBxx_HAL_Driver/stm32wbxx_hal_adc_ex.o
 .text.LL_ADC_GetCalibrationFactor
                0x0000000008001b30       0x1e ./Drivers/STM32WBxx_HAL_Driver/stm32wbxx_hal_adc_ex.o
 .text.LL_ADC_Enable
                0x0000000008001b4e       0x28 ./Drivers/STM32WBxx_HAL_Driver/stm32wbxx_hal_adc_ex.o
 .text.LL_ADC_Disable
                0x0000000008001b76       0x28 ./Drivers/STM32WBxx_HAL_Driver/stm32wbxx_hal_adc_ex.o
 .text.LL_ADC_IsEnabled
                0x0000000008001b9e       0x26 ./Drivers/STM32WBxx_HAL_Driver/stm32wbxx_hal_adc_ex.o
 .text.LL_ADC_StartCalibration
                0x0000000008001bc4       0x28 ./Drivers/STM32WBxx_HAL_Driver/stm32wbxx_hal_adc_ex.o
 .text.LL_ADC_IsCalibrationOnGoing
                0x0000000008001bec       0x28 ./Drivers/STM32WBxx_HAL_Driver/stm32wbxx_hal_adc_ex.o
 .text.HAL_ADCEx_Calibration_Start
                0x0000000008001c14      0x1dc ./Drivers/STM32WBxx_HAL_Driver/stm32wbxx_hal_adc_ex.o
                0x0000000008001c14                HAL_ADCEx_Calibration_Start
 .text.HAL_ADCEx_LevelOutOfWindow2Callback
                0x0000000008001df0       0x14 ./Drivers/STM32WBxx_HAL_Driver/stm32wbxx_hal_adc_ex.o
                0x0000000008001df0                HAL_ADCEx_LevelOutOfWindow2Callback
 .text.HAL_ADCEx_LevelOutOfWindow3Callback
                0x0000000008001e04       0x14 ./Drivers/STM32WBxx_HAL_Driver/stm32wbxx_hal_adc_ex.o
                0x0000000008001e04                HAL_ADCEx_LevelOutOfWindow3Callback
 .text.HAL_ADCEx_EndOfSamplingCallback
                0x0000000008001e18       0x14 ./Drivers/STM32WBxx_HAL_Driver/stm32wbxx_hal_adc_ex.o
                0x0000000008001e18                HAL_ADCEx_EndOfSamplingCallback
 .text.__NVIC_SetPriorityGrouping
                0x0000000008001e2c       0x48 ./Drivers/STM32WBxx_HAL_Driver/stm32wbxx_hal_cortex.o
 .text.__NVIC_GetPriorityGrouping
                0x0000000008001e74       0x1c ./Drivers/STM32WBxx_HAL_Driver/stm32wbxx_hal_cortex.o
 .text.__NVIC_EnableIRQ
                0x0000000008001e90       0x3c ./Drivers/STM32WBxx_HAL_Driver/stm32wbxx_hal_cortex.o
 .text.__NVIC_SetPriority
                0x0000000008001ecc       0x54 ./Drivers/STM32WBxx_HAL_Driver/stm32wbxx_hal_cortex.o
 .text.NVIC_EncodePriority
                0x0000000008001f20       0x66 ./Drivers/STM32WBxx_HAL_Driver/stm32wbxx_hal_cortex.o
 *fill*         0x0000000008001f86        0x2 
 .text.SysTick_Config
                0x0000000008001f88       0x44 ./Drivers/STM32WBxx_HAL_Driver/stm32wbxx_hal_cortex.o
 .text.HAL_NVIC_SetPriorityGrouping
                0x0000000008001fcc       0x16 ./Drivers/STM32WBxx_HAL_Driver/stm32wbxx_hal_cortex.o
                0x0000000008001fcc                HAL_NVIC_SetPriorityGrouping
 .text.HAL_NVIC_SetPriority
                0x0000000008001fe2       0x34 ./Drivers/STM32WBxx_HAL_Driver/stm32wbxx_hal_cortex.o
                0x0000000008001fe2                HAL_NVIC_SetPriority
 .text.HAL_NVIC_EnableIRQ
                0x0000000008002016       0x1c ./Drivers/STM32WBxx_HAL_Driver/stm32wbxx_hal_cortex.o
                0x0000000008002016                HAL_NVIC_EnableIRQ
 .text.HAL_SYSTICK_Config
                0x0000000008002032       0x18 ./Drivers/STM32WBxx_HAL_Driver/stm32wbxx_hal_cortex.o
                0x0000000008002032                HAL_SYSTICK_Config
 *fill*         0x000000000800204a        0x2 
 .text.HAL_DMA_Init
                0x000000000800204c      0x118 ./Drivers/STM32WBxx_HAL_Driver/stm32wbxx_hal_dma.o
                0x000000000800204c                HAL_DMA_Init
 .text.HAL_DMA_Start_IT
                0x0000000008002164       0xf6 ./Drivers/STM32WBxx_HAL_Driver/stm32wbxx_hal_dma.o
                0x0000000008002164                HAL_DMA_Start_IT
 .text.HAL_DMA_IRQHandler
                0x000000000800225a      0x15e ./Drivers/STM32WBxx_HAL_Driver/stm32wbxx_hal_dma.o
                0x000000000800225a                HAL_DMA_IRQHandler
 .text.DMA_SetConfig
                0x00000000080023b8       0x7c ./Drivers/STM32WBxx_HAL_Driver/stm32wbxx_hal_dma.o
 .text.DMA_CalcDMAMUXChannelBaseAndMask
                0x0000000008002434       0x58 ./Drivers/STM32WBxx_HAL_Driver/stm32wbxx_hal_dma.o
 .text.DMA_CalcDMAMUXRequestGenBaseAndMask
                0x000000000800248c       0x4c ./Drivers/STM32WBxx_HAL_Driver/stm32wbxx_hal_dma.o
 .text.HAL_GPIO_Init
                0x00000000080024d8      0x2d0 ./Drivers/STM32WBxx_HAL_Driver/stm32wbxx_hal_gpio.o
                0x00000000080024d8                HAL_GPIO_Init
 .text.HAL_GPIO_WritePin
                0x00000000080027a8       0x30 ./Drivers/STM32WBxx_HAL_Driver/stm32wbxx_hal_gpio.o
                0x00000000080027a8                HAL_GPIO_WritePin
 .text.HAL_GPIO_TogglePin
                0x00000000080027d8       0x34 ./Drivers/STM32WBxx_HAL_Driver/stm32wbxx_hal_gpio.o
                0x00000000080027d8                HAL_GPIO_TogglePin
 .text.HAL_PWR_EnableBkUpAccess
                0x000000000800280c       0x20 ./Drivers/STM32WBxx_HAL_Driver/stm32wbxx_hal_pwr.o
                0x000000000800280c                HAL_PWR_EnableBkUpAccess
 .text.LL_RCC_HSE_IsEnabledDiv2
                0x000000000800282c       0x24 ./Drivers/STM32WBxx_HAL_Driver/stm32wbxx_hal_rcc.o
 .text.LL_RCC_HSE_Enable
                0x0000000008002850       0x1e ./Drivers/STM32WBxx_HAL_Driver/stm32wbxx_hal_rcc.o
 .text.LL_RCC_HSE_Disable
                0x000000000800286e       0x1e ./Drivers/STM32WBxx_HAL_Driver/stm32wbxx_hal_rcc.o
 .text.LL_RCC_HSE_IsReady
                0x000000000800288c       0x24 ./Drivers/STM32WBxx_HAL_Driver/stm32wbxx_hal_rcc.o
 .text.LL_RCC_HSI_Enable
                0x00000000080028b0       0x1e ./Drivers/STM32WBxx_HAL_Driver/stm32wbxx_hal_rcc.o
 .text.LL_RCC_HSI_Disable
                0x00000000080028ce       0x1e ./Drivers/STM32WBxx_HAL_Driver/stm32wbxx_hal_rcc.o
 .text.LL_RCC_HSI_IsReady
                0x00000000080028ec       0x24 ./Drivers/STM32WBxx_HAL_Driver/stm32wbxx_hal_rcc.o
 .text.LL_RCC_HSI_SetCalibTrimming
                0x0000000008002910       0x2a ./Drivers/STM32WBxx_HAL_Driver/stm32wbxx_hal_rcc.o
 .text.LL_RCC_LSE_Enable
                0x000000000800293a       0x22 ./Drivers/STM32WBxx_HAL_Driver/stm32wbxx_hal_rcc.o
 .text.LL_RCC_LSE_Disable
                0x000000000800295c       0x22 ./Drivers/STM32WBxx_HAL_Driver/stm32wbxx_hal_rcc.o
 .text.LL_RCC_LSE_EnableBypass
                0x000000000800297e       0x22 ./Drivers/STM32WBxx_HAL_Driver/stm32wbxx_hal_rcc.o
 .text.LL_RCC_LSE_DisableBypass
                0x00000000080029a0       0x22 ./Drivers/STM32WBxx_HAL_Driver/stm32wbxx_hal_rcc.o
 .text.LL_RCC_LSE_IsReady
                0x00000000080029c2       0x24 ./Drivers/STM32WBxx_HAL_Driver/stm32wbxx_hal_rcc.o
 .text.LL_RCC_LSI1_Enable
                0x00000000080029e6       0x22 ./Drivers/STM32WBxx_HAL_Driver/stm32wbxx_hal_rcc.o
 .text.LL_RCC_LSI1_Disable
                0x0000000008002a08       0x22 ./Drivers/STM32WBxx_HAL_Driver/stm32wbxx_hal_rcc.o
 .text.LL_RCC_LSI1_IsReady
                0x0000000008002a2a       0x24 ./Drivers/STM32WBxx_HAL_Driver/stm32wbxx_hal_rcc.o
 .text.LL_RCC_LSI2_Enable
                0x0000000008002a4e       0x22 ./Drivers/STM32WBxx_HAL_Driver/stm32wbxx_hal_rcc.o
 .text.LL_RCC_LSI2_Disable
                0x0000000008002a70       0x22 ./Drivers/STM32WBxx_HAL_Driver/stm32wbxx_hal_rcc.o
 .text.LL_RCC_LSI2_IsReady
                0x0000000008002a92       0x24 ./Drivers/STM32WBxx_HAL_Driver/stm32wbxx_hal_rcc.o
 .text.LL_RCC_LSI2_SetTrimming
                0x0000000008002ab6       0x2e ./Drivers/STM32WBxx_HAL_Driver/stm32wbxx_hal_rcc.o
 .text.LL_RCC_MSI_Enable
                0x0000000008002ae4       0x1e ./Drivers/STM32WBxx_HAL_Driver/stm32wbxx_hal_rcc.o
 .text.LL_RCC_MSI_Disable
                0x0000000008002b02       0x1e ./Drivers/STM32WBxx_HAL_Driver/stm32wbxx_hal_rcc.o
 .text.LL_RCC_MSI_IsReady
                0x0000000008002b20       0x22 ./Drivers/STM32WBxx_HAL_Driver/stm32wbxx_hal_rcc.o
 .text.LL_RCC_MSI_SetRange
                0x0000000008002b42       0x28 ./Drivers/STM32WBxx_HAL_Driver/stm32wbxx_hal_rcc.o
 .text.LL_RCC_MSI_GetRange
                0x0000000008002b6a       0x2a ./Drivers/STM32WBxx_HAL_Driver/stm32wbxx_hal_rcc.o
 .text.LL_RCC_MSI_SetCalibTrimming
                0x0000000008002b94       0x2a ./Drivers/STM32WBxx_HAL_Driver/stm32wbxx_hal_rcc.o
 .text.LL_RCC_SetSysClkSource
                0x0000000008002bbe       0x28 ./Drivers/STM32WBxx_HAL_Driver/stm32wbxx_hal_rcc.o
 .text.LL_RCC_GetSysClkSource
                0x0000000008002be6       0x18 ./Drivers/STM32WBxx_HAL_Driver/stm32wbxx_hal_rcc.o
 .text.LL_RCC_SetAHBPrescaler
                0x0000000008002bfe       0x28 ./Drivers/STM32WBxx_HAL_Driver/stm32wbxx_hal_rcc.o
 .text.LL_C2_RCC_SetAHBPrescaler
                0x0000000008002c26       0x2c ./Drivers/STM32WBxx_HAL_Driver/stm32wbxx_hal_rcc.o
 .text.LL_RCC_SetAHB4Prescaler
                0x0000000008002c52       0x2e ./Drivers/STM32WBxx_HAL_Driver/stm32wbxx_hal_rcc.o
 .text.LL_RCC_SetAPB1Prescaler
                0x0000000008002c80       0x28 ./Drivers/STM32WBxx_HAL_Driver/stm32wbxx_hal_rcc.o
 .text.LL_RCC_SetAPB2Prescaler
                0x0000000008002ca8       0x28 ./Drivers/STM32WBxx_HAL_Driver/stm32wbxx_hal_rcc.o
 .text.LL_RCC_GetAHBPrescaler
                0x0000000008002cd0       0x18 ./Drivers/STM32WBxx_HAL_Driver/stm32wbxx_hal_rcc.o
 .text.LL_RCC_GetAHB4Prescaler
                0x0000000008002ce8       0x1c ./Drivers/STM32WBxx_HAL_Driver/stm32wbxx_hal_rcc.o
 .text.LL_RCC_PLL_Enable
                0x0000000008002d04       0x1e ./Drivers/STM32WBxx_HAL_Driver/stm32wbxx_hal_rcc.o
 .text.LL_RCC_PLL_Disable
                0x0000000008002d22       0x1e ./Drivers/STM32WBxx_HAL_Driver/stm32wbxx_hal_rcc.o
 .text.LL_RCC_PLL_IsReady
                0x0000000008002d40       0x24 ./Drivers/STM32WBxx_HAL_Driver/stm32wbxx_hal_rcc.o
 .text.LL_RCC_PLL_GetN
                0x0000000008002d64       0x1a ./Drivers/STM32WBxx_HAL_Driver/stm32wbxx_hal_rcc.o
 .text.LL_RCC_PLL_GetR
                0x0000000008002d7e       0x18 ./Drivers/STM32WBxx_HAL_Driver/stm32wbxx_hal_rcc.o
 .text.LL_RCC_PLL_GetDivider
                0x0000000008002d96       0x18 ./Drivers/STM32WBxx_HAL_Driver/stm32wbxx_hal_rcc.o
 .text.LL_RCC_PLL_GetMainSource
                0x0000000008002dae       0x18 ./Drivers/STM32WBxx_HAL_Driver/stm32wbxx_hal_rcc.o
 .text.LL_RCC_IsActiveFlag_HPRE
                0x0000000008002dc6       0x24 ./Drivers/STM32WBxx_HAL_Driver/stm32wbxx_hal_rcc.o
 .text.LL_RCC_IsActiveFlag_C2HPRE
                0x0000000008002dea       0x26 ./Drivers/STM32WBxx_HAL_Driver/stm32wbxx_hal_rcc.o
 .text.LL_RCC_IsActiveFlag_SHDHPRE
                0x0000000008002e10       0x26 ./Drivers/STM32WBxx_HAL_Driver/stm32wbxx_hal_rcc.o
 .text.LL_RCC_IsActiveFlag_PPRE1
                0x0000000008002e36       0x24 ./Drivers/STM32WBxx_HAL_Driver/stm32wbxx_hal_rcc.o
 .text.LL_RCC_IsActiveFlag_PPRE2
                0x0000000008002e5a       0x24 ./Drivers/STM32WBxx_HAL_Driver/stm32wbxx_hal_rcc.o
 *fill*         0x0000000008002e7e        0x2 
 .text.HAL_RCC_OscConfig
                0x0000000008002e80      0x66c ./Drivers/STM32WBxx_HAL_Driver/stm32wbxx_hal_rcc.o
                0x0000000008002e80                HAL_RCC_OscConfig
 .text.HAL_RCC_ClockConfig
                0x00000000080034ec      0x280 ./Drivers/STM32WBxx_HAL_Driver/stm32wbxx_hal_rcc.o
                0x00000000080034ec                HAL_RCC_ClockConfig
 .text.HAL_RCC_GetSysClockFreq
                0x000000000800376c       0xdc ./Drivers/STM32WBxx_HAL_Driver/stm32wbxx_hal_rcc.o
                0x000000000800376c                HAL_RCC_GetSysClockFreq
 .text.HAL_RCC_GetHCLKFreq
                0x0000000008003848       0x28 ./Drivers/STM32WBxx_HAL_Driver/stm32wbxx_hal_rcc.o
                0x0000000008003848                HAL_RCC_GetHCLKFreq
 .text.RCC_SetFlashLatencyFromMSIRange
                0x0000000008003870       0x6c ./Drivers/STM32WBxx_HAL_Driver/stm32wbxx_hal_rcc.o
 .text.RCC_SetFlashLatency
                0x00000000080038dc       0xa8 ./Drivers/STM32WBxx_HAL_Driver/stm32wbxx_hal_rcc.o
 .text.LL_RCC_LSE_IsEnabled
                0x0000000008003984       0x24 ./Drivers/STM32WBxx_HAL_Driver/stm32wbxx_hal_rcc_ex.o
 .text.LL_RCC_LSE_IsReady
                0x00000000080039a8       0x24 ./Drivers/STM32WBxx_HAL_Driver/stm32wbxx_hal_rcc_ex.o
 .text.LL_RCC_SetRFWKPClockSource
                0x00000000080039cc       0x2c ./Drivers/STM32WBxx_HAL_Driver/stm32wbxx_hal_rcc_ex.o
 .text.LL_RCC_SetSMPSClockSource
                0x00000000080039f8       0x28 ./Drivers/STM32WBxx_HAL_Driver/stm32wbxx_hal_rcc_ex.o
 .text.LL_RCC_SetSMPSPrescaler
                0x0000000008003a20       0x28 ./Drivers/STM32WBxx_HAL_Driver/stm32wbxx_hal_rcc_ex.o
 .text.LL_RCC_SetUSARTClockSource
                0x0000000008003a48       0x2c ./Drivers/STM32WBxx_HAL_Driver/stm32wbxx_hal_rcc_ex.o
 .text.LL_RCC_SetLPUARTClockSource
                0x0000000008003a74       0x2c ./Drivers/STM32WBxx_HAL_Driver/stm32wbxx_hal_rcc_ex.o
 .text.LL_RCC_SetI2CClockSource
                0x0000000008003aa0       0x3a ./Drivers/STM32WBxx_HAL_Driver/stm32wbxx_hal_rcc_ex.o
 .text.LL_RCC_SetLPTIMClockSource
                0x0000000008003ada       0x34 ./Drivers/STM32WBxx_HAL_Driver/stm32wbxx_hal_rcc_ex.o
 .text.LL_RCC_SetRNGClockSource
                0x0000000008003b0e       0x2c ./Drivers/STM32WBxx_HAL_Driver/stm32wbxx_hal_rcc_ex.o
 .text.LL_RCC_SetCLK48ClockSource
                0x0000000008003b3a       0x2c ./Drivers/STM32WBxx_HAL_Driver/stm32wbxx_hal_rcc_ex.o
 .text.LL_RCC_SetADCClockSource
                0x0000000008003b66       0x2c ./Drivers/STM32WBxx_HAL_Driver/stm32wbxx_hal_rcc_ex.o
 .text.LL_RCC_SetRTCClockSource
                0x0000000008003b92       0x2c ./Drivers/STM32WBxx_HAL_Driver/stm32wbxx_hal_rcc_ex.o
 .text.LL_RCC_GetRTCClockSource
                0x0000000008003bbe       0x1a ./Drivers/STM32WBxx_HAL_Driver/stm32wbxx_hal_rcc_ex.o
 .text.LL_RCC_ForceBackupDomainReset
                0x0000000008003bd8       0x22 ./Drivers/STM32WBxx_HAL_Driver/stm32wbxx_hal_rcc_ex.o
 .text.LL_RCC_ReleaseBackupDomainReset
                0x0000000008003bfa       0x22 ./Drivers/STM32WBxx_HAL_Driver/stm32wbxx_hal_rcc_ex.o
 .text.HAL_RCCEx_PeriphCLKConfig
                0x0000000008003c1c      0x1ec ./Drivers/STM32WBxx_HAL_Driver/stm32wbxx_hal_rcc_ex.o
                0x0000000008003c1c                HAL_RCCEx_PeriphCLKConfig
 .text.HAL_TIM_Base_Init
                0x0000000008003e08       0xae ./Drivers/STM32WBxx_HAL_Driver/stm32wbxx_hal_tim.o
                0x0000000008003e08                HAL_TIM_Base_Init
 *fill*         0x0000000008003eb6        0x2 
 .text.HAL_TIM_Base_Start
                0x0000000008003eb8       0x8c ./Drivers/STM32WBxx_HAL_Driver/stm32wbxx_hal_tim.o
                0x0000000008003eb8                HAL_TIM_Base_Start
 .text.HAL_TIM_ConfigClockSource
                0x0000000008003f44      0x192 ./Drivers/STM32WBxx_HAL_Driver/stm32wbxx_hal_tim.o
                0x0000000008003f44                HAL_TIM_ConfigClockSource
 *fill*         0x00000000080040d6        0x2 
 .text.TIM_Base_SetConfig
                0x00000000080040d8       0xa0 ./Drivers/STM32WBxx_HAL_Driver/stm32wbxx_hal_tim.o
                0x00000000080040d8                TIM_Base_SetConfig
 .text.TIM_TI1_ConfigInputStage
                0x0000000008004178       0x5e ./Drivers/STM32WBxx_HAL_Driver/stm32wbxx_hal_tim.o
 .text.TIM_TI2_ConfigInputStage
                0x00000000080041d6       0x60 ./Drivers/STM32WBxx_HAL_Driver/stm32wbxx_hal_tim.o
 .text.TIM_ITRx_SetConfig
                0x0000000008004236       0x3a ./Drivers/STM32WBxx_HAL_Driver/stm32wbxx_hal_tim.o
 .text.TIM_ETR_SetConfig
                0x0000000008004270       0x40 ./Drivers/STM32WBxx_HAL_Driver/stm32wbxx_hal_tim.o
                0x0000000008004270                TIM_ETR_SetConfig
 .text.HAL_TIMEx_MasterConfigSynchronization
                0x00000000080042b0       0xc0 ./Drivers/STM32WBxx_HAL_Driver/stm32wbxx_hal_tim_ex.o
                0x00000000080042b0                HAL_TIMEx_MasterConfigSynchronization
 .text.memset   0x0000000008004370       0x10 C:/ST/STM32CubeIDE_1.13.2/STM32CubeIDE/plugins/com.st.stm32cube.ide.mcu.externaltools.gnu-tools-for-stm32.11.3.rel1.win32_1.1.1.202309131626/tools/bin/../lib/gcc/arm-none-eabi/11.3.1/../../../../arm-none-eabi/lib/thumb/v7e-m+fp/hard\libc_nano.a(libc_a-memset.o)
                0x0000000008004370                memset
 .text.__libc_init_array
                0x0000000008004380       0x48 C:/ST/STM32CubeIDE_1.13.2/STM32CubeIDE/plugins/com.st.stm32cube.ide.mcu.externaltools.gnu-tools-for-stm32.11.3.rel1.win32_1.1.1.202309131626/tools/bin/../lib/gcc/arm-none-eabi/11.3.1/../../../../arm-none-eabi/lib/thumb/v7e-m+fp/hard\libc_nano.a(libc_a-init.o)
                0x0000000008004380                __libc_init_array
 *(.glue_7)
 .glue_7        0x00000000080043c8        0x0 linker stubs
 *(.glue_7t)
 .glue_7t       0x00000000080043c8        0x0 linker stubs
 *(.eh_frame)
 .eh_frame      0x00000000080043c8        0x0 C:/ST/STM32CubeIDE_1.13.2/STM32CubeIDE/plugins/com.st.stm32cube.ide.mcu.externaltools.gnu-tools-for-stm32.11.3.rel1.win32_1.1.1.202309131626/tools/bin/../lib/gcc/arm-none-eabi/11.3.1/thumb/v7e-m+fp/hard/crtbegin.o
 *(.init)
 .init          0x00000000080043c8        0x4 C:/ST/STM32CubeIDE_1.13.2/STM32CubeIDE/plugins/com.st.stm32cube.ide.mcu.externaltools.gnu-tools-for-stm32.11.3.rel1.win32_1.1.1.202309131626/tools/bin/../lib/gcc/arm-none-eabi/11.3.1/thumb/v7e-m+fp/hard/crti.o
                0x00000000080043c8                _init
 .init          0x00000000080043cc        0x8 C:/ST/STM32CubeIDE_1.13.2/STM32CubeIDE/plugins/com.st.stm32cube.ide.mcu.externaltools.gnu-tools-for-stm32.11.3.rel1.win32_1.1.1.202309131626/tools/bin/../lib/gcc/arm-none-eabi/11.3.1/thumb/v7e-m+fp/hard/crtn.o
 *(.fini)
 .fini          0x00000000080043d4        0x4 C:/ST/STM32CubeIDE_1.13.2/STM32CubeIDE/plugins/com.st.stm32cube.ide.mcu.externaltools.gnu-tools-for-stm32.11.3.rel1.win32_1.1.1.202309131626/tools/bin/../lib/gcc/arm-none-eabi/11.3.1/thumb/v7e-m+fp/hard/crti.o
                0x00000000080043d4                _fini
 .fini          0x00000000080043d8        0x8 C:/ST/STM32CubeIDE_1.13.2/STM32CubeIDE/plugins/com.st.stm32cube.ide.mcu.externaltools.gnu-tools-for-stm32.11.3.rel1.win32_1.1.1.202309131626/tools/bin/../lib/gcc/arm-none-eabi/11.3.1/thumb/v7e-m+fp/hard/crtn.o
                0x00000000080043e0                . = ALIGN (0x4)
                0x00000000080043e0                _etext = .

.vfp11_veneer   0x00000000080043e0        0x0
 .vfp11_veneer  0x00000000080043e0        0x0 linker stubs

.v4_bx          0x00000000080043e0        0x0
 .v4_bx         0x00000000080043e0        0x0 linker stubs

.iplt           0x00000000080043e0        0x0
 .iplt          0x00000000080043e0        0x0 C:/ST/STM32CubeIDE_1.13.2/STM32CubeIDE/plugins/com.st.stm32cube.ide.mcu.externaltools.gnu-tools-for-stm32.11.3.rel1.win32_1.1.1.202309131626/tools/bin/../lib/gcc/arm-none-eabi/11.3.1/thumb/v7e-m+fp/hard/crtbegin.o

.rodata         0x00000000080043e0       0xa8
                0x00000000080043e0                . = ALIGN (0x4)
 *(.rodata)
 .rodata        0x00000000080043e0       0x20 ./Drivers/STM32WBxx_HAL_Driver/stm32wbxx_hal_rcc.o
 *(.rodata*)
 .rodata.LED_PIN
                0x0000000008004400        0x6 ./Drivers/BSP/NUCLEO-WB15CC/nucleo_wb15cc.o
 *fill*         0x0000000008004406        0x2 
 .rodata.AHBPrescTable
                0x0000000008004408       0x40 ./Drivers/CMSIS/system_stm32wbxx.o
                0x0000000008004408                AHBPrescTable
 .rodata.MSIRangeTable
                0x0000000008004448       0x40 ./Drivers/CMSIS/system_stm32wbxx.o
                0x0000000008004448                MSIRangeTable
                0x0000000008004488                . = ALIGN (0x4)

.rel.dyn        0x0000000008004488        0x0
 .rel.iplt      0x0000000008004488        0x0 C:/ST/STM32CubeIDE_1.13.2/STM32CubeIDE/plugins/com.st.stm32cube.ide.mcu.externaltools.gnu-tools-for-stm32.11.3.rel1.win32_1.1.1.202309131626/tools/bin/../lib/gcc/arm-none-eabi/11.3.1/thumb/v7e-m+fp/hard/crtbegin.o

.ARM.extab
 *(.ARM.extab* .gnu.linkonce.armextab.*)

.ARM            0x0000000008004488        0x0
                0x0000000008004488                __exidx_start = .
 *(.ARM.exidx*)
                0x0000000008004488                __exidx_end = .

.preinit_array  0x0000000008004488        0x0
                0x0000000008004488                PROVIDE (__preinit_array_start = .)
 *(.preinit_array*)
                0x0000000008004488                PROVIDE (__preinit_array_end = .)

.init_array     0x0000000008004488        0x4
                0x0000000008004488                PROVIDE (__init_array_start = .)
 *(SORT_BY_NAME(.init_array.*))
 *(.init_array*)
 .init_array    0x0000000008004488        0x4 C:/ST/STM32CubeIDE_1.13.2/STM32CubeIDE/plugins/com.st.stm32cube.ide.mcu.externaltools.gnu-tools-for-stm32.11.3.rel1.win32_1.1.1.202309131626/tools/bin/../lib/gcc/arm-none-eabi/11.3.1/thumb/v7e-m+fp/hard/crtbegin.o
                0x000000000800448c                PROVIDE (__init_array_end = .)

.fini_array     0x000000000800448c        0x4
                [!provide]                        PROVIDE (__fini_array_start = .)
 *(SORT_BY_NAME(.fini_array.*))
 *(.fini_array*)
 .fini_array    0x000000000800448c        0x4 C:/ST/STM32CubeIDE_1.13.2/STM32CubeIDE/plugins/com.st.stm32cube.ide.mcu.externaltools.gnu-tools-for-stm32.11.3.rel1.win32_1.1.1.202309131626/tools/bin/../lib/gcc/arm-none-eabi/11.3.1/thumb/v7e-m+fp/hard/crtbegin.o
                [!provide]                        PROVIDE (__fini_array_end = .)
                0x0000000008004490                _sidata = LOADADDR (.data)

.data           0x0000000020000008       0x1c load address 0x0000000008004490
                0x0000000020000008                . = ALIGN (0x4)
                0x0000000020000008                _sdata = .
 *(.data)
 *(.data*)
 .data.ubDmaTransferStatus
                0x0000000020000008        0x1 ./Application/User/main.o
                0x0000000020000008                ubDmaTransferStatus
 *fill*         0x0000000020000009        0x3 
 .data.LED_PORT
                0x000000002000000c        0xc ./Drivers/BSP/NUCLEO-WB15CC/nucleo_wb15cc.o
 .data.SystemCoreClock
                0x0000000020000018        0x4 ./Drivers/CMSIS/system_stm32wbxx.o
                0x0000000020000018                SystemCoreClock
 .data.uwTickPrio
                0x000000002000001c        0x4 ./Drivers/STM32WBxx_HAL_Driver/stm32wbxx_hal.o
                0x000000002000001c                uwTickPrio
 .data.uwTickFreq
                0x0000000020000020        0x1 ./Drivers/STM32WBxx_HAL_Driver/stm32wbxx_hal.o
                0x0000000020000020                uwTickFreq
 *(.RamFunc)
 *(.RamFunc*)
                0x0000000020000024                . = ALIGN (0x4)
 *fill*         0x0000000020000021        0x3 
                0x0000000020000024                _edata = .

.igot.plt       0x0000000020000024        0x0 load address 0x00000000080044ac
 .igot.plt      0x0000000020000024        0x0 C:/ST/STM32CubeIDE_1.13.2/STM32CubeIDE/plugins/com.st.stm32cube.ide.mcu.externaltools.gnu-tools-for-stm32.11.3.rel1.win32_1.1.1.202309131626/tools/bin/../lib/gcc/arm-none-eabi/11.3.1/thumb/v7e-m+fp/hard/crtbegin.o
                0x0000000020000024                . = ALIGN (0x4)

.bss            0x0000000020000024      0x220 load address 0x00000000080044ac
                0x0000000020000024                _sbss = .
                0x0000000020000024                __bss_start__ = _sbss
 *(.bss)
 .bss           0x0000000020000024       0x1c C:/ST/STM32CubeIDE_1.13.2/STM32CubeIDE/plugins/com.st.stm32cube.ide.mcu.externaltools.gnu-tools-for-stm32.11.3.rel1.win32_1.1.1.202309131626/tools/bin/../lib/gcc/arm-none-eabi/11.3.1/thumb/v7e-m+fp/hard/crtbegin.o
 *(.bss*)
 .bss.hadc1     0x0000000020000040       0x54 ./Application/User/main.o
                0x0000000020000040                hadc1
 .bss.hdma_adc1
                0x0000000020000094       0x60 ./Application/User/main.o
                0x0000000020000094                hdma_adc1
 .bss.htim2     0x00000000200000f4       0x4c ./Application/User/main.o
                0x00000000200000f4                htim2
 .bss.uhADCxConvertedData
                0x0000000020000140       0x80 ./Application/User/main.o
                0x0000000020000140                uhADCxConvertedData
 .bss.uhADCxConvertedData_Voltage_mVolt
                0x00000000200001c0       0x80 ./Application/User/main.o
                0x00000000200001c0                uhADCxConvertedData_Voltage_mVolt
 .bss.uwTick    0x0000000020000240        0x4 ./Drivers/STM32WBxx_HAL_Driver/stm32wbxx_hal.o
                0x0000000020000240                uwTick
 *(COMMON)
                0x0000000020000244                . = ALIGN (0x4)
                0x0000000020000244                _ebss = .
                0x0000000020000244                __bss_end__ = _ebss

._user_heap_stack
                0x0000000020000244      0x604 load address 0x00000000080044ac
                0x0000000020000248                . = ALIGN (0x8)
 *fill*         0x0000000020000244        0x4 
                [!provide]                        PROVIDE (end = .)
                0x0000000020000248                PROVIDE (_end = .)
                0x0000000020000448                . = (. + _Min_Heap_Size)
 *fill*         0x0000000020000248      0x200 
                0x0000000020000848                . = (. + _Min_Stack_Size)
 *fill*         0x0000000020000448      0x400 
                0x0000000020000848                . = ALIGN (0x8)

/DISCARD/
 libc.a(*)
 libm.a(*)
 libgcc.a(*)

.ARM.attributes
                0x0000000000000000       0x30
 *(.ARM.attributes)
 .ARM.attributes
                0x0000000000000000       0x1e C:/ST/STM32CubeIDE_1.13.2/STM32CubeIDE/plugins/com.st.stm32cube.ide.mcu.externaltools.gnu-tools-for-stm32.11.3.rel1.win32_1.1.1.202309131626/tools/bin/../lib/gcc/arm-none-eabi/11.3.1/thumb/v7e-m+fp/hard/crti.o
 .ARM.attributes
                0x000000000000001e       0x34 C:/ST/STM32CubeIDE_1.13.2/STM32CubeIDE/plugins/com.st.stm32cube.ide.mcu.externaltools.gnu-tools-for-stm32.11.3.rel1.win32_1.1.1.202309131626/tools/bin/../lib/gcc/arm-none-eabi/11.3.1/thumb/v7e-m+fp/hard/crtbegin.o
 .ARM.attributes
                0x0000000000000052       0x21 ./Application/Startup/startup_stm32wb15ccux.o
 .ARM.attributes
                0x0000000000000073       0x34 ./Application/User/main.o
 .ARM.attributes
                0x00000000000000a7       0x34 ./Application/User/stm32wbxx_hal_msp.o
 .ARM.attributes
                0x00000000000000db       0x34 ./Application/User/stm32wbxx_it.o
 .ARM.attributes
                0x000000000000010f       0x34 ./Drivers/BSP/NUCLEO-WB15CC/nucleo_wb15cc.o
 .ARM.attributes
                0x0000000000000143       0x34 ./Drivers/CMSIS/system_stm32wbxx.o
 .ARM.attributes
                0x0000000000000177       0x34 ./Drivers/STM32WBxx_HAL_Driver/stm32wbxx_hal.o
 .ARM.attributes
                0x00000000000001ab       0x34 ./Drivers/STM32WBxx_HAL_Driver/stm32wbxx_hal_adc.o
 .ARM.attributes
                0x00000000000001df       0x34 ./Drivers/STM32WBxx_HAL_Driver/stm32wbxx_hal_adc_ex.o
 .ARM.attributes
                0x0000000000000213       0x34 ./Drivers/STM32WBxx_HAL_Driver/stm32wbxx_hal_cortex.o
 .ARM.attributes
                0x0000000000000247       0x34 ./Drivers/STM32WBxx_HAL_Driver/stm32wbxx_hal_dma.o
 .ARM.attributes
                0x000000000000027b       0x34 ./Drivers/STM32WBxx_HAL_Driver/stm32wbxx_hal_gpio.o
 .ARM.attributes
                0x00000000000002af       0x34 ./Drivers/STM32WBxx_HAL_Driver/stm32wbxx_hal_pwr.o
 .ARM.attributes
                0x00000000000002e3       0x34 ./Drivers/STM32WBxx_HAL_Driver/stm32wbxx_hal_rcc.o
 .ARM.attributes
                0x0000000000000317       0x34 ./Drivers/STM32WBxx_HAL_Driver/stm32wbxx_hal_rcc_ex.o
 .ARM.attributes
                0x000000000000034b       0x34 ./Drivers/STM32WBxx_HAL_Driver/stm32wbxx_hal_tim.o
 .ARM.attributes
                0x000000000000037f       0x34 ./Drivers/STM32WBxx_HAL_Driver/stm32wbxx_hal_tim_ex.o
 .ARM.attributes
                0x00000000000003b3       0x34 C:/ST/STM32CubeIDE_1.13.2/STM32CubeIDE/plugins/com.st.stm32cube.ide.mcu.externaltools.gnu-tools-for-stm32.11.3.rel1.win32_1.1.1.202309131626/tools/bin/../lib/gcc/arm-none-eabi/11.3.1/../../../../arm-none-eabi/lib/thumb/v7e-m+fp/hard\libc_nano.a(libc_a-memset.o)
 .ARM.attributes
                0x00000000000003e7       0x34 C:/ST/STM32CubeIDE_1.13.2/STM32CubeIDE/plugins/com.st.stm32cube.ide.mcu.externaltools.gnu-tools-for-stm32.11.3.rel1.win32_1.1.1.202309131626/tools/bin/../lib/gcc/arm-none-eabi/11.3.1/../../../../arm-none-eabi/lib/thumb/v7e-m+fp/hard\libc_nano.a(libc_a-init.o)
 .ARM.attributes
                0x000000000000041b       0x1e C:/ST/STM32CubeIDE_1.13.2/STM32CubeIDE/plugins/com.st.stm32cube.ide.mcu.externaltools.gnu-tools-for-stm32.11.3.rel1.win32_1.1.1.202309131626/tools/bin/../lib/gcc/arm-none-eabi/11.3.1/thumb/v7e-m+fp/hard/crtn.o

MAPPING_TABLE
 *(MAPPING_TABLE)

MB_MEM1
 *(MB_MEM1)

MB_MEM2         0x0000000020030000        0x0
                0x0000000020030000                _sMB_MEM2 = .
 *(MB_MEM2)
                0x0000000020030000                _eMB_MEM2 = .
OUTPUT(ADC_SingleConversion_TriggerTimer_DMA.elf elf32-littlearm)
LOAD linker stubs
LOAD C:/ST/STM32CubeIDE_1.13.2/STM32CubeIDE/plugins/com.st.stm32cube.ide.mcu.externaltools.gnu-tools-for-stm32.11.3.rel1.win32_1.1.1.202309131626/tools/bin/../lib/gcc/arm-none-eabi/11.3.1/../../../../arm-none-eabi/lib/thumb/v7e-m+fp/hard\libc.a
LOAD C:/ST/STM32CubeIDE_1.13.2/STM32CubeIDE/plugins/com.st.stm32cube.ide.mcu.externaltools.gnu-tools-for-stm32.11.3.rel1.win32_1.1.1.202309131626/tools/bin/../lib/gcc/arm-none-eabi/11.3.1/../../../../arm-none-eabi/lib/thumb/v7e-m+fp/hard\libm.a
LOAD C:/ST/STM32CubeIDE_1.13.2/STM32CubeIDE/plugins/com.st.stm32cube.ide.mcu.externaltools.gnu-tools-for-stm32.11.3.rel1.win32_1.1.1.202309131626/tools/bin/../lib/gcc/arm-none-eabi/11.3.1/thumb/v7e-m+fp/hard\libgcc.a

.comment        0x0000000000000000       0x43
 .comment       0x0000000000000000       0x43 C:/ST/STM32CubeIDE_1.13.2/STM32CubeIDE/plugins/com.st.stm32cube.ide.mcu.externaltools.gnu-tools-for-stm32.11.3.rel1.win32_1.1.1.202309131626/tools/bin/../lib/gcc/arm-none-eabi/11.3.1/thumb/v7e-m+fp/hard/crtbegin.o
                                         0x44 (size before relaxing)
 .comment       0x0000000000000043       0x44 ./Application/User/main.o
 .comment       0x0000000000000043       0x44 ./Application/User/stm32wbxx_hal_msp.o
 .comment       0x0000000000000043       0x44 ./Application/User/stm32wbxx_it.o
 .comment       0x0000000000000043       0x44 ./Drivers/BSP/NUCLEO-WB15CC/nucleo_wb15cc.o
 .comment       0x0000000000000043       0x44 ./Drivers/CMSIS/system_stm32wbxx.o
 .comment       0x0000000000000043       0x44 ./Drivers/STM32WBxx_HAL_Driver/stm32wbxx_hal.o
 .comment       0x0000000000000043       0x44 ./Drivers/STM32WBxx_HAL_Driver/stm32wbxx_hal_adc.o
 .comment       0x0000000000000043       0x44 ./Drivers/STM32WBxx_HAL_Driver/stm32wbxx_hal_adc_ex.o
 .comment       0x0000000000000043       0x44 ./Drivers/STM32WBxx_HAL_Driver/stm32wbxx_hal_cortex.o
 .comment       0x0000000000000043       0x44 ./Drivers/STM32WBxx_HAL_Driver/stm32wbxx_hal_dma.o
 .comment       0x0000000000000043       0x44 ./Drivers/STM32WBxx_HAL_Driver/stm32wbxx_hal_gpio.o
 .comment       0x0000000000000043       0x44 ./Drivers/STM32WBxx_HAL_Driver/stm32wbxx_hal_pwr.o
 .comment       0x0000000000000043       0x44 ./Drivers/STM32WBxx_HAL_Driver/stm32wbxx_hal_rcc.o
 .comment       0x0000000000000043       0x44 ./Drivers/STM32WBxx_HAL_Driver/stm32wbxx_hal_rcc_ex.o
 .comment       0x0000000000000043       0x44 ./Drivers/STM32WBxx_HAL_Driver/stm32wbxx_hal_tim.o
 .comment       0x0000000000000043       0x44 ./Drivers/STM32WBxx_HAL_Driver/stm32wbxx_hal_tim_ex.o

.debug_line     0x0000000000000000    0x123af
 .debug_line    0x0000000000000000       0x83 ./Application/Startup/startup_stm32wb15ccux.o
 .debug_line    0x0000000000000083      0xca3 ./Application/User/main.o
 .debug_line    0x0000000000000d26      0xabd ./Application/User/stm32wbxx_hal_msp.o
 .debug_line    0x00000000000017e3      0xa54 ./Application/User/stm32wbxx_it.o
 .debug_line    0x0000000000002237      0xb2f ./Drivers/BSP/NUCLEO-WB15CC/nucleo_wb15cc.o
 .debug_line    0x0000000000002d66      0x97f ./Drivers/CMSIS/system_stm32wbxx.o
 .debug_line    0x00000000000036e5      0xfa0 ./Drivers/STM32WBxx_HAL_Driver/stm32wbxx_hal.o
 .debug_line    0x0000000000004685     0x16b5 ./Drivers/STM32WBxx_HAL_Driver/stm32wbxx_hal_adc.o
 .debug_line    0x0000000000005d3a      0xbc0 ./Drivers/STM32WBxx_HAL_Driver/stm32wbxx_hal_adc_ex.o
 .debug_line    0x00000000000068fa      0xde9 ./Drivers/STM32WBxx_HAL_Driver/stm32wbxx_hal_cortex.o
 .debug_line    0x00000000000076e3      0xfa7 ./Drivers/STM32WBxx_HAL_Driver/stm32wbxx_hal_dma.o
 .debug_line    0x000000000000868a      0xcb4 ./Drivers/STM32WBxx_HAL_Driver/stm32wbxx_hal_gpio.o
 .debug_line    0x000000000000933e      0xb42 ./Drivers/STM32WBxx_HAL_Driver/stm32wbxx_hal_pwr.o
 .debug_line    0x0000000000009e80     0x17fe ./Drivers/STM32WBxx_HAL_Driver/stm32wbxx_hal_rcc.o
 .debug_line    0x000000000000b67e     0x150b ./Drivers/STM32WBxx_HAL_Driver/stm32wbxx_hal_rcc_ex.o
 .debug_line    0x000000000000cb89     0x3ac3 ./Drivers/STM32WBxx_HAL_Driver/stm32wbxx_hal_tim.o
 .debug_line    0x000000000001064c     0x1d63 ./Drivers/STM32WBxx_HAL_Driver/stm32wbxx_hal_tim_ex.o

.debug_line_str
                0x0000000000000000       0xd7
 .debug_line_str
                0x0000000000000000       0xd7 ./Application/Startup/startup_stm32wb15ccux.o
                                         0xef (size before relaxing)

.debug_info     0x0000000000000000    0x10a14
 .debug_info    0x0000000000000000       0x23 ./Application/Startup/startup_stm32wb15ccux.o
 .debug_info    0x0000000000000023     0x19a6 ./Application/User/main.o
 .debug_info    0x00000000000019c9     0x13f3 ./Application/User/stm32wbxx_hal_msp.o
 .debug_info    0x0000000000002dbc      0x80f ./Application/User/stm32wbxx_it.o
 .debug_info    0x00000000000035cb      0xc40 ./Drivers/BSP/NUCLEO-WB15CC/nucleo_wb15cc.o
 .debug_info    0x000000000000420b      0x705 ./Drivers/CMSIS/system_stm32wbxx.o
 .debug_info    0x0000000000004910     0x108c ./Drivers/STM32WBxx_HAL_Driver/stm32wbxx_hal.o
 .debug_info    0x000000000000599c     0x1451 ./Drivers/STM32WBxx_HAL_Driver/stm32wbxx_hal_adc.o
 .debug_info    0x0000000000006ded      0xb15 ./Drivers/STM32WBxx_HAL_Driver/stm32wbxx_hal_adc_ex.o
 .debug_info    0x0000000000007902      0xc1b ./Drivers/STM32WBxx_HAL_Driver/stm32wbxx_hal_cortex.o
 .debug_info    0x000000000000851d      0x852 ./Drivers/STM32WBxx_HAL_Driver/stm32wbxx_hal_dma.o
 .debug_info    0x0000000000008d6f      0x6aa ./Drivers/STM32WBxx_HAL_Driver/stm32wbxx_hal_gpio.o
 .debug_info    0x0000000000009419      0x906 ./Drivers/STM32WBxx_HAL_Driver/stm32wbxx_hal_pwr.o
 .debug_info    0x0000000000009d1f     0x1420 ./Drivers/STM32WBxx_HAL_Driver/stm32wbxx_hal_rcc.o
 .debug_info    0x000000000000b13f     0x14b1 ./Drivers/STM32WBxx_HAL_Driver/stm32wbxx_hal_rcc_ex.o
 .debug_info    0x000000000000c5f0     0x2ba3 ./Drivers/STM32WBxx_HAL_Driver/stm32wbxx_hal_tim.o
 .debug_info    0x000000000000f193     0x1881 ./Drivers/STM32WBxx_HAL_Driver/stm32wbxx_hal_tim_ex.o

.debug_abbrev   0x0000000000000000     0x2732
 .debug_abbrev  0x0000000000000000       0x12 ./Application/Startup/startup_stm32wb15ccux.o
 .debug_abbrev  0x0000000000000012      0x2ce ./Application/User/main.o
 .debug_abbrev  0x00000000000002e0      0x266 ./Application/User/stm32wbxx_hal_msp.o
 .debug_abbrev  0x0000000000000546      0x195 ./Application/User/stm32wbxx_it.o
 .debug_abbrev  0x00000000000006db      0x2a0 ./Drivers/BSP/NUCLEO-WB15CC/nucleo_wb15cc.o
 .debug_abbrev  0x000000000000097b      0x13b ./Drivers/CMSIS/system_stm32wbxx.o
 .debug_abbrev  0x0000000000000ab6      0x34c ./Drivers/STM32WBxx_HAL_Driver/stm32wbxx_hal.o
 .debug_abbrev  0x0000000000000e02      0x2b9 ./Drivers/STM32WBxx_HAL_Driver/stm32wbxx_hal_adc.o
 .debug_abbrev  0x00000000000010bb      0x212 ./Drivers/STM32WBxx_HAL_Driver/stm32wbxx_hal_adc_ex.o
 .debug_abbrev  0x00000000000012cd      0x319 ./Drivers/STM32WBxx_HAL_Driver/stm32wbxx_hal_cortex.o
 .debug_abbrev  0x00000000000015e6      0x1d1 ./Drivers/STM32WBxx_HAL_Driver/stm32wbxx_hal_dma.o
 .debug_abbrev  0x00000000000017b7      0x1e5 ./Drivers/STM32WBxx_HAL_Driver/stm32wbxx_hal_gpio.o
 .debug_abbrev  0x000000000000199c      0x205 ./Drivers/STM32WBxx_HAL_Driver/stm32wbxx_hal_pwr.o
 .debug_abbrev  0x0000000000001ba1      0x31d ./Drivers/STM32WBxx_HAL_Driver/stm32wbxx_hal_rcc.o
 .debug_abbrev  0x0000000000001ebe      0x342 ./Drivers/STM32WBxx_HAL_Driver/stm32wbxx_hal_rcc_ex.o
 .debug_abbrev  0x0000000000002200      0x28a ./Drivers/STM32WBxx_HAL_Driver/stm32wbxx_hal_tim.o
 .debug_abbrev  0x000000000000248a      0x2a8 ./Drivers/STM32WBxx_HAL_Driver/stm32wbxx_hal_tim_ex.o

.debug_aranges  0x0000000000000000     0x1398
 .debug_aranges
                0x0000000000000000       0x30 ./Application/Startup/startup_stm32wb15ccux.o
 .debug_aranges
                0x0000000000000030       0x88 ./Application/User/main.o
 .debug_aranges
                0x00000000000000b8       0x68 ./Application/User/stm32wbxx_hal_msp.o
 .debug_aranges
                0x0000000000000120       0x70 ./Application/User/stm32wbxx_it.o
 .debug_aranges
                0x0000000000000190       0x98 ./Drivers/BSP/NUCLEO-WB15CC/nucleo_wb15cc.o
 .debug_aranges
                0x0000000000000228       0x28 ./Drivers/CMSIS/system_stm32wbxx.o
 .debug_aranges
                0x0000000000000250      0x218 ./Drivers/STM32WBxx_HAL_Driver/stm32wbxx_hal.o
 .debug_aranges
                0x0000000000000468      0x1b0 ./Drivers/STM32WBxx_HAL_Driver/stm32wbxx_hal_adc.o
 .debug_aranges
                0x0000000000000618       0xa8 ./Drivers/STM32WBxx_HAL_Driver/stm32wbxx_hal_adc_ex.o
 .debug_aranges
                0x00000000000006c0      0x108 ./Drivers/STM32WBxx_HAL_Driver/stm32wbxx_hal_cortex.o
 .debug_aranges
                0x00000000000007c8       0x90 ./Drivers/STM32WBxx_HAL_Driver/stm32wbxx_hal_dma.o
 .debug_aranges
                0x0000000000000858       0x60 ./Drivers/STM32WBxx_HAL_Driver/stm32wbxx_hal_gpio.o
 .debug_aranges
                0x00000000000008b8       0xd0 ./Drivers/STM32WBxx_HAL_Driver/stm32wbxx_hal_pwr.o
 .debug_aranges
                0x0000000000000988      0x250 ./Drivers/STM32WBxx_HAL_Driver/stm32wbxx_hal_rcc.o
 .debug_aranges
                0x0000000000000bd8      0x250 ./Drivers/STM32WBxx_HAL_Driver/stm32wbxx_hal_rcc_ex.o
 .debug_aranges
                0x0000000000000e28      0x3e0 ./Drivers/STM32WBxx_HAL_Driver/stm32wbxx_hal_tim.o
 .debug_aranges
                0x0000000000001208      0x190 ./Drivers/STM32WBxx_HAL_Driver/stm32wbxx_hal_tim_ex.o

.debug_str      0x0000000000000000    0xc25bf
 .debug_str     0x0000000000000000       0xe3 ./Application/Startup/startup_stm32wb15ccux.o
 .debug_str     0x00000000000000e3    0xbd249 ./Application/User/main.o
                                      0xbe8f6 (size before relaxing)
 .debug_str     0x00000000000bd32c      0x1b7 ./Application/User/stm32wbxx_hal_msp.o
                                      0xbe3e4 (size before relaxing)
 .debug_str     0x00000000000bd4e3      0x1a5 ./Application/User/stm32wbxx_it.o
                                      0xbd992 (size before relaxing)
 .debug_str     0x00000000000bd688      0x309 ./Drivers/BSP/NUCLEO-WB15CC/nucleo_wb15cc.o
                                      0xb9aef (size before relaxing)
 .debug_str     0x00000000000bd991      0x1b8 ./Drivers/CMSIS/system_stm32wbxx.o
                                      0xb8a9e (size before relaxing)
 .debug_str     0x00000000000bdb49      0x8bd ./Drivers/STM32WBxx_HAL_Driver/stm32wbxx_hal.o
                                      0xb9629 (size before relaxing)
 .debug_str     0x00000000000be406      0x845 ./Drivers/STM32WBxx_HAL_Driver/stm32wbxx_hal_adc.o
                                      0xb958a (size before relaxing)
 .debug_str     0x00000000000bec4b      0x2db ./Drivers/STM32WBxx_HAL_Driver/stm32wbxx_hal_adc_ex.o
                                      0xb901e (size before relaxing)
 .debug_str     0x00000000000bef26      0x344 ./Drivers/STM32WBxx_HAL_Driver/stm32wbxx_hal_cortex.o
                                      0xb8f8e (size before relaxing)
 .debug_str     0x00000000000bf26a      0x2a8 ./Drivers/STM32WBxx_HAL_Driver/stm32wbxx_hal_dma.o
                                      0xb8cf7 (size before relaxing)
 .debug_str     0x00000000000bf512      0x170 ./Drivers/STM32WBxx_HAL_Driver/stm32wbxx_hal_gpio.o
                                      0xb8a09 (size before relaxing)
 .debug_str     0x00000000000bf682      0x669 ./Drivers/STM32WBxx_HAL_Driver/stm32wbxx_hal_pwr.o
                                      0xb8e93 (size before relaxing)
 .debug_str     0x00000000000bfceb      0xafe ./Drivers/STM32WBxx_HAL_Driver/stm32wbxx_hal_rcc.o
                                      0xb97c7 (size before relaxing)
 .debug_str     0x00000000000c07e9      0x80c ./Drivers/STM32WBxx_HAL_Driver/stm32wbxx_hal_rcc_ex.o
                                      0xb968f (size before relaxing)
 .debug_str     0x00000000000c0ff5      0xeb0 ./Drivers/STM32WBxx_HAL_Driver/stm32wbxx_hal_tim.o
                                      0xb9dab (size before relaxing)
 .debug_str     0x00000000000c1ea5      0x71a ./Drivers/STM32WBxx_HAL_Driver/stm32wbxx_hal_tim_ex.o
                                      0xb97ad (size before relaxing)

.debug_rnglists
                0x0000000000000000      0xef8
 .debug_rnglists
                0x0000000000000000       0x1f ./Application/Startup/startup_stm32wb15ccux.o
 .debug_rnglists
                0x000000000000001f       0x67 ./Application/User/main.o
 .debug_rnglists
                0x0000000000000086       0x4a ./Application/User/stm32wbxx_hal_msp.o
 .debug_rnglists
                0x00000000000000d0       0x4f ./Application/User/stm32wbxx_it.o
 .debug_rnglists
                0x000000000000011f       0x6e ./Drivers/BSP/NUCLEO-WB15CC/nucleo_wb15cc.o
 .debug_rnglists
                0x000000000000018d       0x1b ./Drivers/CMSIS/system_stm32wbxx.o
 .debug_rnglists
                0x00000000000001a8      0x18d ./Drivers/STM32WBxx_HAL_Driver/stm32wbxx_hal.o
 .debug_rnglists
                0x0000000000000335      0x14d ./Drivers/STM32WBxx_HAL_Driver/stm32wbxx_hal_adc.o
 .debug_rnglists
                0x0000000000000482       0x7b ./Drivers/STM32WBxx_HAL_Driver/stm32wbxx_hal_adc_ex.o
 .debug_rnglists
                0x00000000000004fd       0xc2 ./Drivers/STM32WBxx_HAL_Driver/stm32wbxx_hal_cortex.o
 .debug_rnglists
                0x00000000000005bf       0x71 ./Drivers/STM32WBxx_HAL_Driver/stm32wbxx_hal_dma.o
 .debug_rnglists
                0x0000000000000630       0x45 ./Drivers/STM32WBxx_HAL_Driver/stm32wbxx_hal_gpio.o
 .debug_rnglists
                0x0000000000000675       0x99 ./Drivers/STM32WBxx_HAL_Driver/stm32wbxx_hal_pwr.o
 .debug_rnglists
                0x000000000000070e      0x1be ./Drivers/STM32WBxx_HAL_Driver/stm32wbxx_hal_rcc.o
 .debug_rnglists
                0x00000000000008cc      0x1bd ./Drivers/STM32WBxx_HAL_Driver/stm32wbxx_hal_rcc_ex.o
 .debug_rnglists
                0x0000000000000a89      0x328 ./Drivers/STM32WBxx_HAL_Driver/stm32wbxx_hal_tim.o
 .debug_rnglists
                0x0000000000000db1      0x147 ./Drivers/STM32WBxx_HAL_Driver/stm32wbxx_hal_tim_ex.o

.debug_macro    0x0000000000000000    0x1dec5
 .debug_macro   0x0000000000000000      0x289 ./Application/User/main.o
 .debug_macro   0x0000000000000289      0xaa8 ./Application/User/main.o
 .debug_macro   0x0000000000000d31      0x130 ./Application/User/main.o
 .debug_macro   0x0000000000000e61       0x2e ./Application/User/main.o
 .debug_macro   0x0000000000000e8f       0x2e ./Application/User/main.o
 .debug_macro   0x0000000000000ebd       0x22 ./Application/User/main.o
 .debug_macro   0x0000000000000edf       0x8e ./Application/User/main.o
 .debug_macro   0x0000000000000f6d       0x51 ./Application/User/main.o
 .debug_macro   0x0000000000000fbe      0x103 ./Application/User/main.o
 .debug_macro   0x00000000000010c1       0x6a ./Application/User/main.o
 .debug_macro   0x000000000000112b      0x1df ./Application/User/main.o
 .debug_macro   0x000000000000130a       0x1c ./Application/User/main.o
 .debug_macro   0x0000000000001326       0x22 ./Application/User/main.o
 .debug_macro   0x0000000000001348       0xfb ./Application/User/main.o
 .debug_macro   0x0000000000001443     0x1011 ./Application/User/main.o
 .debug_macro   0x0000000000002454      0x11f ./Application/User/main.o
 .debug_macro   0x0000000000002573     0xeef9 ./Application/User/main.o
 .debug_macro   0x000000000001146c       0x6c ./Application/User/main.o
 .debug_macro   0x00000000000114d8     0x34c5 ./Application/User/main.o
 .debug_macro   0x000000000001499d      0x174 ./Application/User/main.o
 .debug_macro   0x0000000000014b11       0x5c ./Application/User/main.o
 .debug_macro   0x0000000000014b6d      0x331 ./Application/User/main.o
 .debug_macro   0x0000000000014e9e      0x286 ./Application/User/main.o
 .debug_macro   0x0000000000015124      0x2ce ./Application/User/main.o
 .debug_macro   0x00000000000153f2      0x17e ./Application/User/main.o
 .debug_macro   0x0000000000015570       0x43 ./Application/User/main.o
 .debug_macro   0x00000000000155b3      0xa6f ./Application/User/main.o
 .debug_macro   0x0000000000016022      0x52f ./Application/User/main.o
 .debug_macro   0x0000000000016551      0x129 ./Application/User/main.o
 .debug_macro   0x000000000001667a      0x236 ./Application/User/main.o
 .debug_macro   0x00000000000168b0      0x243 ./Application/User/main.o
 .debug_macro   0x0000000000016af3      0x4e8 ./Application/User/main.o
 .debug_macro   0x0000000000016fdb       0x2e ./Application/User/main.o
 .debug_macro   0x0000000000017009      0x100 ./Application/User/main.o
 .debug_macro   0x0000000000017109      0x1ba ./Application/User/main.o
 .debug_macro   0x00000000000172c3      0x16f ./Application/User/main.o
 .debug_macro   0x0000000000017432      0x304 ./Application/User/main.o
 .debug_macro   0x0000000000017736      0x11d ./Application/User/main.o
 .debug_macro   0x0000000000017853      0x13b ./Application/User/main.o
 .debug_macro   0x000000000001798e      0x402 ./Application/User/main.o
 .debug_macro   0x0000000000017d90      0x69f ./Application/User/main.o
 .debug_macro   0x000000000001842f      0x1b6 ./Application/User/main.o
 .debug_macro   0x00000000000185e5     0x1641 ./Application/User/main.o
 .debug_macro   0x0000000000019c26      0x32d ./Application/User/main.o
 .debug_macro   0x0000000000019f53      0xac9 ./Application/User/main.o
 .debug_macro   0x000000000001aa1c       0xa7 ./Application/User/main.o
 .debug_macro   0x000000000001aac3      0x3ed ./Application/User/main.o
 .debug_macro   0x000000000001aeb0      0x2d6 ./Application/User/main.o
 .debug_macro   0x000000000001b186       0x52 ./Application/User/main.o
 .debug_macro   0x000000000001b1d8       0x1c ./Application/User/main.o
 .debug_macro   0x000000000001b1f4      0x12a ./Application/User/main.o
 .debug_macro   0x000000000001b31e      0x847 ./Application/User/main.o
 .debug_macro   0x000000000001bb65       0x22 ./Application/User/main.o
 .debug_macro   0x000000000001bb87      0x26b ./Application/User/stm32wbxx_hal_msp.o
 .debug_macro   0x000000000001bdf2      0x275 ./Application/User/stm32wbxx_it.o
 .debug_macro   0x000000000001c067      0x259 ./Drivers/BSP/NUCLEO-WB15CC/nucleo_wb15cc.o
 .debug_macro   0x000000000001c2c0       0x16 ./Drivers/BSP/NUCLEO-WB15CC/nucleo_wb15cc.o
 .debug_macro   0x000000000001c2d6      0x23f ./Drivers/CMSIS/system_stm32wbxx.o
 .debug_macro   0x000000000001c515      0x250 ./Drivers/STM32WBxx_HAL_Driver/stm32wbxx_hal.o
 .debug_macro   0x000000000001c765      0x256 ./Drivers/STM32WBxx_HAL_Driver/stm32wbxx_hal_adc.o
 .debug_macro   0x000000000001c9bb      0x244 ./Drivers/STM32WBxx_HAL_Driver/stm32wbxx_hal_adc_ex.o
 .debug_macro   0x000000000001cbff      0x232 ./Drivers/STM32WBxx_HAL_Driver/stm32wbxx_hal_cortex.o
 .debug_macro   0x000000000001ce31      0x232 ./Drivers/STM32WBxx_HAL_Driver/stm32wbxx_hal_dma.o
 .debug_macro   0x000000000001d063      0x239 ./Drivers/STM32WBxx_HAL_Driver/stm32wbxx_hal_gpio.o
 .debug_macro   0x000000000001d29c      0x2a4 ./Drivers/STM32WBxx_HAL_Driver/stm32wbxx_hal_pwr.o
 .debug_macro   0x000000000001d540      0x29e ./Drivers/STM32WBxx_HAL_Driver/stm32wbxx_hal_rcc.o
 .debug_macro   0x000000000001d7de      0x26f ./Drivers/STM32WBxx_HAL_Driver/stm32wbxx_hal_rcc_ex.o
 .debug_macro   0x000000000001da4d      0x23a ./Drivers/STM32WBxx_HAL_Driver/stm32wbxx_hal_tim.o
 .debug_macro   0x000000000001dc87      0x23e ./Drivers/STM32WBxx_HAL_Driver/stm32wbxx_hal_tim_ex.o

.debug_frame    0x0000000000000000     0x5278
 .debug_frame   0x0000000000000000      0x200 ./Application/User/main.o
 .debug_frame   0x0000000000000200      0x188 ./Application/User/stm32wbxx_hal_msp.o
 .debug_frame   0x0000000000000388      0x144 ./Application/User/stm32wbxx_it.o
 .debug_frame   0x00000000000004cc      0x23c ./Drivers/BSP/NUCLEO-WB15CC/nucleo_wb15cc.o
 .debug_frame   0x0000000000000708       0x58 ./Drivers/CMSIS/system_stm32wbxx.o
 .debug_frame   0x0000000000000760      0x87c ./Drivers/STM32WBxx_HAL_Driver/stm32wbxx_hal.o
 .debug_frame   0x0000000000000fdc      0x7c8 ./Drivers/STM32WBxx_HAL_Driver/stm32wbxx_hal_adc.o
 .debug_frame   0x00000000000017a4      0x2d0 ./Drivers/STM32WBxx_HAL_Driver/stm32wbxx_hal_adc_ex.o
 .debug_frame   0x0000000000001a74      0x44c ./Drivers/STM32WBxx_HAL_Driver/stm32wbxx_hal_cortex.o
 .debug_frame   0x0000000000001ec0      0x24c ./Drivers/STM32WBxx_HAL_Driver/stm32wbxx_hal_dma.o
 .debug_frame   0x000000000000210c      0x174 ./Drivers/STM32WBxx_HAL_Driver/stm32wbxx_hal_gpio.o
 .debug_frame   0x0000000000002280      0x344 ./Drivers/STM32WBxx_HAL_Driver/stm32wbxx_hal_pwr.o
 .debug_frame   0x00000000000025c4      0x988 ./Drivers/STM32WBxx_HAL_Driver/stm32wbxx_hal_rcc.o
 .debug_frame   0x0000000000002f4c      0x9cc ./Drivers/STM32WBxx_HAL_Driver/stm32wbxx_hal_rcc_ex.o
 .debug_frame   0x0000000000003918     0x1218 ./Drivers/STM32WBxx_HAL_Driver/stm32wbxx_hal_tim.o
 .debug_frame   0x0000000000004b30      0x6fc ./Drivers/STM32WBxx_HAL_Driver/stm32wbxx_hal_tim_ex.o
 .debug_frame   0x000000000000522c       0x20 C:/ST/STM32CubeIDE_1.13.2/STM32CubeIDE/plugins/com.st.stm32cube.ide.mcu.externaltools.gnu-tools-for-stm32.11.3.rel1.win32_1.1.1.202309131626/tools/bin/../lib/gcc/arm-none-eabi/11.3.1/../../../../arm-none-eabi/lib/thumb/v7e-m+fp/hard\libc_nano.a(libc_a-memset.o)
 .debug_frame   0x000000000000524c       0x2c C:/ST/STM32CubeIDE_1.13.2/STM32CubeIDE/plugins/com.st.stm32cube.ide.mcu.externaltools.gnu-tools-for-stm32.11.3.rel1.win32_1.1.1.202309131626/tools/bin/../lib/gcc/arm-none-eabi/11.3.1/../../../../arm-none-eabi/lib/thumb/v7e-m+fp/hard\libc_nano.a(libc_a-init.o)
