Archive member included to satisfy reference by file (symbol)

C:/ST/STM32CubeIDE_1.13.2/STM32CubeIDE/plugins/com.st.stm32cube.ide.mcu.externaltools.gnu-tools-for-stm32.11.3.rel1.win32_1.1.1.202309131626/tools/bin/../lib/gcc/arm-none-eabi/11.3.1/../../../../arm-none-eabi/lib/thumb/v7e-m+fp/hard\libc_nano.a(libc_a-exit.o)
                              C:/ST/STM32CubeIDE_1.13.2/STM32CubeIDE/plugins/com.st.stm32cube.ide.mcu.externaltools.gnu-tools-for-stm32.11.3.rel1.win32_1.1.1.202309131626/tools/bin/../lib/gcc/arm-none-eabi/11.3.1/../../../../arm-none-eabi/lib/thumb/v7e-m+fp/hard/crt0.o (exit)
C:/ST/STM32CubeIDE_1.13.2/STM32CubeIDE/plugins/com.st.stm32cube.ide.mcu.externaltools.gnu-tools-for-stm32.11.3.rel1.win32_1.1.1.202309131626/tools/bin/../lib/gcc/arm-none-eabi/11.3.1/../../../../arm-none-eabi/lib/thumb/v7e-m+fp/hard\libc_nano.a(libc_a-nano-vfprintf_float.o)
                              (_printf_float)
C:/ST/STM32CubeIDE_1.13.2/STM32CubeIDE/plugins/com.st.stm32cube.ide.mcu.externaltools.gnu-tools-for-stm32.11.3.rel1.win32_1.1.1.202309131626/tools/bin/../lib/gcc/arm-none-eabi/11.3.1/../../../../arm-none-eabi/lib/thumb/v7e-m+fp/hard\libc_nano.a(libc_a-nano-vfprintf_i.o)
                              C:/ST/STM32CubeIDE_1.13.2/STM32CubeIDE/plugins/com.st.stm32cube.ide.mcu.externaltools.gnu-tools-for-stm32.11.3.rel1.win32_1.1.1.202309131626/tools/bin/../lib/gcc/arm-none-eabi/11.3.1/../../../../arm-none-eabi/lib/thumb/v7e-m+fp/hard\libc_nano.a(libc_a-nano-vfprintf_float.o) (_printf_common)
C:/ST/STM32CubeIDE_1.13.2/STM32CubeIDE/plugins/com.st.stm32cube.ide.mcu.externaltools.gnu-tools-for-stm32.11.3.rel1.win32_1.1.1.202309131626/tools/bin/../lib/gcc/arm-none-eabi/11.3.1/../../../../arm-none-eabi/lib/thumb/v7e-m+fp/hard\libc_nano.a(libc_a-findfp.o)
                              C:/ST/STM32CubeIDE_1.13.2/STM32CubeIDE/plugins/com.st.stm32cube.ide.mcu.externaltools.gnu-tools-for-stm32.11.3.rel1.win32_1.1.1.202309131626/tools/bin/../lib/gcc/arm-none-eabi/11.3.1/../../../../arm-none-eabi/lib/thumb/v7e-m+fp/hard\libc_nano.a(libc_a-exit.o) (__stdio_exit_handler)
C:/ST/STM32CubeIDE_1.13.2/STM32CubeIDE/plugins/com.st.stm32cube.ide.mcu.externaltools.gnu-tools-for-stm32.11.3.rel1.win32_1.1.1.202309131626/tools/bin/../lib/gcc/arm-none-eabi/11.3.1/../../../../arm-none-eabi/lib/thumb/v7e-m+fp/hard\libc_nano.a(libc_a-fwalk.o)
                              C:/ST/STM32CubeIDE_1.13.2/STM32CubeIDE/plugins/com.st.stm32cube.ide.mcu.externaltools.gnu-tools-for-stm32.11.3.rel1.win32_1.1.1.202309131626/tools/bin/../lib/gcc/arm-none-eabi/11.3.1/../../../../arm-none-eabi/lib/thumb/v7e-m+fp/hard\libc_nano.a(libc_a-findfp.o) (_fwalk_sglue)
C:/ST/STM32CubeIDE_1.13.2/STM32CubeIDE/plugins/com.st.stm32cube.ide.mcu.externaltools.gnu-tools-for-stm32.11.3.rel1.win32_1.1.1.202309131626/tools/bin/../lib/gcc/arm-none-eabi/11.3.1/../../../../arm-none-eabi/lib/thumb/v7e-m+fp/hard\libc_nano.a(libc_a-printf.o)
                              ./Middlewares/STM32_WPAN/dbg_trace.o (printf)
C:/ST/STM32CubeIDE_1.13.2/STM32CubeIDE/plugins/com.st.stm32cube.ide.mcu.externaltools.gnu-tools-for-stm32.11.3.rel1.win32_1.1.1.202309131626/tools/bin/../lib/gcc/arm-none-eabi/11.3.1/../../../../arm-none-eabi/lib/thumb/v7e-m+fp/hard\libc_nano.a(libc_a-stdio.o)
                              C:/ST/STM32CubeIDE_1.13.2/STM32CubeIDE/plugins/com.st.stm32cube.ide.mcu.externaltools.gnu-tools-for-stm32.11.3.rel1.win32_1.1.1.202309131626/tools/bin/../lib/gcc/arm-none-eabi/11.3.1/../../../../arm-none-eabi/lib/thumb/v7e-m+fp/hard\libc_nano.a(libc_a-findfp.o) (__sread)
C:/ST/STM32CubeIDE_1.13.2/STM32CubeIDE/plugins/com.st.stm32cube.ide.mcu.externaltools.gnu-tools-for-stm32.11.3.rel1.win32_1.1.1.202309131626/tools/bin/../lib/gcc/arm-none-eabi/11.3.1/../../../../arm-none-eabi/lib/thumb/v7e-m+fp/hard\libc_nano.a(libc_a-vprintf.o)
                              ./Middlewares/STM32_WPAN/dbg_trace.o (vprintf)
C:/ST/STM32CubeIDE_1.13.2/STM32CubeIDE/plugins/com.st.stm32cube.ide.mcu.externaltools.gnu-tools-for-stm32.11.3.rel1.win32_1.1.1.202309131626/tools/bin/../lib/gcc/arm-none-eabi/11.3.1/../../../../arm-none-eabi/lib/thumb/v7e-m+fp/hard\libc_nano.a(libc_a-memcmp.o)
                              ./Middlewares/STM32_WPAN/osal.o (memcmp)
C:/ST/STM32CubeIDE_1.13.2/STM32CubeIDE/plugins/com.st.stm32cube.ide.mcu.externaltools.gnu-tools-for-stm32.11.3.rel1.win32_1.1.1.202309131626/tools/bin/../lib/gcc/arm-none-eabi/11.3.1/../../../../arm-none-eabi/lib/thumb/v7e-m+fp/hard\libc_nano.a(libc_a-memset.o)
                              C:/ST/STM32CubeIDE_1.13.2/STM32CubeIDE/plugins/com.st.stm32cube.ide.mcu.externaltools.gnu-tools-for-stm32.11.3.rel1.win32_1.1.1.202309131626/tools/bin/../lib/gcc/arm-none-eabi/11.3.1/../../../../arm-none-eabi/lib/thumb/v7e-m+fp/hard/crt0.o (memset)
[...]
Memory Configuration

Name             Origin             Length             Attributes
FLASH            0x0000000008000000 0x0000000000018800 xr
RAM1             0x0000000020000008 0x0000000000002ff8 xrw
RAM_SHARED       0x0000000020030000 0x0000000000001000 xrw
*default*        0x0000000000000000 0xffffffffffffffff

Linker script and memory map

LOAD C:/ST/STM32CubeIDE_1.13.2/STM32CubeIDE/plugins/com.st.stm32cube.ide.mcu.externaltools.gnu-tools-for-stm32.11.3.rel1.win32_1.1.1.202309131626/tools/bin/../lib/gcc/arm-none-eabi/11.3.1/thumb/v7e-m+fp/hard/crti.o
LOAD C:/ST/STM32CubeIDE_1.13.2/STM32CubeIDE/plugins/com.st.stm32cube.ide.mcu.externaltools.gnu-tools-for-stm32.11.3.rel1.win32_1.1.1.202309131626/tools/bin/../lib/gcc/arm-none-eabi/11.3.1/thumb/v7e-m+fp/hard/crtbegin.o
LOAD C:/ST/STM32CubeIDE_1.13.2/STM32CubeIDE/plugins/com.st.stm32cube.ide.mcu.externaltools.gnu-tools-for-stm32.11.3.rel1.win32_1.1.1.202309131626/tools/bin/../lib/gcc/arm-none-eabi/11.3.1/../../../../arm-none-eabi/lib/thumb/v7e-m+fp/hard/crt0.o
LOAD ./Application/User/Core/app_debug.o
LOAD ./Application/User/Core/app_entry.o
LOAD ./Application/User/Core/hw_timerserver.o
LOAD ./Application/User/Core/hw_uart.o
LOAD ./Application/User/Core/main.o
LOAD ./Application/User/Core/standby.o
LOAD ./Application/User/Core/stm32_lpm_if.o
LOAD ./Application/User/Core/stm32wbxx_hal_msp.o
LOAD ./Application/User/Core/stm32wbxx_it.o
LOAD ./Application/User/Core/syscalls.o
LOAD ./Application/User/Core/sysmem.o
LOAD ./Application/User/STM32_WPAN/App/tm.o
LOAD ./Application/User/STM32_WPAN/Target/hw_ipcc.o
LOAD ./Application/User/Startup/startup_stm32wb15ccux.o
LOAD ./Drivers/BSP/NUCLEO-WB15CC/nucleo_wb15cc.o
LOAD ./Drivers/CMSIS/system_stm32wbxx.o
LOAD ./Drivers/STM32WBxx_HAL_Driver/stm32wbxx_hal.o
LOAD ./Drivers/STM32WBxx_HAL_Driver/stm32wbxx_hal_cortex.o
LOAD ./Drivers/STM32WBxx_HAL_Driver/stm32wbxx_hal_dma.o
LOAD ./Drivers/STM32WBxx_HAL_Driver/stm32wbxx_hal_dma_ex.o
LOAD ./Drivers/STM32WBxx_HAL_Driver/stm32wbxx_hal_exti.o
LOAD ./Drivers/STM32WBxx_HAL_Driver/stm32wbxx_hal_flash.o
LOAD ./Drivers/STM32WBxx_HAL_Driver/stm32wbxx_hal_flash_ex.o
LOAD ./Drivers/STM32WBxx_HAL_Driver/stm32wbxx_hal_gpio.o
LOAD ./Drivers/STM32WBxx_HAL_Driver/stm32wbxx_hal_hsem.o
LOAD ./Drivers/STM32WBxx_HAL_Driver/stm32wbxx_hal_ipcc.o
LOAD ./Drivers/STM32WBxx_HAL_Driver/stm32wbxx_hal_pwr.o
LOAD ./Drivers/STM32WBxx_HAL_Driver/stm32wbxx_hal_pwr_ex.o
LOAD ./Drivers/STM32WBxx_HAL_Driver/stm32wbxx_hal_rcc.o
LOAD ./Drivers/STM32WBxx_HAL_Driver/stm32wbxx_hal_rcc_ex.o
LOAD ./Drivers/STM32WBxx_HAL_Driver/stm32wbxx_hal_rtc.o
LOAD ./Drivers/STM32WBxx_HAL_Driver/stm32wbxx_hal_rtc_ex.o
LOAD ./Drivers/STM32WBxx_HAL_Driver/stm32wbxx_hal_tim.o
LOAD ./Drivers/STM32WBxx_HAL_Driver/stm32wbxx_hal_tim_ex.o
LOAD ./Drivers/STM32WBxx_HAL_Driver/stm32wbxx_hal_uart.o
LOAD ./Drivers/STM32WBxx_HAL_Driver/stm32wbxx_hal_uart_ex.o
LOAD ./Middlewares/STM32_WPAN/dbg_trace.o
LOAD ./Middlewares/STM32_WPAN/lhci.o
LOAD ./Middlewares/STM32_WPAN/osal.o
LOAD ./Middlewares/STM32_WPAN/otp.o
LOAD ./Middlewares/STM32_WPAN/shci.o
LOAD ./Middlewares/STM32_WPAN/stm_list.o
LOAD ./Middlewares/STM32_WPAN/stm_queue.o
LOAD ./Middlewares/STM32_WPAN/svc_ctl.o
LOAD ./Middlewares/STM32_WPAN/tl_mbox.o
LOAD ./Utilities/stm32_lpm.o
LOAD ./Utilities/stm32_seq.o
START GROUP
LOAD C:/ST/STM32CubeIDE_1.13.2/STM32CubeIDE/plugins/com.st.stm32cube.ide.mcu.externaltools.gnu-tools-for-stm32.11.3.rel1.win32_1.1.1.202309131626/tools/bin/../lib/gcc/arm-none-eabi/11.3.1/../../../../arm-none-eabi/lib/thumb/v7e-m+fp/hard\libc_nano.a
LOAD C:/ST/STM32CubeIDE_1.13.2/STM32CubeIDE/plugins/com.st.stm32cube.ide.mcu.externaltools.gnu-tools-for-stm32.11.3.rel1.win32_1.1.1.202309131626/tools/bin/../lib/gcc/arm-none-eabi/11.3.1/../../../../arm-none-eabi/lib/thumb/v7e-m+fp/hard\libm.a
END GROUP
START GROUP
LOAD C:/ST/STM32CubeIDE_1.13.2/STM32CubeIDE/plugins/com.st.stm32cube.ide.mcu.externaltools.gnu-tools-for-stm32.11.3.rel1.win32_1.1.1.202309131626/tools/bin/../lib/gcc/arm-none-eabi/11.3.1/thumb/v7e-m+fp/hard\libgcc.a
LOAD C:/ST/STM32CubeIDE_1.13.2/STM32CubeIDE/plugins/com.st.stm32cube.ide.mcu.externaltools.gnu-tools-for-stm32.11.3.rel1.win32_1.1.1.202309131626/tools/bin/../lib/gcc/arm-none-eabi/11.3.1/../../../../arm-none-eabi/lib/thumb/v7e-m+fp/hard\libc_nano.a
END GROUP
START GROUP
LOAD C:/ST/STM32CubeIDE_1.13.2/STM32CubeIDE/plugins/com.st.stm32cube.ide.mcu.externaltools.gnu-tools-for-stm32.11.3.rel1.win32_1.1.1.202309131626/tools/bin/../lib/gcc/arm-none-eabi/11.3.1/thumb/v7e-m+fp/hard\libgcc.a
LOAD C:/ST/STM32CubeIDE_1.13.2/STM32CubeIDE/plugins/com.st.stm32cube.ide.mcu.externaltools.gnu-tools-for-stm32.11.3.rel1.win32_1.1.1.202309131626/tools/bin/../lib/gcc/arm-none-eabi/11.3.1/../../../../arm-none-eabi/lib/thumb/v7e-m+fp/hard\libc_nano.a
LOAD C:/ST/STM32CubeIDE_1.13.2/STM32CubeIDE/plugins/com.st.stm32cube.ide.mcu.externaltools.gnu-tools-for-stm32.11.3.rel1.win32_1.1.1.202309131626/tools/bin/../lib/gcc/arm-none-eabi/11.3.1/../../../../arm-none-eabi/lib/thumb/v7e-m+fp/hard\libnosys.a
END GROUP
START GROUP
LOAD C:/ST/STM32CubeIDE_1.13.2/STM32CubeIDE/plugins/com.st.stm32cube.ide.mcu.externaltools.gnu-tools-for-stm32.11.3.rel1.win32_1.1.1.202309131626/tools/bin/../lib/gcc/arm-none-eabi/11.3.1/thumb/v7e-m+fp/hard\libgcc.a
LOAD C:/ST/STM32CubeIDE_1.13.2/STM32CubeIDE/plugins/com.st.stm32cube.ide.mcu.externaltools.gnu-tools-for-stm32.11.3.rel1.win32_1.1.1.202309131626/tools/bin/../lib/gcc/arm-none-eabi/11.3.1/../../../../arm-none-eabi/lib/thumb/v7e-m+fp/hard\libc_nano.a
LOAD C:/ST/STM32CubeIDE_1.13.2/STM32CubeIDE/plugins/com.st.stm32cube.ide.mcu.externaltools.gnu-tools-for-stm32.11.3.rel1.win32_1.1.1.202309131626/tools/bin/../lib/gcc/arm-none-eabi/11.3.1/../../../../arm-none-eabi/lib/thumb/v7e-m+fp/hard\libnosys.a
END GROUP
LOAD C:/ST/STM32CubeIDE_1.13.2/STM32CubeIDE/plugins/com.st.stm32cube.ide.mcu.externaltools.gnu-tools-for-stm32.11.3.rel1.win32_1.1.1.202309131626/tools/bin/../lib/gcc/arm-none-eabi/11.3.1/thumb/v7e-m+fp/hard/crtend.o
LOAD C:/ST/STM32CubeIDE_1.13.2/STM32CubeIDE/plugins/com.st.stm32cube.ide.mcu.externaltools.gnu-tools-for-stm32.11.3.rel1.win32_1.1.1.202309131626/tools/bin/../lib/gcc/arm-none-eabi/11.3.1/thumb/v7e-m+fp/hard/crtn.o
                0x0000000020003000                _estack = 0x20003000
                0x0000000000000400                _Min_Heap_Size = 0x400
                0x0000000000001000                _Min_Stack_Size = 0x1000

.isr_vector     0x0000000008000000      0x13c
                0x0000000008000000                . = ALIGN (0x4)
 *(.isr_vector)
 .isr_vector    0x0000000008000000      0x13c ./Application/User/Startup/startup_stm32wb15ccux.o
                0x0000000008000000                g_pfnVectors
                0x000000000800013c                . = ALIGN (0x4)

.text           0x0000000008000140     0xc3f8
                0x0000000008000140                . = ALIGN (0x4)
 *(.text)
 .text          0x0000000008000140       0x40 C:/ST/STM32CubeIDE_1.13.2/STM32CubeIDE/plugins/com.st.stm32cube.ide.mcu.externaltools.gnu-tools-for-stm32.11.3.rel1.win32_1.1.1.202309131626/tools/bin/../lib/gcc/arm-none-eabi/11.3.1/thumb/v7e-m+fp/hard/crtbegin.o
 .text          0x0000000008000180       0x14 C:/ST/STM32CubeIDE_1.13.2/STM32CubeIDE/plugins/com.st.stm32cube.ide.mcu.externaltools.gnu-tools-for-stm32.11.3.rel1.win32_1.1.1.202309131626/tools/bin/../lib/gcc/arm-none-eabi/11.3.1/../../../../arm-none-eabi/lib/thumb/v7e-m+fp/hard\libc_nano.a(libc_a-strcmp.o)
                0x0000000008000180                strcmp
 *fill*         0x0000000008000194        0xc 
 .text          0x00000000080001a0       0xa0 C:/ST/STM32CubeIDE_1.13.2/STM32CubeIDE/plugins/com.st.stm32cube.ide.mcu.externaltools.gnu-tools-for-stm32.11.3.rel1.win32_1.1.1.202309131626/tools/bin/../lib/gcc/arm-none-eabi/11.3.1/../../../../arm-none-eabi/lib/thumb/v7e-m+fp/hard\libc_nano.a(libc_a-memchr.o)
                0x00000000080001a0                memchr
 .text          0x0000000008000240       0x10 C:/ST/STM32CubeIDE_1.13.2/STM32CubeIDE/plugins/com.st.stm32cube.ide.mcu.externaltools.gnu-tools-for-stm32.11.3.rel1.win32_1.1.1.202309131626/tools/bin/../lib/gcc/arm-none-eabi/11.3.1/../../../../arm-none-eabi/lib/thumb/v7e-m+fp/hard\libc_nano.a(libc_a-strlen.o)
                0x0000000008000240                strlen
 .text          0x0000000008000250      0x378 C:/ST/STM32CubeIDE_1.13.2/STM32CubeIDE/plugins/com.st.stm32cube.ide.mcu.externaltools.gnu-tools-for-stm32.11.3.rel1.win32_1.1.1.202309131626/tools/bin/../lib/gcc/arm-none-eabi/11.3.1/thumb/v7e-m+fp/hard\libgcc.a(_arm_addsubdf3.o)
                0x0000000008000250                __aeabi_drsub
                0x0000000008000258                __aeabi_dsub
                0x0000000008000258                __subdf3
                0x000000000800025c                __aeabi_dadd
                0x000000000800025c                __adddf3
                0x00000000080004d4                __floatunsidf
                0x00000000080004d4                __aeabi_ui2d
                0x00000000080004f4                __floatsidf
                0x00000000080004f4                __aeabi_i2d
                0x0000000008000518                __aeabi_f2d
                0x0000000008000518                __extendsfdf2
                0x000000000800055c                __floatundidf
                0x000000000800055c                __aeabi_ul2d
                0x000000000800056c                __floatdidf
                0x000000000800056c                __aeabi_l2d
 .text          0x00000000080005c8      0x424 C:/ST/STM32CubeIDE_1.13.2/STM32CubeIDE/plugins/com.st.stm32cube.ide.mcu.externaltools.gnu-tools-for-stm32.11.3.rel1.win32_1.1.1.202309131626/tools/bin/../lib/gcc/arm-none-eabi/11.3.1/thumb/v7e-m+fp/hard\libgcc.a(_arm_muldivdf3.o)
                0x00000000080005c8                __aeabi_dmul
                0x00000000080005c8                __muldf3
                0x000000000800081c                __divdf3
                0x000000000800081c                __aeabi_ddiv
 .text          0x00000000080009ec      0x110 C:/ST/STM32CubeIDE_1.13.2/STM32CubeIDE/plugins/com.st.stm32cube.ide.mcu.externaltools.gnu-tools-for-stm32.11.3.rel1.win32_1.1.1.202309131626/tools/bin/../lib/gcc/arm-none-eabi/11.3.1/thumb/v7e-m+fp/hard\libgcc.a(_arm_cmpdf2.o)
                0x00000000080009ec                __gtdf2
                0x00000000080009ec                __gedf2
                0x00000000080009f4                __ltdf2
                0x00000000080009f4                __ledf2
                0x00000000080009fc                __nedf2
                0x00000000080009fc                __eqdf2
                0x00000000080009fc                __cmpdf2
                0x0000000008000a78                __aeabi_cdrcmple
                0x0000000008000a88                __aeabi_cdcmpeq
                0x0000000008000a88                __aeabi_cdcmple
                0x0000000008000a98                __aeabi_dcmpeq
                0x0000000008000aac                __aeabi_dcmplt
                0x0000000008000ac0                __aeabi_dcmple
                0x0000000008000ad4                __aeabi_dcmpge
                0x0000000008000ae8                __aeabi_dcmpgt
 .text          0x0000000008000afc       0x2c C:/ST/STM32CubeIDE_1.13.2/STM32CubeIDE/plugins/com.st.stm32cube.ide.mcu.externaltools.gnu-tools-for-stm32.11.3.rel1.win32_1.1.1.202309131626/tools/bin/../lib/gcc/arm-none-eabi/11.3.1/thumb/v7e-m+fp/hard\libgcc.a(_arm_unorddf2.o)
                0x0000000008000afc                __unorddf2
                0x0000000008000afc                __aeabi_dcmpun
 .text          0x0000000008000b28       0x50 C:/ST/STM32CubeIDE_1.13.2/STM32CubeIDE/plugins/com.st.stm32cube.ide.mcu.externaltools.gnu-tools-for-stm32.11.3.rel1.win32_1.1.1.202309131626/tools/bin/../lib/gcc/arm-none-eabi/11.3.1/thumb/v7e-m+fp/hard\libgcc.a(_arm_fixdfsi.o)
                0x0000000008000b28                __aeabi_d2iz
                0x0000000008000b28                __fixdfsi
 .text          0x0000000008000b78       0x30 C:/ST/STM32CubeIDE_1.13.2/STM32CubeIDE/plugins/com.st.stm32cube.ide.mcu.externaltools.gnu-tools-for-stm32.11.3.rel1.win32_1.1.1.202309131626/tools/bin/../lib/gcc/arm-none-eabi/11.3.1/thumb/v7e-m+fp/hard\libgcc.a(_aeabi_uldivmod.o)
                0x0000000008000b78                __aeabi_uldivmod
 .text          0x0000000008000ba8      0x2c8 C:/ST/STM32CubeIDE_1.13.2/STM32CubeIDE/plugins/com.st.stm32cube.ide.mcu.externaltools.gnu-tools-for-stm32.11.3.rel1.win32_1.1.1.202309131626/tools/bin/../lib/gcc/arm-none-eabi/11.3.1/thumb/v7e-m+fp/hard\libgcc.a(_udivmoddi4.o)
                0x0000000008000ba8                __udivmoddi4
 .text          0x0000000008000e70        0x4 C:/ST/STM32CubeIDE_1.13.2/STM32CubeIDE/plugins/com.st.stm32cube.ide.mcu.externaltools.gnu-tools-for-stm32.11.3.rel1.win32_1.1.1.202309131626/tools/bin/../lib/gcc/arm-none-eabi/11.3.1/thumb/v7e-m+fp/hard\libgcc.a(_dvmd_tls.o)
                0x0000000008000e70                __aeabi_idiv0
                0x0000000008000e70                __aeabi_ldiv0
 *(.text*)
 .text.LL_AHB2_GRP1_EnableClock
                0x0000000008000e74       0x32 ./Application/User/Core/app_debug.o
 .text.LL_AHB2_GRP1_DisableClock
                0x0000000008000ea6       0x26 ./Application/User/Core/app_debug.o
 .text.LL_C2_AHB2_GRP1_EnableClock
                0x0000000008000ecc       0x38 ./Application/User/Core/app_debug.o
 .text.APPD_Init
                0x0000000008000f04       0x74 ./Application/User/Core/app_debug.o
                0x0000000008000f04                APPD_Init
 .text.APPD_EnableCPU2
                0x0000000008000f78       0x38 ./Application/User/Core/app_debug.o
                0x0000000008000f78                APPD_EnableCPU2
 .text.APPD_SetCPU2GpioConfig
                0x0000000008000fb0      0x144 ./Application/User/Core/app_debug.o
 .text.APPD_BleDtbCfg
                0x00000000080010f4        0xe ./Application/User/Core/app_debug.o
 *fill*         0x0000000008001102        0x2 
 .text.LL_C2_PWR_SetPowerMode
                0x0000000008001104       0x2c ./Application/User/Core/app_entry.o
 .text.LL_EXTI_EnableIT_32_63
                0x0000000008001130       0x28 ./Application/User/Core/app_entry.o
 .text.LL_RCC_HSE_SetCapacitorTuning
                0x0000000008001158       0x3c ./Application/User/Core/app_entry.o
 .text.LL_RCC_SetClkAfterWakeFromStop
                0x0000000008001194       0x28 ./Application/User/Core/app_entry.o
 .text.LL_RTC_EnableWriteProtection
                0x00000000080011bc       0x1a ./Application/User/Core/app_entry.o
 .text.LL_RTC_DisableWriteProtection
                0x00000000080011d6       0x20 ./Application/User/Core/app_entry.o
 .text.LL_RTC_WAKEUP_SetClock
                0x00000000080011f6       0x26 ./Application/User/Core/app_entry.o
 .text.MX_APPE_Config
                0x000000000800121c       0x1c ./Application/User/Core/app_entry.o
                0x000000000800121c                MX_APPE_Config
 .text.MX_APPE_Init
                0x0000000008001238       0x38 ./Application/User/Core/app_entry.o
                0x0000000008001238                MX_APPE_Init
 .text.Init_Smps
                0x0000000008001270        0xe ./Application/User/Core/app_entry.o
                0x0000000008001270                Init_Smps
 .text.Init_Exti
                0x000000000800127e        0xe ./Application/User/Core/app_entry.o
                0x000000000800127e                Init_Exti
 .text.Reset_Device
                0x000000000800128c        0xe ./Application/User/Core/app_entry.o
 .text.Config_HSE
                0x000000000800129a       0x28 ./Application/User/Core/app_entry.o
 .text.System_Init
                0x00000000080012c2       0x14 ./Application/User/Core/app_entry.o
 *fill*         0x00000000080012d6        0x2 
 .text.Init_Rtc
                0x00000000080012d8       0x20 ./Application/User/Core/app_entry.o
 .text.SystemPower_Config
                0x00000000080012f8       0x1e ./Application/User/Core/app_entry.o
 *fill*         0x0000000008001316        0x2 
 .text.appe_Tl_Init
                0x0000000008001318       0x78 ./Application/User/Core/app_entry.o
 .text.APPE_SysUserEvtRx
                0x0000000008001390       0x24 ./Application/User/Core/app_entry.o
 .text.shci_user_evt_proc
                0x00000000080013b4       0x34 ./Application/User/Core/app_entry.o
 .text.APPE_Led_Init
                0x00000000080013e8       0x20 ./Application/User/Core/app_entry.o
                0x00000000080013e8                APPE_Led_Init
 .text.APPE_Button_Init
                0x0000000008001408       0x20 ./Application/User/Core/app_entry.o
                0x0000000008001408                APPE_Button_Init
 .text.MX_APPE_Process
                0x0000000008001428       0x10 ./Application/User/Core/app_entry.o
                0x0000000008001428                MX_APPE_Process
 .text.UTIL_SEQ_Idle
                0x0000000008001438        0xc ./Application/User/Core/app_entry.o
                0x0000000008001438                UTIL_SEQ_Idle
 .text.UTIL_SEQ_EvtIdle
                0x0000000008001444       0x1a ./Application/User/Core/app_entry.o
                0x0000000008001444                UTIL_SEQ_EvtIdle
 .text.HAL_GPIO_EXTI_Callback
                0x000000000800145e       0x20 ./Application/User/Core/app_entry.o
                0x000000000800145e                HAL_GPIO_EXTI_Callback
 *fill*         0x000000000800147e        0x2 
 .text.RxUART_Init
                0x0000000008001480       0x1c ./Application/User/Core/app_entry.o
 .text.RxCpltCallback
                0x000000000800149c       0x64 ./Application/User/Core/app_entry.o
 .text.UartCmdExecute
                0x0000000008001500       0x78 ./Application/User/Core/app_entry.o
 .text.LL_EXTI_EnableIT_0_31
                0x0000000008001578       0x28 ./Application/User/Core/hw_timerserver.o
 .text.LL_EXTI_EnableRisingTrig_0_31
                0x00000000080015a0       0x24 ./Application/User/Core/hw_timerserver.o
 .text.ReadRtcSsrValue
                0x00000000080015c4       0x40 ./Application/User/Core/hw_timerserver.o
 .text.LinkTimerAfter
                0x0000000008001604       0x8c ./Application/User/Core/hw_timerserver.o
 .text.LinkTimerBefore
                0x0000000008001690       0xc0 ./Application/User/Core/hw_timerserver.o
 .text.linkTimer
                0x0000000008001750      0x154 ./Application/User/Core/hw_timerserver.o
 .text.UnlinkTimer
                0x00000000080018a4      0x108 ./Application/User/Core/hw_timerserver.o
 .text.ReturnTimeElapsed
                0x00000000080019ac       0x80 ./Application/User/Core/hw_timerserver.o
 .text.RestartWakeupCounter
                0x0000000008001a2c       0xb0 ./Application/User/Core/hw_timerserver.o
 .text.RescheduleTimerList
                0x0000000008001adc      0x134 ./Application/User/Core/hw_timerserver.o
 .text.HW_TS_RTC_Wakeup_Handler
                0x0000000008001c10      0x190 ./Application/User/Core/hw_timerserver.o
                0x0000000008001c10                HW_TS_RTC_Wakeup_Handler
 .text.HW_TS_Init
                0x0000000008001da0      0x1b4 ./Application/User/Core/hw_timerserver.o
                0x0000000008001da0                HW_TS_Init
 .text.HW_TS_Stop
                0x0000000008001f54      0x108 ./Application/User/Core/hw_timerserver.o
                0x0000000008001f54                HW_TS_Stop
 .text.HW_TS_Start
                0x000000000800205c      0x10c ./Application/User/Core/hw_timerserver.o
                0x000000000800205c                HW_TS_Start
 .text.HW_TS_RTC_Int_AppNot
                0x0000000008002168       0x1a ./Application/User/Core/hw_timerserver.o
                0x0000000008002168                HW_TS_RTC_Int_AppNot
 *fill*         0x0000000008002182        0x2 
 .text.HW_UART_Receive_IT
                0x0000000008002184       0x48 ./Application/User/Core/hw_uart.o
                0x0000000008002184                HW_UART_Receive_IT
 .text.HW_UART_Transmit_IT
                0x00000000080021cc       0x48 ./Application/User/Core/hw_uart.o
                0x00000000080021cc                HW_UART_Transmit_IT
 .text.HAL_UART_RxCpltCallback
                0x0000000008002214       0x3c ./Application/User/Core/hw_uart.o
                0x0000000008002214                HAL_UART_RxCpltCallback
 .text.HAL_UART_TxCpltCallback
                0x0000000008002250       0x3c ./Application/User/Core/hw_uart.o
                0x0000000008002250                HAL_UART_TxCpltCallback
 .text.LL_RCC_LSE_SetDriveCapability
                0x000000000800228c       0x2c ./Application/User/Core/main.o
 .text.LL_AHB1_GRP1_EnableClock
                0x00000000080022b8       0x32 ./Application/User/Core/main.o
 .text.LL_AHB2_GRP1_EnableClock
                0x00000000080022ea       0x32 ./Application/User/Core/main.o
 .text.main     0x000000000800231c       0x32 ./Application/User/Core/main.o
                0x000000000800231c                main
 .text.SystemClock_Config
                0x000000000800234e       0x98 ./Application/User/Core/main.o
                0x000000000800234e                SystemClock_Config
 .text.PeriphCommonClock_Config
                0x00000000080023e6       0x40 ./Application/User/Core/main.o
                0x00000000080023e6                PeriphCommonClock_Config
 *fill*         0x0000000008002426        0x2 
 .text.MX_IPCC_Init
                0x0000000008002428       0x28 ./Application/User/Core/main.o
                0x0000000008002428                MX_IPCC_Init
 .text.MX_RTC_Init
                0x0000000008002450       0x60 ./Application/User/Core/main.o
                0x0000000008002450                MX_RTC_Init
 .text.MX_USART1_UART_Init
                0x00000000080024b0       0x9c ./Application/User/Core/main.o
                0x00000000080024b0                MX_USART1_UART_Init
 .text.MX_DMA_Init
                0x000000000800254c       0x24 ./Application/User/Core/main.o
                0x000000000800254c                MX_DMA_Init
 .text.MX_GPIO_Init
                0x0000000008002570       0x14 ./Application/User/Core/main.o
                0x0000000008002570                MX_GPIO_Init
 .text.Error_Handler
                0x0000000008002584        0xe ./Application/User/Core/main.o
                0x0000000008002584                Error_Handler
 *fill*         0x0000000008002592        0x2 
 .text.LL_PWR_SetPowerMode
                0x0000000008002594       0x28 ./Application/User/Core/stm32_lpm_if.o
 .text.LL_PWR_ClearFlag_WU
                0x00000000080025bc       0x18 ./Application/User/Core/stm32_lpm_if.o
 .text.LL_PWR_IsActiveFlag_C2SB
                0x00000000080025d4       0x28 ./Application/User/Core/stm32_lpm_if.o
 .text.LL_PWR_IsActiveFlag_C2DS
                0x00000000080025fc       0x28 ./Application/User/Core/stm32_lpm_if.o
 .text.LL_RCC_HSE_Enable
                0x0000000008002624       0x1e ./Application/User/Core/stm32_lpm_if.o
 .text.LL_RCC_HSE_IsReady
                0x0000000008002642       0x24 ./Application/User/Core/stm32_lpm_if.o
 .text.LL_RCC_HSI_Enable
                0x0000000008002666       0x1e ./Application/User/Core/stm32_lpm_if.o
 .text.LL_RCC_HSI_IsReady
                0x0000000008002684       0x24 ./Application/User/Core/stm32_lpm_if.o
 .text.LL_RCC_SetSysClkSource
                0x00000000080026a8       0x28 ./Application/User/Core/stm32_lpm_if.o
 .text.LL_RCC_GetSysClkSource
                0x00000000080026d0       0x18 ./Application/User/Core/stm32_lpm_if.o
 .text.LL_RCC_SetSMPSClockSource
                0x00000000080026e8       0x28 ./Application/User/Core/stm32_lpm_if.o
 .text.LL_RCC_ClearResetFlags
                0x0000000008002710       0x22 ./Application/User/Core/stm32_lpm_if.o
 *fill*         0x0000000008002732        0x2 
 .text.LL_LPM_EnableSleep
                0x0000000008002734       0x20 ./Application/User/Core/stm32_lpm_if.o
 .text.LL_LPM_EnableDeepSleep
                0x0000000008002754       0x20 ./Application/User/Core/stm32_lpm_if.o
 .text.LL_HSEM_1StepLock
                0x0000000008002774       0x30 ./Application/User/Core/stm32_lpm_if.o
 .text.LL_HSEM_ReleaseLock
                0x00000000080027a4       0x26 ./Application/User/Core/stm32_lpm_if.o
 .text.PWR_EnterOffMode
                0x00000000080027ca       0x22 ./Application/User/Core/stm32_lpm_if.o
                0x00000000080027ca                PWR_EnterOffMode
 .text.PWR_ExitOffMode
                0x00000000080027ec        0xe ./Application/User/Core/stm32_lpm_if.o
                0x00000000080027ec                PWR_ExitOffMode
 .text.PWR_EnterStopMode
                0x00000000080027fa       0x1c ./Application/User/Core/stm32_lpm_if.o
                0x00000000080027fa                PWR_EnterStopMode
 .text.PWR_ExitStopMode
                0x0000000008002816       0x10 ./Application/User/Core/stm32_lpm_if.o
                0x0000000008002816                PWR_ExitStopMode
 .text.PWR_EnterSleepMode
                0x0000000008002826       0x12 ./Application/User/Core/stm32_lpm_if.o
                0x0000000008002826                PWR_EnterSleepMode
 .text.PWR_ExitSleepMode
                0x0000000008002838        0xc ./Application/User/Core/stm32_lpm_if.o
                0x0000000008002838                PWR_ExitSleepMode
 .text.EnterLowPower
                0x0000000008002844       0x78 ./Application/User/Core/stm32_lpm_if.o
 .text.ExitLowPower
                0x00000000080028bc       0x70 ./Application/User/Core/stm32_lpm_if.o
 .text.Switch_On_HSI
                0x000000000800292c       0x30 ./Application/User/Core/stm32_lpm_if.o
 .text.LL_RCC_SetRTCClockSource
                0x000000000800295c       0x2c ./Application/User/Core/stm32wbxx_hal_msp.o
 .text.LL_RCC_EnableRTC
                0x0000000008002988       0x22 ./Application/User/Core/stm32wbxx_hal_msp.o
 .text.LL_AHB2_GRP1_EnableClock
                0x00000000080029aa       0x32 ./Application/User/Core/stm32wbxx_hal_msp.o
 .text.LL_AHB3_GRP1_EnableClock
                0x00000000080029dc       0x32 ./Application/User/Core/stm32wbxx_hal_msp.o
 .text.LL_APB1_GRP1_EnableClock
                0x0000000008002a0e       0x32 ./Application/User/Core/stm32wbxx_hal_msp.o
 .text.LL_APB2_GRP1_EnableClock
                0x0000000008002a40       0x32 ./Application/User/Core/stm32wbxx_hal_msp.o
 .text.HAL_MspInit
                0x0000000008002a72       0x20 ./Application/User/Core/stm32wbxx_hal_msp.o
                0x0000000008002a72                HAL_MspInit
 *fill*         0x0000000008002a92        0x2 
 .text.HAL_IPCC_MspInit
                0x0000000008002a94       0x48 ./Application/User/Core/stm32wbxx_hal_msp.o
                0x0000000008002a94                HAL_IPCC_MspInit
 .text.HAL_RTC_MspInit
                0x0000000008002adc       0x80 ./Application/User/Core/stm32wbxx_hal_msp.o
                0x0000000008002adc                HAL_RTC_MspInit
 .text.HAL_UART_MspInit
                0x0000000008002b5c       0xf4 ./Application/User/Core/stm32wbxx_hal_msp.o
                0x0000000008002b5c                HAL_UART_MspInit
 .text.NMI_Handler
                0x0000000008002c50        0x6 ./Application/User/Core/stm32wbxx_it.o
                0x0000000008002c50                NMI_Handler
 .text.HardFault_Handler
                0x0000000008002c56        0x6 ./Application/User/Core/stm32wbxx_it.o
                0x0000000008002c56                HardFault_Handler
 .text.MemManage_Handler
                0x0000000008002c5c        0x6 ./Application/User/Core/stm32wbxx_it.o
                0x0000000008002c5c                MemManage_Handler
 .text.BusFault_Handler
                0x0000000008002c62        0x6 ./Application/User/Core/stm32wbxx_it.o
                0x0000000008002c62                BusFault_Handler
 .text.UsageFault_Handler
                0x0000000008002c68        0x6 ./Application/User/Core/stm32wbxx_it.o
                0x0000000008002c68                UsageFault_Handler
 .text.SVC_Handler
                0x0000000008002c6e        0xe ./Application/User/Core/stm32wbxx_it.o
                0x0000000008002c6e                SVC_Handler
 .text.DebugMon_Handler
                0x0000000008002c7c        0xe ./Application/User/Core/stm32wbxx_it.o
                0x0000000008002c7c                DebugMon_Handler
 .text.PendSV_Handler
                0x0000000008002c8a        0xe ./Application/User/Core/stm32wbxx_it.o
                0x0000000008002c8a                PendSV_Handler
 .text.SysTick_Handler
                0x0000000008002c98        0xc ./Application/User/Core/stm32wbxx_it.o
                0x0000000008002c98                SysTick_Handler
 .text.RTC_WKUP_IRQHandler
                0x0000000008002ca4        0xc ./Application/User/Core/stm32wbxx_it.o
                0x0000000008002ca4                RTC_WKUP_IRQHandler
 .text.DMA1_Channel4_IRQHandler
                0x0000000008002cb0       0x14 ./Application/User/Core/stm32wbxx_it.o
                0x0000000008002cb0                DMA1_Channel4_IRQHandler
 .text.USART1_IRQHandler
                0x0000000008002cc4       0x14 ./Application/User/Core/stm32wbxx_it.o
                0x0000000008002cc4                USART1_IRQHandler
 .text.IPCC_C1_RX_IRQHandler
                0x0000000008002cd8        0xc ./Application/User/Core/stm32wbxx_it.o
                0x0000000008002cd8                IPCC_C1_RX_IRQHandler
 .text.IPCC_C1_TX_IRQHandler
                0x0000000008002ce4        0xc ./Application/User/Core/stm32wbxx_it.o
                0x0000000008002ce4                IPCC_C1_TX_IRQHandler
 .text.HSEM_IRQHandler
                0x0000000008002cf0        0xc ./Application/User/Core/stm32wbxx_it.o
                0x0000000008002cf0                HSEM_IRQHandler
 .text.EXTI0_IRQHandler
                0x0000000008002cfc        0xe ./Application/User/Core/stm32wbxx_it.o
                0x0000000008002cfc                EXTI0_IRQHandler
 .text.EXTI4_IRQHandler
                0x0000000008002d0a        0xe ./Application/User/Core/stm32wbxx_it.o
                0x0000000008002d0a                EXTI4_IRQHandler
 .text.EXTI9_5_IRQHandler
                0x0000000008002d18        0xe ./Application/User/Core/stm32wbxx_it.o
                0x0000000008002d18                EXTI9_5_IRQHandler
 .text._getpid  0x0000000008002d26       0x10 ./Application/User/Core/syscalls.o
                0x0000000008002d26                _getpid
 .text._kill    0x0000000008002d36       0x20 ./Application/User/Core/syscalls.o
                0x0000000008002d36                _kill
 .text._exit    0x0000000008002d56       0x14 ./Application/User/Core/syscalls.o
                0x0000000008002d56                _exit
 .text._read    0x0000000008002d6a       0x3a ./Application/User/Core/syscalls.o
                0x0000000008002d6a                _read
 .text._write   0x0000000008002da4       0x38 ./Application/User/Core/syscalls.o
                0x0000000008002da4                _write
 .text._close   0x0000000008002ddc       0x18 ./Application/User/Core/syscalls.o
                0x0000000008002ddc                _close
 .text._fstat   0x0000000008002df4       0x20 ./Application/User/Core/syscalls.o
                0x0000000008002df4                _fstat
 .text._isatty  0x0000000008002e14       0x16 ./Application/User/Core/syscalls.o
                0x0000000008002e14                _isatty
 .text._lseek   0x0000000008002e2a       0x1a ./Application/User/Core/syscalls.o
                0x0000000008002e2a                _lseek
 .text._sbrk    0x0000000008002e44       0x6c ./Application/User/Core/sysmem.o
                0x0000000008002e44                _sbrk
 .text.LL_DBGMCU_GetDeviceID
                0x0000000008002eb0       0x1c ./Application/User/STM32_WPAN/App/tm.o
 .text.LL_DBGMCU_GetRevisionID
                0x0000000008002ecc       0x1c ./Application/User/STM32_WPAN/App/tm.o
 .text.TM_Init  0x0000000008002ee8      0x1a0 ./Application/User/STM32_WPAN/App/tm.o
                0x0000000008002ee8                TM_Init
 .text.TM_SysCmdRspCb
                0x0000000008003088       0x40 ./Application/User/STM32_WPAN/App/tm.o
                0x0000000008003088                TM_SysCmdRspCb
 .text.TM_SetLowPowerMode
                0x00000000080030c8       0x40 ./Application/User/STM32_WPAN/App/tm.o
                0x00000000080030c8                TM_SetLowPowerMode
 .text.TM_TxToHost
                0x0000000008003108       0xb4 ./Application/User/STM32_WPAN/App/tm.o
 .text.TM_SysLocalCmd
                0x00000000080031bc       0x94 ./Application/User/STM32_WPAN/App/tm.o
 .text.RxCpltCallback
                0x0000000008003250      0x2a0 ./Application/User/STM32_WPAN/App/tm.o
 .text.HostTxCb
                0x00000000080034f0       0x68 ./Application/User/STM32_WPAN/App/tm.o
 .text.TM_BleEvtRx
                0x0000000008003558       0x24 ./Application/User/STM32_WPAN/App/tm.o
 .text.TM_AclDataAck
                0x000000000800357c        0xe ./Application/User/STM32_WPAN/App/tm.o
 *fill*         0x000000000800358a        0x2 
 .text.shci_send
                0x000000000800358c       0x88 ./Application/User/STM32_WPAN/App/tm.o
                0x000000000800358c                shci_send
 .text.LL_PWR_EnableBootC2
                0x0000000008003614       0x20 ./Application/User/STM32_WPAN/Target/hw_ipcc.o
 .text.LL_C2_EXTI_EnableEvent_32_63
                0x0000000008003634       0x28 ./Application/User/STM32_WPAN/Target/hw_ipcc.o
 .text.LL_EXTI_EnableRisingTrig_32_63
                0x000000000800365c       0x24 ./Application/User/STM32_WPAN/Target/hw_ipcc.o
 .text.LL_AHB3_GRP1_EnableClock
                0x0000000008003680       0x32 ./Application/User/STM32_WPAN/Target/hw_ipcc.o
 .text.LL_C2_AHB3_GRP1_EnableClock
                0x00000000080036b2       0x38 ./Application/User/STM32_WPAN/Target/hw_ipcc.o
 .text.LL_C1_IPCC_EnableIT_TXF
                0x00000000080036ea       0x20 ./Application/User/STM32_WPAN/Target/hw_ipcc.o
 .text.LL_C1_IPCC_EnableIT_RXO
                0x000000000800370a       0x20 ./Application/User/STM32_WPAN/Target/hw_ipcc.o
 .text.LL_C1_IPCC_EnableTransmitChannel
                0x000000000800372a       0x26 ./Application/User/STM32_WPAN/Target/hw_ipcc.o
 .text.LL_C1_IPCC_DisableTransmitChannel
                0x0000000008003750       0x24 ./Application/User/STM32_WPAN/Target/hw_ipcc.o
 .text.LL_C1_IPCC_EnableReceiveChannel
                0x0000000008003774       0x24 ./Application/User/STM32_WPAN/Target/hw_ipcc.o
 .text.LL_C1_IPCC_ClearFlag_CHx
                0x0000000008003798       0x1c ./Application/User/STM32_WPAN/Target/hw_ipcc.o
 .text.LL_C1_IPCC_SetFlag_CHx
                0x00000000080037b4       0x1e ./Application/User/STM32_WPAN/Target/hw_ipcc.o
 .text.LL_C1_IPCC_IsActiveFlag_CHx
                0x00000000080037d2       0x2a ./Application/User/STM32_WPAN/Target/hw_ipcc.o
 .text.LL_C2_IPCC_IsActiveFlag_CHx
                0x00000000080037fc       0x2a ./Application/User/STM32_WPAN/Target/hw_ipcc.o
 *fill*         0x0000000008003826        0x2 
 .text.HW_IPCC_Rx_Handler
                0x0000000008003828       0x6c ./Application/User/STM32_WPAN/Target/hw_ipcc.o
                0x0000000008003828                HW_IPCC_Rx_Handler
 .text.HW_IPCC_Tx_Handler
                0x0000000008003894       0x6c ./Application/User/STM32_WPAN/Target/hw_ipcc.o
                0x0000000008003894                HW_IPCC_Tx_Handler
 .text.HW_IPCC_Enable
                0x0000000008003900       0x28 ./Application/User/STM32_WPAN/Target/hw_ipcc.o
                0x0000000008003900                HW_IPCC_Enable
 .text.HW_IPCC_Init
                0x0000000008003928       0x2c ./Application/User/STM32_WPAN/Target/hw_ipcc.o
                0x0000000008003928                HW_IPCC_Init
 .text.HW_IPCC_BLE_Init
                0x0000000008003954       0x14 ./Application/User/STM32_WPAN/Target/hw_ipcc.o
                0x0000000008003954                HW_IPCC_BLE_Init
 .text.HW_IPCC_BLE_SendCmd
                0x0000000008003968       0x14 ./Application/User/STM32_WPAN/Target/hw_ipcc.o
                0x0000000008003968                HW_IPCC_BLE_SendCmd
 .text.HW_IPCC_BLE_EvtHandler
                0x000000000800397c       0x18 ./Application/User/STM32_WPAN/Target/hw_ipcc.o
 .text.HW_IPCC_BLE_SendAclData
                0x0000000008003994       0x1c ./Application/User/STM32_WPAN/Target/hw_ipcc.o
                0x0000000008003994                HW_IPCC_BLE_SendAclData
 .text.HW_IPCC_BLE_AclDataEvtHandler
                0x00000000080039b0       0x18 ./Application/User/STM32_WPAN/Target/hw_ipcc.o
 .text.HW_IPCC_SYS_Init
                0x00000000080039c8       0x14 ./Application/User/STM32_WPAN/Target/hw_ipcc.o
                0x00000000080039c8                HW_IPCC_SYS_Init
 .text.HW_IPCC_SYS_SendCmd
                0x00000000080039dc       0x1c ./Application/User/STM32_WPAN/Target/hw_ipcc.o
                0x00000000080039dc                HW_IPCC_SYS_SendCmd
 .text.HW_IPCC_SYS_CmdEvtHandler
                0x00000000080039f8       0x18 ./Application/User/STM32_WPAN/Target/hw_ipcc.o
 .text.HW_IPCC_SYS_EvtHandler
                0x0000000008003a10       0x18 ./Application/User/STM32_WPAN/Target/hw_ipcc.o
 .text.HW_IPCC_MM_SendFreeBuf
                0x0000000008003a28       0x44 ./Application/User/STM32_WPAN/Target/hw_ipcc.o
                0x0000000008003a28                HW_IPCC_MM_SendFreeBuf
 .text.HW_IPCC_MM_FreeBufHandler
                0x0000000008003a6c       0x28 ./Application/User/STM32_WPAN/Target/hw_ipcc.o
 .text.HW_IPCC_TRACES_Init
                0x0000000008003a94       0x14 ./Application/User/STM32_WPAN/Target/hw_ipcc.o
                0x0000000008003a94                HW_IPCC_TRACES_Init
 .text.HW_IPCC_TRACES_EvtHandler
                0x0000000008003aa8       0x18 ./Application/User/STM32_WPAN/Target/hw_ipcc.o
 .text.data_initializers
                0x0000000008003ac0       0x18 ./Application/User/Startup/startup_stm32wb15ccux.o
 .text.Reset_Handler
                0x0000000008003ad8       0x54 ./Application/User/Startup/startup_stm32wb15ccux.o
                0x0000000008003ad8                Reset_Handler
 .text.Default_Handler
                0x0000000008003b2c        0x2 ./Application/User/Startup/startup_stm32wb15ccux.o
                0x0000000008003b2c                RTC_Alarm_IRQHandler
                0x0000000008003b2c                EXTI2_IRQHandler
                0x0000000008003b2c                TIM1_CC_IRQHandler
                0x0000000008003b2c                TSC_IRQHandler
                0x0000000008003b2c                EXTI3_IRQHandler
                0x0000000008003b2c                LPTIM2_IRQHandler
                0x0000000008003b2c                FPU_IRQHandler
                0x0000000008003b2c                SPI1_IRQHandler
                0x0000000008003b2c                ADC1_IRQHandler
                0x0000000008003b2c                PWR_SOTF_BLEACT_RFPHASE_IRQHandler
                0x0000000008003b2c                PKA_IRQHandler
                0x0000000008003b2c                DMA1_Channel7_IRQHandler
                0x0000000008003b2c                I2C1_EV_IRQHandler
                0x0000000008003b2c                DMAMUX1_OVR_IRQHandler
                0x0000000008003b2c                DMA1_Channel6_IRQHandler
                0x0000000008003b2c                RCC_IRQHandler
                0x0000000008003b2c                TIM1_TRG_COM_IRQHandler
                0x0000000008003b2c                DMA1_Channel1_IRQHandler
                0x0000000008003b2c                Default_Handler
                0x0000000008003b2c                EXTI15_10_IRQHandler
                0x0000000008003b2c                C2SEV_PWR_C2H_IRQHandler
                0x0000000008003b2c                AES2_IRQHandler
                0x0000000008003b2c                PVD_PVM_IRQHandler
                0x0000000008003b2c                DMA1_Channel5_IRQHandler
                0x0000000008003b2c                RNG_IRQHandler
                0x0000000008003b2c                TAMP_STAMP_LSECSS_IRQHandler
                0x0000000008003b2c                DMA1_Channel3_IRQHandler
                0x0000000008003b2c                COMP_IRQHandler
                0x0000000008003b2c                TIM1_UP_IRQHandler
                0x0000000008003b2c                WWDG_IRQHandler
                0x0000000008003b2c                LPUART1_IRQHandler
                0x0000000008003b2c                TIM2_IRQHandler
                0x0000000008003b2c                TIM1_BRK_IRQHandler
                0x0000000008003b2c                EXTI1_IRQHandler
                0x0000000008003b2c                DMA1_Channel2_IRQHandler
                0x0000000008003b2c                FLASH_IRQHandler
                0x0000000008003b2c                I2C1_ER_IRQHandler
                0x0000000008003b2c                LPTIM1_IRQHandler
 .text.LL_AHB2_GRP1_EnableClock
                0x0000000008003b2e       0x32 ./Drivers/BSP/NUCLEO-WB15CC/nucleo_wb15cc.o
 .text.BSP_LED_Init
                0x0000000008003b60       0x74 ./Drivers/BSP/NUCLEO-WB15CC/nucleo_wb15cc.o
                0x0000000008003b60                BSP_LED_Init
 .text.BSP_LED_On
                0x0000000008003bd4       0x34 ./Drivers/BSP/NUCLEO-WB15CC/nucleo_wb15cc.o
                0x0000000008003bd4                BSP_LED_On
 .text.BSP_LED_Off
                0x0000000008003c08       0x34 ./Drivers/BSP/NUCLEO-WB15CC/nucleo_wb15cc.o
                0x0000000008003c08                BSP_LED_Off
 .text.BSP_PB_Init
                0x0000000008003c3c      0x10c ./Drivers/BSP/NUCLEO-WB15CC/nucleo_wb15cc.o
                0x0000000008003c3c                BSP_PB_Init
 .text.BSP_PB_Callback
                0x0000000008003d48       0x16 ./Drivers/BSP/NUCLEO-WB15CC/nucleo_wb15cc.o
                0x0000000008003d48                BSP_PB_Callback
 .text.BUTTON_SW1_EXTI_Callback
                0x0000000008003d5e        0xe ./Drivers/BSP/NUCLEO-WB15CC/nucleo_wb15cc.o
 .text.BUTTON_SW2_EXTI_Callback
                0x0000000008003d6c        0xe ./Drivers/BSP/NUCLEO-WB15CC/nucleo_wb15cc.o
 .text.BUTTON_SW3_EXTI_Callback
                0x0000000008003d7a        0xe ./Drivers/BSP/NUCLEO-WB15CC/nucleo_wb15cc.o
 .text.SystemInit
                0x0000000008003d88       0xa4 ./Drivers/CMSIS/system_stm32wbxx.o
                0x0000000008003d88                SystemInit
 .text.LL_DBGMCU_DisableDBGSleepMode
                0x0000000008003e2c       0x20 ./Drivers/STM32WBxx_HAL_Driver/stm32wbxx_hal.o
 .text.LL_DBGMCU_DisableDBGStopMode
                0x0000000008003e4c       0x20 ./Drivers/STM32WBxx_HAL_Driver/stm32wbxx_hal.o
 .text.LL_DBGMCU_DisableDBGStandbyMode
                0x0000000008003e6c       0x20 ./Drivers/STM32WBxx_HAL_Driver/stm32wbxx_hal.o
 .text.HAL_Init
                0x0000000008003e8c       0x40 ./Drivers/STM32WBxx_HAL_Driver/stm32wbxx_hal.o
                0x0000000008003e8c                HAL_Init
 .text.HAL_InitTick
                0x0000000008003ecc       0x74 ./Drivers/STM32WBxx_HAL_Driver/stm32wbxx_hal.o
                0x0000000008003ecc                HAL_InitTick
 .text.HAL_IncTick
                0x0000000008003f40       0x28 ./Drivers/STM32WBxx_HAL_Driver/stm32wbxx_hal.o
                0x0000000008003f40                HAL_IncTick
 .text.HAL_GetTick
                0x0000000008003f68       0x18 ./Drivers/STM32WBxx_HAL_Driver/stm32wbxx_hal.o
                0x0000000008003f68                HAL_GetTick
 .text.HAL_GetTickPrio
                0x0000000008003f80       0x18 ./Drivers/STM32WBxx_HAL_Driver/stm32wbxx_hal.o
                0x0000000008003f80                HAL_GetTickPrio
 .text.HAL_SuspendTick
                0x0000000008003f98       0x20 ./Drivers/STM32WBxx_HAL_Driver/stm32wbxx_hal.o
                0x0000000008003f98                HAL_SuspendTick
 .text.HAL_ResumeTick
                0x0000000008003fb8       0x20 ./Drivers/STM32WBxx_HAL_Driver/stm32wbxx_hal.o
                0x0000000008003fb8                HAL_ResumeTick
 .text.HAL_DBGMCU_DisableDBGSleepMode
                0x0000000008003fd8        0xc ./Drivers/STM32WBxx_HAL_Driver/stm32wbxx_hal.o
                0x0000000008003fd8                HAL_DBGMCU_DisableDBGSleepMode
 .text.HAL_DBGMCU_DisableDBGStopMode
                0x0000000008003fe4        0xc ./Drivers/STM32WBxx_HAL_Driver/stm32wbxx_hal.o
                0x0000000008003fe4                HAL_DBGMCU_DisableDBGStopMode
 .text.HAL_DBGMCU_DisableDBGStandbyMode
                0x0000000008003ff0        0xc ./Drivers/STM32WBxx_HAL_Driver/stm32wbxx_hal.o
                0x0000000008003ff0                HAL_DBGMCU_DisableDBGStandbyMode
 .text.__NVIC_SetPriorityGrouping
                0x0000000008003ffc       0x48 ./Drivers/STM32WBxx_HAL_Driver/stm32wbxx_hal_cortex.o
 .text.__NVIC_GetPriorityGrouping
                0x0000000008004044       0x1c ./Drivers/STM32WBxx_HAL_Driver/stm32wbxx_hal_cortex.o
 .text.__NVIC_EnableIRQ
                0x0000000008004060       0x3c ./Drivers/STM32WBxx_HAL_Driver/stm32wbxx_hal_cortex.o
 .text.__NVIC_DisableIRQ
                0x000000000800409c       0x48 ./Drivers/STM32WBxx_HAL_Driver/stm32wbxx_hal_cortex.o
 .text.__NVIC_SetPendingIRQ
                0x00000000080040e4       0x3c ./Drivers/STM32WBxx_HAL_Driver/stm32wbxx_hal_cortex.o
 .text.__NVIC_ClearPendingIRQ
                0x0000000008004120       0x3c ./Drivers/STM32WBxx_HAL_Driver/stm32wbxx_hal_cortex.o
 .text.__NVIC_SetPriority
                0x000000000800415c       0x54 ./Drivers/STM32WBxx_HAL_Driver/stm32wbxx_hal_cortex.o
 .text.NVIC_EncodePriority
                0x00000000080041b0       0x66 ./Drivers/STM32WBxx_HAL_Driver/stm32wbxx_hal_cortex.o
 *fill*         0x0000000008004216        0x2 
 .text.SysTick_Config
                0x0000000008004218       0x44 ./Drivers/STM32WBxx_HAL_Driver/stm32wbxx_hal_cortex.o
 .text.HAL_NVIC_SetPriorityGrouping
                0x000000000800425c       0x16 ./Drivers/STM32WBxx_HAL_Driver/stm32wbxx_hal_cortex.o
                0x000000000800425c                HAL_NVIC_SetPriorityGrouping
 .text.HAL_NVIC_SetPriority
                0x0000000008004272       0x34 ./Drivers/STM32WBxx_HAL_Driver/stm32wbxx_hal_cortex.o
                0x0000000008004272                HAL_NVIC_SetPriority
 .text.HAL_NVIC_EnableIRQ
                0x00000000080042a6       0x1c ./Drivers/STM32WBxx_HAL_Driver/stm32wbxx_hal_cortex.o
                0x00000000080042a6                HAL_NVIC_EnableIRQ
 .text.HAL_NVIC_DisableIRQ
                0x00000000080042c2       0x1c ./Drivers/STM32WBxx_HAL_Driver/stm32wbxx_hal_cortex.o
                0x00000000080042c2                HAL_NVIC_DisableIRQ
 .text.HAL_SYSTICK_Config
                0x00000000080042de       0x18 ./Drivers/STM32WBxx_HAL_Driver/stm32wbxx_hal_cortex.o
                0x00000000080042de                HAL_SYSTICK_Config
 .text.HAL_NVIC_SetPendingIRQ
                0x00000000080042f6       0x1c ./Drivers/STM32WBxx_HAL_Driver/stm32wbxx_hal_cortex.o
                0x00000000080042f6                HAL_NVIC_SetPendingIRQ
 .text.HAL_NVIC_ClearPendingIRQ
                0x0000000008004312       0x1c ./Drivers/STM32WBxx_HAL_Driver/stm32wbxx_hal_cortex.o
                0x0000000008004312                HAL_NVIC_ClearPendingIRQ
 *fill*         0x000000000800432e        0x2 
 .text.HAL_DMA_Init
                0x0000000008004330      0x118 ./Drivers/STM32WBxx_HAL_Driver/stm32wbxx_hal_dma.o
                0x0000000008004330                HAL_DMA_Init
 .text.HAL_DMA_Abort
                0x0000000008004448       0xbe ./Drivers/STM32WBxx_HAL_Driver/stm32wbxx_hal_dma.o
                0x0000000008004448                HAL_DMA_Abort
 .text.HAL_DMA_Abort_IT
                0x0000000008004506       0xbe ./Drivers/STM32WBxx_HAL_Driver/stm32wbxx_hal_dma.o
                0x0000000008004506                HAL_DMA_Abort_IT
 .text.HAL_DMA_IRQHandler
                0x00000000080045c4      0x15e ./Drivers/STM32WBxx_HAL_Driver/stm32wbxx_hal_dma.o
                0x00000000080045c4                HAL_DMA_IRQHandler
 *fill*         0x0000000008004722        0x2 
 .text.DMA_CalcDMAMUXChannelBaseAndMask
                0x0000000008004724       0x58 ./Drivers/STM32WBxx_HAL_Driver/stm32wbxx_hal_dma.o
 .text.DMA_CalcDMAMUXRequestGenBaseAndMask
                0x000000000800477c       0x4c ./Drivers/STM32WBxx_HAL_Driver/stm32wbxx_hal_dma.o
 .text.HAL_EXTI_RegisterCallback
                0x00000000080047c8       0x34 ./Drivers/STM32WBxx_HAL_Driver/stm32wbxx_hal_exti.o
                0x00000000080047c8                HAL_EXTI_RegisterCallback
 .text.HAL_EXTI_GetHandle
                0x00000000080047fc       0x28 ./Drivers/STM32WBxx_HAL_Driver/stm32wbxx_hal_exti.o
                0x00000000080047fc                HAL_EXTI_GetHandle
 .text.HAL_EXTI_GenerateSWI
                0x0000000008004824       0x44 ./Drivers/STM32WBxx_HAL_Driver/stm32wbxx_hal_exti.o
                0x0000000008004824                HAL_EXTI_GenerateSWI
 .text.HAL_GPIO_Init
                0x0000000008004868      0x2d0 ./Drivers/STM32WBxx_HAL_Driver/stm32wbxx_hal_gpio.o
                0x0000000008004868                HAL_GPIO_Init
 .text.HAL_GPIO_WritePin
                0x0000000008004b38       0x30 ./Drivers/STM32WBxx_HAL_Driver/stm32wbxx_hal_gpio.o
                0x0000000008004b38                HAL_GPIO_WritePin
 .text.HAL_GPIO_EXTI_IRQHandler
                0x0000000008004b68       0x30 ./Drivers/STM32WBxx_HAL_Driver/stm32wbxx_hal_gpio.o
                0x0000000008004b68                HAL_GPIO_EXTI_IRQHandler
 .text.HAL_HSEM_IRQHandler
                0x0000000008004b98       0x34 ./Drivers/STM32WBxx_HAL_Driver/stm32wbxx_hal_hsem.o
                0x0000000008004b98                HAL_HSEM_IRQHandler
 .text.HAL_HSEM_FreeCallback
                0x0000000008004bcc       0x14 ./Drivers/STM32WBxx_HAL_Driver/stm32wbxx_hal_hsem.o
                0x0000000008004bcc                HAL_HSEM_FreeCallback
 .text.HAL_IPCC_Init
                0x0000000008004be0       0x64 ./Drivers/STM32WBxx_HAL_Driver/stm32wbxx_hal_ipcc.o
                0x0000000008004be0                HAL_IPCC_Init
 .text.HAL_IPCC_RxCallback
                0x0000000008004c44       0x1a ./Drivers/STM32WBxx_HAL_Driver/stm32wbxx_hal_ipcc.o
                0x0000000008004c44                HAL_IPCC_RxCallback
 .text.HAL_IPCC_TxCallback
                0x0000000008004c5e       0x1a ./Drivers/STM32WBxx_HAL_Driver/stm32wbxx_hal_ipcc.o
                0x0000000008004c5e                HAL_IPCC_TxCallback
 .text.IPCC_SetDefaultCallbacks
                0x0000000008004c78       0x4c ./Drivers/STM32WBxx_HAL_Driver/stm32wbxx_hal_ipcc.o
                0x0000000008004c78                IPCC_SetDefaultCallbacks
 .text.IPCC_Reset_Register
                0x0000000008004cc4       0x28 ./Drivers/STM32WBxx_HAL_Driver/stm32wbxx_hal_ipcc.o
                0x0000000008004cc4                IPCC_Reset_Register
 .text.HAL_PWR_EnableBkUpAccess
                0x0000000008004cec       0x20 ./Drivers/STM32WBxx_HAL_Driver/stm32wbxx_hal_pwr.o
                0x0000000008004cec                HAL_PWR_EnableBkUpAccess
 .text.LL_PWR_EnableSRAM2Retention
                0x0000000008004d0c       0x20 ./Drivers/STM32WBxx_HAL_Driver/stm32wbxx_hal_pwr_ex.o
 .text.HAL_PWREx_EnableSRAMRetention
                0x0000000008004d2c        0xc ./Drivers/STM32WBxx_HAL_Driver/stm32wbxx_hal_pwr_ex.o
                0x0000000008004d2c                HAL_PWREx_EnableSRAMRetention
 .text.LL_RCC_HSE_IsEnabledDiv2
                0x0000000008004d38       0x24 ./Drivers/STM32WBxx_HAL_Driver/stm32wbxx_hal_rcc.o
 .text.LL_RCC_HSE_Enable
                0x0000000008004d5c       0x1e ./Drivers/STM32WBxx_HAL_Driver/stm32wbxx_hal_rcc.o
 .text.LL_RCC_HSE_Disable
                0x0000000008004d7a       0x1e ./Drivers/STM32WBxx_HAL_Driver/stm32wbxx_hal_rcc.o
 .text.LL_RCC_HSE_IsReady
                0x0000000008004d98       0x24 ./Drivers/STM32WBxx_HAL_Driver/stm32wbxx_hal_rcc.o
 .text.LL_RCC_HSI_Enable
                0x0000000008004dbc       0x1e ./Drivers/STM32WBxx_HAL_Driver/stm32wbxx_hal_rcc.o
 .text.LL_RCC_HSI_Disable
                0x0000000008004dda       0x1e ./Drivers/STM32WBxx_HAL_Driver/stm32wbxx_hal_rcc.o
 .text.LL_RCC_HSI_IsReady
                0x0000000008004df8       0x24 ./Drivers/STM32WBxx_HAL_Driver/stm32wbxx_hal_rcc.o
 .text.LL_RCC_HSI_SetCalibTrimming
                0x0000000008004e1c       0x2a ./Drivers/STM32WBxx_HAL_Driver/stm32wbxx_hal_rcc.o
 .text.LL_RCC_LSE_Enable
                0x0000000008004e46       0x22 ./Drivers/STM32WBxx_HAL_Driver/stm32wbxx_hal_rcc.o
 .text.LL_RCC_LSE_Disable
                0x0000000008004e68       0x22 ./Drivers/STM32WBxx_HAL_Driver/stm32wbxx_hal_rcc.o
 .text.LL_RCC_LSE_EnableBypass
                0x0000000008004e8a       0x22 ./Drivers/STM32WBxx_HAL_Driver/stm32wbxx_hal_rcc.o
 .text.LL_RCC_LSE_DisableBypass
                0x0000000008004eac       0x22 ./Drivers/STM32WBxx_HAL_Driver/stm32wbxx_hal_rcc.o
 .text.LL_RCC_LSE_IsReady
                0x0000000008004ece       0x24 ./Drivers/STM32WBxx_HAL_Driver/stm32wbxx_hal_rcc.o
 .text.LL_RCC_LSI1_Enable
                0x0000000008004ef2       0x22 ./Drivers/STM32WBxx_HAL_Driver/stm32wbxx_hal_rcc.o
 .text.LL_RCC_LSI1_Disable
                0x0000000008004f14       0x22 ./Drivers/STM32WBxx_HAL_Driver/stm32wbxx_hal_rcc.o
 .text.LL_RCC_LSI1_IsReady
                0x0000000008004f36       0x24 ./Drivers/STM32WBxx_HAL_Driver/stm32wbxx_hal_rcc.o
 .text.LL_RCC_LSI2_Enable
                0x0000000008004f5a       0x22 ./Drivers/STM32WBxx_HAL_Driver/stm32wbxx_hal_rcc.o
 .text.LL_RCC_LSI2_Disable
                0x0000000008004f7c       0x22 ./Drivers/STM32WBxx_HAL_Driver/stm32wbxx_hal_rcc.o
 .text.LL_RCC_LSI2_IsReady
                0x0000000008004f9e       0x24 ./Drivers/STM32WBxx_HAL_Driver/stm32wbxx_hal_rcc.o
 .text.LL_RCC_LSI2_SetTrimming
                0x0000000008004fc2       0x2e ./Drivers/STM32WBxx_HAL_Driver/stm32wbxx_hal_rcc.o
 .text.LL_RCC_MSI_Enable
                0x0000000008004ff0       0x1e ./Drivers/STM32WBxx_HAL_Driver/stm32wbxx_hal_rcc.o
 .text.LL_RCC_MSI_Disable
                0x000000000800500e       0x1e ./Drivers/STM32WBxx_HAL_Driver/stm32wbxx_hal_rcc.o
 .text.LL_RCC_MSI_IsReady
                0x000000000800502c       0x22 ./Drivers/STM32WBxx_HAL_Driver/stm32wbxx_hal_rcc.o
 .text.LL_RCC_MSI_SetRange
                0x000000000800504e       0x28 ./Drivers/STM32WBxx_HAL_Driver/stm32wbxx_hal_rcc.o
 .text.LL_RCC_MSI_GetRange
                0x0000000008005076       0x2a ./Drivers/STM32WBxx_HAL_Driver/stm32wbxx_hal_rcc.o
 .text.LL_RCC_MSI_SetCalibTrimming
                0x00000000080050a0       0x2a ./Drivers/STM32WBxx_HAL_Driver/stm32wbxx_hal_rcc.o
 .text.LL_RCC_SetSysClkSource
                0x00000000080050ca       0x28 ./Drivers/STM32WBxx_HAL_Driver/stm32wbxx_hal_rcc.o
 .text.LL_RCC_GetSysClkSource
                0x00000000080050f2       0x18 ./Drivers/STM32WBxx_HAL_Driver/stm32wbxx_hal_rcc.o
 .text.LL_RCC_SetAHBPrescaler
                0x000000000800510a       0x28 ./Drivers/STM32WBxx_HAL_Driver/stm32wbxx_hal_rcc.o
 .text.LL_C2_RCC_SetAHBPrescaler
                0x0000000008005132       0x2c ./Drivers/STM32WBxx_HAL_Driver/stm32wbxx_hal_rcc.o
 .text.LL_RCC_SetAHB4Prescaler
                0x000000000800515e       0x2e ./Drivers/STM32WBxx_HAL_Driver/stm32wbxx_hal_rcc.o
 .text.LL_RCC_SetAPB1Prescaler
                0x000000000800518c       0x28 ./Drivers/STM32WBxx_HAL_Driver/stm32wbxx_hal_rcc.o
 .text.LL_RCC_SetAPB2Prescaler
                0x00000000080051b4       0x28 ./Drivers/STM32WBxx_HAL_Driver/stm32wbxx_hal_rcc.o
 .text.LL_RCC_GetAHBPrescaler
                0x00000000080051dc       0x18 ./Drivers/STM32WBxx_HAL_Driver/stm32wbxx_hal_rcc.o
 .text.LL_RCC_GetAHB4Prescaler
                0x00000000080051f4       0x1c ./Drivers/STM32WBxx_HAL_Driver/stm32wbxx_hal_rcc.o
 .text.LL_RCC_GetAPB1Prescaler
                0x0000000008005210       0x18 ./Drivers/STM32WBxx_HAL_Driver/stm32wbxx_hal_rcc.o
 .text.LL_RCC_GetAPB2Prescaler
                0x0000000008005228       0x18 ./Drivers/STM32WBxx_HAL_Driver/stm32wbxx_hal_rcc.o
 .text.LL_RCC_PLL_Enable
                0x0000000008005240       0x1e ./Drivers/STM32WBxx_HAL_Driver/stm32wbxx_hal_rcc.o
 .text.LL_RCC_PLL_Disable
                0x000000000800525e       0x1e ./Drivers/STM32WBxx_HAL_Driver/stm32wbxx_hal_rcc.o
 .text.LL_RCC_PLL_IsReady
                0x000000000800527c       0x24 ./Drivers/STM32WBxx_HAL_Driver/stm32wbxx_hal_rcc.o
 .text.LL_RCC_PLL_GetN
                0x00000000080052a0       0x1a ./Drivers/STM32WBxx_HAL_Driver/stm32wbxx_hal_rcc.o
 .text.LL_RCC_PLL_GetR
                0x00000000080052ba       0x18 ./Drivers/STM32WBxx_HAL_Driver/stm32wbxx_hal_rcc.o
 .text.LL_RCC_PLL_GetDivider
                0x00000000080052d2       0x18 ./Drivers/STM32WBxx_HAL_Driver/stm32wbxx_hal_rcc.o
 .text.LL_RCC_PLL_GetMainSource
                0x00000000080052ea       0x18 ./Drivers/STM32WBxx_HAL_Driver/stm32wbxx_hal_rcc.o
 .text.LL_RCC_IsActiveFlag_HPRE
                0x0000000008005302       0x24 ./Drivers/STM32WBxx_HAL_Driver/stm32wbxx_hal_rcc.o
 .text.LL_RCC_IsActiveFlag_C2HPRE
                0x0000000008005326       0x26 ./Drivers/STM32WBxx_HAL_Driver/stm32wbxx_hal_rcc.o
 .text.LL_RCC_IsActiveFlag_SHDHPRE
                0x000000000800534c       0x26 ./Drivers/STM32WBxx_HAL_Driver/stm32wbxx_hal_rcc.o
 .text.LL_RCC_IsActiveFlag_PPRE1
                0x0000000008005372       0x24 ./Drivers/STM32WBxx_HAL_Driver/stm32wbxx_hal_rcc.o
 .text.LL_RCC_IsActiveFlag_PPRE2
                0x0000000008005396       0x24 ./Drivers/STM32WBxx_HAL_Driver/stm32wbxx_hal_rcc.o
 *fill*         0x00000000080053ba        0x2 
 .text.HAL_RCC_OscConfig
                0x00000000080053bc      0x66c ./Drivers/STM32WBxx_HAL_Driver/stm32wbxx_hal_rcc.o
                0x00000000080053bc                HAL_RCC_OscConfig
 .text.HAL_RCC_ClockConfig
                0x0000000008005a28      0x280 ./Drivers/STM32WBxx_HAL_Driver/stm32wbxx_hal_rcc.o
                0x0000000008005a28                HAL_RCC_ClockConfig
 .text.HAL_RCC_GetSysClockFreq
                0x0000000008005ca8       0xd8 ./Drivers/STM32WBxx_HAL_Driver/stm32wbxx_hal_rcc.o
                0x0000000008005ca8                HAL_RCC_GetSysClockFreq
 .text.HAL_RCC_GetHCLKFreq
                0x0000000008005d80       0x28 ./Drivers/STM32WBxx_HAL_Driver/stm32wbxx_hal_rcc.o
                0x0000000008005d80                HAL_RCC_GetHCLKFreq
 .text.HAL_RCC_GetPCLK1Freq
                0x0000000008005da8       0x2c ./Drivers/STM32WBxx_HAL_Driver/stm32wbxx_hal_rcc.o
                0x0000000008005da8                HAL_RCC_GetPCLK1Freq
 .text.HAL_RCC_GetPCLK2Freq
                0x0000000008005dd4       0x2c ./Drivers/STM32WBxx_HAL_Driver/stm32wbxx_hal_rcc.o
                0x0000000008005dd4                HAL_RCC_GetPCLK2Freq
 .text.RCC_SetFlashLatencyFromMSIRange
                0x0000000008005e00       0x6c ./Drivers/STM32WBxx_HAL_Driver/stm32wbxx_hal_rcc.o
 .text.RCC_SetFlashLatency
                0x0000000008005e6c       0xa8 ./Drivers/STM32WBxx_HAL_Driver/stm32wbxx_hal_rcc.o
 .text.LL_RCC_LSE_IsEnabled
                0x0000000008005f14       0x24 ./Drivers/STM32WBxx_HAL_Driver/stm32wbxx_hal_rcc_ex.o
 .text.LL_RCC_LSE_IsReady
                0x0000000008005f38       0x24 ./Drivers/STM32WBxx_HAL_Driver/stm32wbxx_hal_rcc_ex.o
 .text.LL_RCC_SetRFWKPClockSource
                0x0000000008005f5c       0x2c ./Drivers/STM32WBxx_HAL_Driver/stm32wbxx_hal_rcc_ex.o
 .text.LL_RCC_SetSMPSClockSource
                0x0000000008005f88       0x28 ./Drivers/STM32WBxx_HAL_Driver/stm32wbxx_hal_rcc_ex.o
 .text.LL_RCC_SetSMPSPrescaler
                0x0000000008005fb0       0x28 ./Drivers/STM32WBxx_HAL_Driver/stm32wbxx_hal_rcc_ex.o
 .text.LL_RCC_SetUSARTClockSource
                0x0000000008005fd8       0x2c ./Drivers/STM32WBxx_HAL_Driver/stm32wbxx_hal_rcc_ex.o
 .text.LL_RCC_SetLPUARTClockSource
                0x0000000008006004       0x2c ./Drivers/STM32WBxx_HAL_Driver/stm32wbxx_hal_rcc_ex.o
 .text.LL_RCC_SetI2CClockSource
                0x0000000008006030       0x3a ./Drivers/STM32WBxx_HAL_Driver/stm32wbxx_hal_rcc_ex.o
 .text.LL_RCC_SetLPTIMClockSource
                0x000000000800606a       0x34 ./Drivers/STM32WBxx_HAL_Driver/stm32wbxx_hal_rcc_ex.o
 .text.LL_RCC_SetRNGClockSource
                0x000000000800609e       0x2c ./Drivers/STM32WBxx_HAL_Driver/stm32wbxx_hal_rcc_ex.o
 .text.LL_RCC_SetCLK48ClockSource
                0x00000000080060ca       0x2c ./Drivers/STM32WBxx_HAL_Driver/stm32wbxx_hal_rcc_ex.o
 .text.LL_RCC_SetADCClockSource
                0x00000000080060f6       0x2c ./Drivers/STM32WBxx_HAL_Driver/stm32wbxx_hal_rcc_ex.o
 .text.LL_RCC_SetRTCClockSource
                0x0000000008006122       0x2c ./Drivers/STM32WBxx_HAL_Driver/stm32wbxx_hal_rcc_ex.o
 .text.LL_RCC_GetRTCClockSource
                0x000000000800614e       0x1a ./Drivers/STM32WBxx_HAL_Driver/stm32wbxx_hal_rcc_ex.o
 .text.LL_RCC_ForceBackupDomainReset
                0x0000000008006168       0x22 ./Drivers/STM32WBxx_HAL_Driver/stm32wbxx_hal_rcc_ex.o
 .text.LL_RCC_ReleaseBackupDomainReset
                0x000000000800618a       0x22 ./Drivers/STM32WBxx_HAL_Driver/stm32wbxx_hal_rcc_ex.o
 .text.HAL_RCCEx_PeriphCLKConfig
                0x00000000080061ac      0x1ec ./Drivers/STM32WBxx_HAL_Driver/stm32wbxx_hal_rcc_ex.o
                0x00000000080061ac                HAL_RCCEx_PeriphCLKConfig
 .text.HAL_RTC_Init
                0x0000000008006398      0x160 ./Drivers/STM32WBxx_HAL_Driver/stm32wbxx_hal_rtc.o
                0x0000000008006398                HAL_RTC_Init
 .text.HAL_RTC_WaitForSynchro
                0x00000000080064f8       0x4c ./Drivers/STM32WBxx_HAL_Driver/stm32wbxx_hal_rtc.o
                0x00000000080064f8                HAL_RTC_WaitForSynchro
 .text.RTC_EnterInitMode
                0x0000000008006544       0x54 ./Drivers/STM32WBxx_HAL_Driver/stm32wbxx_hal_rtc.o
                0x0000000008006544                RTC_EnterInitMode
 .text.HAL_RTCEx_SetWakeUpTimer_IT
                0x0000000008006598      0x178 ./Drivers/STM32WBxx_HAL_Driver/stm32wbxx_hal_rtc_ex.o
                0x0000000008006598                HAL_RTCEx_SetWakeUpTimer_IT
 .text.HAL_RTCEx_EnableBypassShadow
                0x0000000008006710       0x6c ./Drivers/STM32WBxx_HAL_Driver/stm32wbxx_hal_rtc_ex.o
                0x0000000008006710                HAL_RTCEx_EnableBypassShadow
 .text.LL_RCC_GetUSARTClockSource
                0x000000000800677c       0x20 ./Drivers/STM32WBxx_HAL_Driver/stm32wbxx_hal_uart.o
 .text.LL_RCC_GetLPUARTClockSource
                0x000000000800679c       0x20 ./Drivers/STM32WBxx_HAL_Driver/stm32wbxx_hal_uart.o
 .text.HAL_UART_Init
                0x00000000080067bc       0xa0 ./Drivers/STM32WBxx_HAL_Driver/stm32wbxx_hal_uart.o
                0x00000000080067bc                HAL_UART_Init
 .text.HAL_UART_Transmit_IT
                0x000000000800685c      0x128 ./Drivers/STM32WBxx_HAL_Driver/stm32wbxx_hal_uart.o
                0x000000000800685c                HAL_UART_Transmit_IT
 .text.HAL_UART_Receive_IT
                0x0000000008006984       0x98 ./Drivers/STM32WBxx_HAL_Driver/stm32wbxx_hal_uart.o
                0x0000000008006984                HAL_UART_Receive_IT
 .text.HAL_UART_IRQHandler
                0x0000000008006a1c      0x648 ./Drivers/STM32WBxx_HAL_Driver/stm32wbxx_hal_uart.o
                0x0000000008006a1c                HAL_UART_IRQHandler
 .text.HAL_UART_ErrorCallback
                0x0000000008007064       0x14 ./Drivers/STM32WBxx_HAL_Driver/stm32wbxx_hal_uart.o
                0x0000000008007064                HAL_UART_ErrorCallback
 .text.HAL_UARTEx_RxEventCallback
                0x0000000008007078       0x18 ./Drivers/STM32WBxx_HAL_Driver/stm32wbxx_hal_uart.o
                0x0000000008007078                HAL_UARTEx_RxEventCallback
 .text.UART_SetConfig
                0x0000000008007090      0x450 ./Drivers/STM32WBxx_HAL_Driver/stm32wbxx_hal_uart.o
                0x0000000008007090                UART_SetConfig
 .text.UART_AdvFeatureConfig
                0x00000000080074e0      0x144 ./Drivers/STM32WBxx_HAL_Driver/stm32wbxx_hal_uart.o
                0x00000000080074e0                UART_AdvFeatureConfig
 .text.UART_CheckIdleState
                0x0000000008007624      0x154 ./Drivers/STM32WBxx_HAL_Driver/stm32wbxx_hal_uart.o
                0x0000000008007624                UART_CheckIdleState
 .text.UART_WaitOnFlagUntilTimeout
                0x0000000008007778       0xce ./Drivers/STM32WBxx_HAL_Driver/stm32wbxx_hal_uart.o
                0x0000000008007778                UART_WaitOnFlagUntilTimeout
 *fill*         0x0000000008007846        0x2 
 .text.UART_Start_Receive_IT
                0x0000000008007848      0x244 ./Drivers/STM32WBxx_HAL_Driver/stm32wbxx_hal_uart.o
                0x0000000008007848                UART_Start_Receive_IT
 .text.UART_EndRxTransfer
                0x0000000008007a8c       0xcc ./Drivers/STM32WBxx_HAL_Driver/stm32wbxx_hal_uart.o
 .text.UART_DMAAbortOnError
                0x0000000008007b58       0x2c ./Drivers/STM32WBxx_HAL_Driver/stm32wbxx_hal_uart.o
 .text.UART_TxISR_8BIT
                0x0000000008007b84       0xb8 ./Drivers/STM32WBxx_HAL_Driver/stm32wbxx_hal_uart.o
 .text.UART_TxISR_16BIT
                0x0000000008007c3c       0xc2 ./Drivers/STM32WBxx_HAL_Driver/stm32wbxx_hal_uart.o
 .text.UART_TxISR_8BIT_FIFOEN
                0x0000000008007cfe       0xe0 ./Drivers/STM32WBxx_HAL_Driver/stm32wbxx_hal_uart.o
 .text.UART_TxISR_16BIT_FIFOEN
                0x0000000008007dde       0xea ./Drivers/STM32WBxx_HAL_Driver/stm32wbxx_hal_uart.o
 .text.UART_EndTransmit_IT
                0x0000000008007ec8       0x56 ./Drivers/STM32WBxx_HAL_Driver/stm32wbxx_hal_uart.o
 *fill*         0x0000000008007f1e        0x2 
 .text.UART_RxISR_8BIT
                0x0000000008007f20      0x1b8 ./Drivers/STM32WBxx_HAL_Driver/stm32wbxx_hal_uart.o
 .text.UART_RxISR_16BIT
                0x00000000080080d8      0x1b8 ./Drivers/STM32WBxx_HAL_Driver/stm32wbxx_hal_uart.o
 .text.UART_RxISR_8BIT_FIFOEN
                0x0000000008008290      0x360 ./Drivers/STM32WBxx_HAL_Driver/stm32wbxx_hal_uart.o
 .text.UART_RxISR_16BIT_FIFOEN
                0x00000000080085f0      0x368 ./Drivers/STM32WBxx_HAL_Driver/stm32wbxx_hal_uart.o
 .text.HAL_UARTEx_WakeupCallback
                0x0000000008008958       0x14 ./Drivers/STM32WBxx_HAL_Driver/stm32wbxx_hal_uart_ex.o
                0x0000000008008958                HAL_UARTEx_WakeupCallback
 .text.HAL_UARTEx_RxFifoFullCallback
                0x000000000800896c       0x14 ./Drivers/STM32WBxx_HAL_Driver/stm32wbxx_hal_uart_ex.o
                0x000000000800896c                HAL_UARTEx_RxFifoFullCallback
 .text.HAL_UARTEx_TxFifoEmptyCallback
                0x0000000008008980       0x14 ./Drivers/STM32WBxx_HAL_Driver/stm32wbxx_hal_uart_ex.o
                0x0000000008008980                HAL_UARTEx_TxFifoEmptyCallback
 .text.HAL_UARTEx_DisableFifoMode
                0x0000000008008994       0x72 ./Drivers/STM32WBxx_HAL_Driver/stm32wbxx_hal_uart_ex.o
                0x0000000008008994                HAL_UARTEx_DisableFifoMode
 .text.HAL_UARTEx_SetTxFifoThreshold
                0x0000000008008a06       0x7c ./Drivers/STM32WBxx_HAL_Driver/stm32wbxx_hal_uart_ex.o
                0x0000000008008a06                HAL_UARTEx_SetTxFifoThreshold
 .text.HAL_UARTEx_SetRxFifoThreshold
                0x0000000008008a82       0x7c ./Drivers/STM32WBxx_HAL_Driver/stm32wbxx_hal_uart_ex.o
                0x0000000008008a82                HAL_UARTEx_SetRxFifoThreshold
 *fill*         0x0000000008008afe        0x2 
 .text.UARTEx_SetNbDataToProcess
                0x0000000008008b00       0x9c ./Drivers/STM32WBxx_HAL_Driver/stm32wbxx_hal_uart_ex.o
 .text.LL_DBGMCU_GetDeviceID
                0x0000000008008b9c       0x1c ./Middlewares/STM32_WPAN/lhci.o
 .text.LL_DBGMCU_GetRevisionID
                0x0000000008008bb8       0x1c ./Middlewares/STM32_WPAN/lhci.o
 .text.LL_FLASH_GetUDN
                0x0000000008008bd4       0x18 ./Middlewares/STM32_WPAN/lhci.o
 .text.LL_FLASH_GetDeviceID
                0x0000000008008bec       0x18 ./Middlewares/STM32_WPAN/lhci.o
 .text.LL_FLASH_GetSTCompanyID
                0x0000000008008c04       0x18 ./Middlewares/STM32_WPAN/lhci.o
 .text.LL_GetUID_Word0
                0x0000000008008c1c       0x18 ./Middlewares/STM32_WPAN/lhci.o
 .text.LL_GetUID_Word1
                0x0000000008008c34       0x18 ./Middlewares/STM32_WPAN/lhci.o
 .text.LL_GetUID_Word2
                0x0000000008008c4c       0x18 ./Middlewares/STM32_WPAN/lhci.o
 .text.LL_GetPackageType
                0x0000000008008c64       0x1c ./Middlewares/STM32_WPAN/lhci.o
 .text.LHCI_C1_Write_Register
                0x0000000008008c80      0x138 ./Middlewares/STM32_WPAN/lhci.o
                0x0000000008008c80                LHCI_C1_Write_Register
 .text.LHCI_C1_Read_Register
                0x0000000008008db8       0x94 ./Middlewares/STM32_WPAN/lhci.o
                0x0000000008008db8                LHCI_C1_Read_Register
 .text.LHCI_C1_Read_Device_Information
                0x0000000008008e4c      0x14c ./Middlewares/STM32_WPAN/lhci.o
                0x0000000008008e4c                LHCI_C1_Read_Device_Information
 .text.OTP_Read
                0x0000000008008f98       0x50 ./Middlewares/STM32_WPAN/otp.o
                0x0000000008008f98                OTP_Read
 .text.SHCI_C2_BLE_Init
                0x0000000008008fe8       0x2e ./Middlewares/STM32_WPAN/shci.o
                0x0000000008008fe8                SHCI_C2_BLE_Init
 .text.SHCI_C2_DEBUG_Init
                0x0000000008009016       0x2e ./Middlewares/STM32_WPAN/shci.o
                0x0000000008009016                SHCI_C2_DEBUG_Init
 .text.SHCI_C2_Config
                0x0000000008009044       0x2a ./Middlewares/STM32_WPAN/shci.o
                0x0000000008009044                SHCI_C2_Config
 .text.LST_init_head
                0x000000000800906e       0x20 ./Middlewares/STM32_WPAN/stm_list.o
                0x000000000800906e                LST_init_head
 .text.LST_is_empty
                0x000000000800908e       0x44 ./Middlewares/STM32_WPAN/stm_list.o
                0x000000000800908e                LST_is_empty
 .text.LST_insert_tail
                0x00000000080090d2       0x4c ./Middlewares/STM32_WPAN/stm_list.o
                0x00000000080090d2                LST_insert_tail
 .text.LST_remove_node
                0x000000000800911e       0x42 ./Middlewares/STM32_WPAN/stm_list.o
                0x000000000800911e                LST_remove_node
 .text.LST_remove_head
                0x0000000008009160       0x3e ./Middlewares/STM32_WPAN/stm_list.o
                0x0000000008009160                LST_remove_head
 .text.TL_Enable
                0x000000000800919e        0xc ./Middlewares/STM32_WPAN/tl_mbox.o
                0x000000000800919e                TL_Enable
 *fill*         0x00000000080091aa        0x2 
 .text.TL_Init  0x00000000080091ac       0x74 ./Middlewares/STM32_WPAN/tl_mbox.o
                0x00000000080091ac                TL_Init
 .text.TL_BLE_Init
                0x0000000008009220       0x68 ./Middlewares/STM32_WPAN/tl_mbox.o
                0x0000000008009220                TL_BLE_Init
 .text.TL_BLE_SendCmd
                0x0000000008009288       0x38 ./Middlewares/STM32_WPAN/tl_mbox.o
                0x0000000008009288                TL_BLE_SendCmd
 .text.HW_IPCC_BLE_RxEvtNot
                0x00000000080092c0       0x60 ./Middlewares/STM32_WPAN/tl_mbox.o
                0x00000000080092c0                HW_IPCC_BLE_RxEvtNot
 .text.TL_BLE_SendAclData
                0x0000000008009320       0x28 ./Middlewares/STM32_WPAN/tl_mbox.o
                0x0000000008009320                TL_BLE_SendAclData
 .text.HW_IPCC_BLE_AclDataAckNot
                0x0000000008009348       0x14 ./Middlewares/STM32_WPAN/tl_mbox.o
                0x0000000008009348                HW_IPCC_BLE_AclDataAckNot
 .text.TL_SYS_Init
                0x000000000800935c       0x54 ./Middlewares/STM32_WPAN/tl_mbox.o
                0x000000000800935c                TL_SYS_Init
 .text.TL_SYS_SendCmd
                0x00000000080093b0       0x38 ./Middlewares/STM32_WPAN/tl_mbox.o
                0x00000000080093b0                TL_SYS_SendCmd
 .text.HW_IPCC_SYS_CmdEvtNot
                0x00000000080093e8       0x2c ./Middlewares/STM32_WPAN/tl_mbox.o
                0x00000000080093e8                HW_IPCC_SYS_CmdEvtNot
 .text.HW_IPCC_SYS_EvtNot
                0x0000000008009414       0x44 ./Middlewares/STM32_WPAN/tl_mbox.o
                0x0000000008009414                HW_IPCC_SYS_EvtNot
 .text.TL_MM_Init
                0x0000000008009458       0x78 ./Middlewares/STM32_WPAN/tl_mbox.o
                0x0000000008009458                TL_MM_Init
 .text.TL_MM_EvtDone
                0x00000000080094d0       0x30 ./Middlewares/STM32_WPAN/tl_mbox.o
                0x00000000080094d0                TL_MM_EvtDone
 .text.SendFreeBuf
                0x0000000008009500       0x40 ./Middlewares/STM32_WPAN/tl_mbox.o
 .text.TL_TRACES_Init
                0x0000000008009540       0x24 ./Middlewares/STM32_WPAN/tl_mbox.o
                0x0000000008009540                TL_TRACES_Init
 .text.HW_IPCC_TRACES_EvtNot
                0x0000000008009564       0x34 ./Middlewares/STM32_WPAN/tl_mbox.o
                0x0000000008009564                HW_IPCC_TRACES_EvtNot
 .text.TL_TRACES_EvtReceived
                0x0000000008009598       0x14 ./Middlewares/STM32_WPAN/tl_mbox.o
                0x0000000008009598                TL_TRACES_EvtReceived
 .text.OutputDbgTrace
                0x00000000080095ac       0xac ./Middlewares/STM32_WPAN/tl_mbox.o
 .text.UTIL_LPM_Init
                0x0000000008009658       0x24 ./Utilities/stm32_lpm.o
                0x0000000008009658                UTIL_LPM_Init
 .text.UTIL_LPM_SetStopMode
                0x000000000800967c       0x60 ./Utilities/stm32_lpm.o
                0x000000000800967c                UTIL_LPM_SetStopMode
 .text.UTIL_LPM_SetOffMode
                0x00000000080096dc       0x60 ./Utilities/stm32_lpm.o
                0x00000000080096dc                UTIL_LPM_SetOffMode
 .text.UTIL_LPM_EnterLowPower
                0x000000000800973c       0x6c ./Utilities/stm32_lpm.o
                0x000000000800973c                UTIL_LPM_EnterLowPower
 .text.UTIL_SEQ_Run
                0x00000000080097a8      0x1f8 ./Utilities/stm32_seq.o
                0x00000000080097a8                UTIL_SEQ_Run
 .text.UTIL_SEQ_RegTask
                0x00000000080099a0       0x44 ./Utilities/stm32_seq.o
                0x00000000080099a0                UTIL_SEQ_RegTask
 .text.UTIL_SEQ_SetTask
                0x00000000080099e4       0x58 ./Utilities/stm32_seq.o
                0x00000000080099e4                UTIL_SEQ_SetTask
 .text.UTIL_SEQ_SetEvt
                0x0000000008009a3c       0x40 ./Utilities/stm32_seq.o
                0x0000000008009a3c                UTIL_SEQ_SetEvt
 .text.UTIL_SEQ_WaitEvt
                0x0000000008009a7c       0x94 ./Utilities/stm32_seq.o
                0x0000000008009a7c                UTIL_SEQ_WaitEvt
 .text.UTIL_SEQ_PreIdle
                0x0000000008009b10        0xe ./Utilities/stm32_seq.o
                0x0000000008009b10                UTIL_SEQ_PreIdle
 .text.UTIL_SEQ_PostIdle
                0x0000000008009b1e        0xe ./Utilities/stm32_seq.o
                0x0000000008009b1e                UTIL_SEQ_PostIdle
 .text.SEQ_BitPosition
                0x0000000008009b2c       0x78 ./Utilities/stm32_seq.o
                0x0000000008009b2c                SEQ_BitPosition
 .text.__cvt    0x0000000008009ba4       0xc4 C:/ST/STM32CubeIDE_1.13.2/STM32CubeIDE/plugins/com.st.stm32cube.ide.mcu.externaltools.gnu-tools-for-stm32.11.3.rel1.win32_1.1.1.202309131626/tools/bin/../lib/gcc/arm-none-eabi/11.3.1/../../../../arm-none-eabi/lib/thumb/v7e-m+fp/hard\libc_nano.a(libc_a-nano-vfprintf_float.o)
                0x0000000008009ba4                __cvt
 .text.__exponent
                0x0000000008009c68       0x7c C:/ST/STM32CubeIDE_1.13.2/STM32CubeIDE/plugins/com.st.stm32cube.ide.mcu.externaltools.gnu-tools-for-stm32.11.3.rel1.win32_1.1.1.202309131626/tools/bin/../lib/gcc/arm-none-eabi/11.3.1/../../../../arm-none-eabi/lib/thumb/v7e-m+fp/hard\libc_nano.a(libc_a-nano-vfprintf_float.o)
                0x0000000008009c68                __exponent
 .text._printf_float
                0x0000000008009ce4      0x46c C:/ST/STM32CubeIDE_1.13.2/STM32CubeIDE/plugins/com.st.stm32cube.ide.mcu.externaltools.gnu-tools-for-stm32.11.3.rel1.win32_1.1.1.202309131626/tools/bin/../lib/gcc/arm-none-eabi/11.3.1/../../../../arm-none-eabi/lib/thumb/v7e-m+fp/hard\libc_nano.a(libc_a-nano-vfprintf_float.o)
                0x0000000008009ce4                _printf_float
 .text._printf_common
                0x000000000800a150       0xda C:/ST/STM32CubeIDE_1.13.2/STM32CubeIDE/plugins/com.st.stm32cube.ide.mcu.externaltools.gnu-tools-for-stm32.11.3.rel1.win32_1.1.1.202309131626/tools/bin/../lib/gcc/arm-none-eabi/11.3.1/../../../../arm-none-eabi/lib/thumb/v7e-m+fp/hard\libc_nano.a(libc_a-nano-vfprintf_i.o)
                0x000000000800a150                _printf_common
 *fill*         0x000000000800a22a        0x2 
 .text._printf_i
                0x000000000800a22c      0x244 C:/ST/STM32CubeIDE_1.13.2/STM32CubeIDE/plugins/com.st.stm32cube.ide.mcu.externaltools.gnu-tools-for-stm32.11.3.rel1.win32_1.1.1.202309131626/tools/bin/../lib/gcc/arm-none-eabi/11.3.1/../../../../arm-none-eabi/lib/thumb/v7e-m+fp/hard\libc_nano.a(libc_a-nano-vfprintf_i.o)
                0x000000000800a22c                _printf_i
 .text.std      0x000000000800a470       0x6c C:/ST/STM32CubeIDE_1.13.2/STM32CubeIDE/plugins/com.st.stm32cube.ide.mcu.externaltools.gnu-tools-for-stm32.11.3.rel1.win32_1.1.1.202309131626/tools/bin/../lib/gcc/arm-none-eabi/11.3.1/../../../../arm-none-eabi/lib/thumb/v7e-m+fp/hard\libc_nano.a(libc_a-findfp.o)
 .text.stdio_exit_handler
                0x000000000800a4dc       0x18 C:/ST/STM32CubeIDE_1.13.2/STM32CubeIDE/plugins/com.st.stm32cube.ide.mcu.externaltools.gnu-tools-for-stm32.11.3.rel1.win32_1.1.1.202309131626/tools/bin/../lib/gcc/arm-none-eabi/11.3.1/../../../../arm-none-eabi/lib/thumb/v7e-m+fp/hard\libc_nano.a(libc_a-findfp.o)
 .text.cleanup_stdio
                0x000000000800a4f4       0x40 C:/ST/STM32CubeIDE_1.13.2/STM32CubeIDE/plugins/com.st.stm32cube.ide.mcu.externaltools.gnu-tools-for-stm32.11.3.rel1.win32_1.1.1.202309131626/tools/bin/../lib/gcc/arm-none-eabi/11.3.1/../../../../arm-none-eabi/lib/thumb/v7e-m+fp/hard\libc_nano.a(libc_a-findfp.o)
 .text.global_stdio_init.part.0
                0x000000000800a534       0x3c C:/ST/STM32CubeIDE_1.13.2/STM32CubeIDE/plugins/com.st.stm32cube.ide.mcu.externaltools.gnu-tools-for-stm32.11.3.rel1.win32_1.1.1.202309131626/tools/bin/../lib/gcc/arm-none-eabi/11.3.1/../../../../arm-none-eabi/lib/thumb/v7e-m+fp/hard\libc_nano.a(libc_a-findfp.o)
 .text.__sfp_lock_acquire
                0x000000000800a570        0xc C:/ST/STM32CubeIDE_1.13.2/STM32CubeIDE/plugins/com.st.stm32cube.ide.mcu.externaltools.gnu-tools-for-stm32.11.3.rel1.win32_1.1.1.202309131626/tools/bin/../lib/gcc/arm-none-eabi/11.3.1/../../../../arm-none-eabi/lib/thumb/v7e-m+fp/hard\libc_nano.a(libc_a-findfp.o)
                0x000000000800a570                __sfp_lock_acquire
 .text.__sfp_lock_release
                0x000000000800a57c        0xc C:/ST/STM32CubeIDE_1.13.2/STM32CubeIDE/plugins/com.st.stm32cube.ide.mcu.externaltools.gnu-tools-for-stm32.11.3.rel1.win32_1.1.1.202309131626/tools/bin/../lib/gcc/arm-none-eabi/11.3.1/../../../../arm-none-eabi/lib/thumb/v7e-m+fp/hard\libc_nano.a(libc_a-findfp.o)
                0x000000000800a57c                __sfp_lock_release
 .text.__sinit  0x000000000800a588       0x30 C:/ST/STM32CubeIDE_1.13.2/STM32CubeIDE/plugins/com.st.stm32cube.ide.mcu.externaltools.gnu-tools-for-stm32.11.3.rel1.win32_1.1.1.202309131626/tools/bin/../lib/gcc/arm-none-eabi/11.3.1/../../../../arm-none-eabi/lib/thumb/v7e-m+fp/hard\libc_nano.a(libc_a-findfp.o)
                0x000000000800a588                __sinit
 .text._fwalk_sglue
                0x000000000800a5b8       0x3c C:/ST/STM32CubeIDE_1.13.2/STM32CubeIDE/plugins/com.st.stm32cube.ide.mcu.externaltools.gnu-tools-for-stm32.11.3.rel1.win32_1.1.1.202309131626/tools/bin/../lib/gcc/arm-none-eabi/11.3.1/../../../../arm-none-eabi/lib/thumb/v7e-m+fp/hard\libc_nano.a(libc_a-fwalk.o)
                0x000000000800a5b8                _fwalk_sglue
 .text.__sread  0x000000000800a5f4       0x22 C:/ST/STM32CubeIDE_1.13.2/STM32CubeIDE/plugins/com.st.stm32cube.ide.mcu.externaltools.gnu-tools-for-stm32.11.3.rel1.win32_1.1.1.202309131626/tools/bin/../lib/gcc/arm-none-eabi/11.3.1/../../../../arm-none-eabi/lib/thumb/v7e-m+fp/hard\libc_nano.a(libc_a-stdio.o)
                0x000000000800a5f4                __sread
 .text.__swrite
                0x000000000800a616       0x38 C:/ST/STM32CubeIDE_1.13.2/STM32CubeIDE/plugins/com.st.stm32cube.ide.mcu.externaltools.gnu-tools-for-stm32.11.3.rel1.win32_1.1.1.202309131626/tools/bin/../lib/gcc/arm-none-eabi/11.3.1/../../../../arm-none-eabi/lib/thumb/v7e-m+fp/hard\libc_nano.a(libc_a-stdio.o)
                0x000000000800a616                __swrite
 .text.__sseek  0x000000000800a64e       0x24 C:/ST/STM32CubeIDE_1.13.2/STM32CubeIDE/plugins/com.st.stm32cube.ide.mcu.externaltools.gnu-tools-for-stm32.11.3.rel1.win32_1.1.1.202309131626/tools/bin/../lib/gcc/arm-none-eabi/11.3.1/../../../../arm-none-eabi/lib/thumb/v7e-m+fp/hard\libc_nano.a(libc_a-stdio.o)
                0x000000000800a64e                __sseek
 .text.__sclose
                0x000000000800a672        0x8 C:/ST/STM32CubeIDE_1.13.2/STM32CubeIDE/plugins/com.st.stm32cube.ide.mcu.externaltools.gnu-tools-for-stm32.11.3.rel1.win32_1.1.1.202309131626/tools/bin/../lib/gcc/arm-none-eabi/11.3.1/../../../../arm-none-eabi/lib/thumb/v7e-m+fp/hard\libc_nano.a(libc_a-stdio.o)
                0x000000000800a672                __sclose
 .text.memset   0x000000000800a67a       0x10 C:/ST/STM32CubeIDE_1.13.2/STM32CubeIDE/plugins/com.st.stm32cube.ide.mcu.externaltools.gnu-tools-for-stm32.11.3.rel1.win32_1.1.1.202309131626/tools/bin/../lib/gcc/arm-none-eabi/11.3.1/../../../../arm-none-eabi/lib/thumb/v7e-m+fp/hard\libc_nano.a(libc_a-memset.o)
                0x000000000800a67a                memset
 *fill*         0x000000000800a68a        0x2 
 .text._localeconv_r
                0x000000000800a68c        0x8 C:/ST/STM32CubeIDE_1.13.2/STM32CubeIDE/plugins/com.st.stm32cube.ide.mcu.externaltools.gnu-tools-for-stm32.11.3.rel1.win32_1.1.1.202309131626/tools/bin/../lib/gcc/arm-none-eabi/11.3.1/../../../../arm-none-eabi/lib/thumb/v7e-m+fp/hard\libc_nano.a(libc_a-localeconv.o)
                0x000000000800a68c                _localeconv_r
 .text._close_r
                0x000000000800a694       0x20 C:/ST/STM32CubeIDE_1.13.2/STM32CubeIDE/plugins/com.st.stm32cube.ide.mcu.externaltools.gnu-tools-for-stm32.11.3.rel1.win32_1.1.1.202309131626/tools/bin/../lib/gcc/arm-none-eabi/11.3.1/../../../../arm-none-eabi/lib/thumb/v7e-m+fp/hard\libc_nano.a(libc_a-closer.o)
                0x000000000800a694                _close_r
 .text._lseek_r
                0x000000000800a6b4       0x24 C:/ST/STM32CubeIDE_1.13.2/STM32CubeIDE/plugins/com.st.stm32cube.ide.mcu.externaltools.gnu-tools-for-stm32.11.3.rel1.win32_1.1.1.202309131626/tools/bin/../lib/gcc/arm-none-eabi/11.3.1/../../../../arm-none-eabi/lib/thumb/v7e-m+fp/hard\libc_nano.a(libc_a-lseekr.o)
                0x000000000800a6b4                _lseek_r
 .text._read_r  0x000000000800a6d8       0x24 C:/ST/STM32CubeIDE_1.13.2/STM32CubeIDE/plugins/com.st.stm32cube.ide.mcu.externaltools.gnu-tools-for-stm32.11.3.rel1.win32_1.1.1.202309131626/tools/bin/../lib/gcc/arm-none-eabi/11.3.1/../../../../arm-none-eabi/lib/thumb/v7e-m+fp/hard\libc_nano.a(libc_a-readr.o)
                0x000000000800a6d8                _read_r
 .text._write_r
                0x000000000800a6fc       0x24 C:/ST/STM32CubeIDE_1.13.2/STM32CubeIDE/plugins/com.st.stm32cube.ide.mcu.externaltools.gnu-tools-for-stm32.11.3.rel1.win32_1.1.1.202309131626/tools/bin/../lib/gcc/arm-none-eabi/11.3.1/../../../../arm-none-eabi/lib/thumb/v7e-m+fp/hard\libc_nano.a(libc_a-writer.o)
                0x000000000800a6fc                _write_r
 .text.__errno  0x000000000800a720        0xc C:/ST/STM32CubeIDE_1.13.2/STM32CubeIDE/plugins/com.st.stm32cube.ide.mcu.externaltools.gnu-tools-for-stm32.11.3.rel1.win32_1.1.1.202309131626/tools/bin/../lib/gcc/arm-none-eabi/11.3.1/../../../../arm-none-eabi/lib/thumb/v7e-m+fp/hard\libc_nano.a(libc_a-errno.o)
                0x000000000800a720                __errno
 .text.__libc_init_array
                0x000000000800a72c       0x48 C:/ST/STM32CubeIDE_1.13.2/STM32CubeIDE/plugins/com.st.stm32cube.ide.mcu.externaltools.gnu-tools-for-stm32.11.3.rel1.win32_1.1.1.202309131626/tools/bin/../lib/gcc/arm-none-eabi/11.3.1/../../../../arm-none-eabi/lib/thumb/v7e-m+fp/hard\libc_nano.a(libc_a-init.o)
                0x000000000800a72c                __libc_init_array
 .text.__retarget_lock_init_recursive
                0x000000000800a774        0x2 C:/ST/STM32CubeIDE_1.13.2/STM32CubeIDE/plugins/com.st.stm32cube.ide.mcu.externaltools.gnu-tools-for-stm32.11.3.rel1.win32_1.1.1.202309131626/tools/bin/../lib/gcc/arm-none-eabi/11.3.1/../../../../arm-none-eabi/lib/thumb/v7e-m+fp/hard\libc_nano.a(libc_a-lock.o)
                0x000000000800a774                __retarget_lock_init_recursive
 .text.__retarget_lock_acquire_recursive
                0x000000000800a776        0x2 C:/ST/STM32CubeIDE_1.13.2/STM32CubeIDE/plugins/com.st.stm32cube.ide.mcu.externaltools.gnu-tools-for-stm32.11.3.rel1.win32_1.1.1.202309131626/tools/bin/../lib/gcc/arm-none-eabi/11.3.1/../../../../arm-none-eabi/lib/thumb/v7e-m+fp/hard\libc_nano.a(libc_a-lock.o)
                0x000000000800a776                __retarget_lock_acquire_recursive
 .text.__retarget_lock_release_recursive
                0x000000000800a778        0x2 C:/ST/STM32CubeIDE_1.13.2/STM32CubeIDE/plugins/com.st.stm32cube.ide.mcu.externaltools.gnu-tools-for-stm32.11.3.rel1.win32_1.1.1.202309131626/tools/bin/../lib/gcc/arm-none-eabi/11.3.1/../../../../arm-none-eabi/lib/thumb/v7e-m+fp/hard\libc_nano.a(libc_a-lock.o)
                0x000000000800a778                __retarget_lock_release_recursive
 .text.memcpy   0x000000000800a77a       0x1c C:/ST/STM32CubeIDE_1.13.2/STM32CubeIDE/plugins/com.st.stm32cube.ide.mcu.externaltools.gnu-tools-for-stm32.11.3.rel1.win32_1.1.1.202309131626/tools/bin/../lib/gcc/arm-none-eabi/11.3.1/../../../../arm-none-eabi/lib/thumb/v7e-m+fp/hard\libc_nano.a(libc_a-memcpy-stub.o)
                0x000000000800a77a                memcpy
 .text.quorem   0x000000000800a796      0x110 C:/ST/STM32CubeIDE_1.13.2/STM32CubeIDE/plugins/com.st.stm32cube.ide.mcu.externaltools.gnu-tools-for-stm32.11.3.rel1.win32_1.1.1.202309131626/tools/bin/../lib/gcc/arm-none-eabi/11.3.1/../../../../arm-none-eabi/lib/thumb/v7e-m+fp/hard\libc_nano.a(libc_a-dtoa.o)
 *fill*         0x000000000800a8a6        0x2 
 .text._dtoa_r  0x000000000800a8a8      0xbe4 C:/ST/STM32CubeIDE_1.13.2/STM32CubeIDE/plugins/com.st.stm32cube.ide.mcu.externaltools.gnu-tools-for-stm32.11.3.rel1.win32_1.1.1.202309131626/tools/bin/../lib/gcc/arm-none-eabi/11.3.1/../../../../arm-none-eabi/lib/thumb/v7e-m+fp/hard\libc_nano.a(libc_a-dtoa.o)
                0x000000000800a8a8                _dtoa_r
 .text._free_r  0x000000000800b48c       0x98 C:/ST/STM32CubeIDE_1.13.2/STM32CubeIDE/plugins/com.st.stm32cube.ide.mcu.externaltools.gnu-tools-for-stm32.11.3.rel1.win32_1.1.1.202309131626/tools/bin/../lib/gcc/arm-none-eabi/11.3.1/../../../../arm-none-eabi/lib/thumb/v7e-m+fp/hard\libc_nano.a(libc_a-freer.o)
                0x000000000800b48c                _free_r
 .text.malloc   0x000000000800b524       0x10 C:/ST/STM32CubeIDE_1.13.2/STM32CubeIDE/plugins/com.st.stm32cube.ide.mcu.externaltools.gnu-tools-for-stm32.11.3.rel1.win32_1.1.1.202309131626/tools/bin/../lib/gcc/arm-none-eabi/11.3.1/../../../../arm-none-eabi/lib/thumb/v7e-m+fp/hard\libc_nano.a(libc_a-malloc.o)
                0x000000000800b524                malloc
 .text.sbrk_aligned
                0x000000000800b534       0x40 C:/ST/STM32CubeIDE_1.13.2/STM32CubeIDE/plugins/com.st.stm32cube.ide.mcu.externaltools.gnu-tools-for-stm32.11.3.rel1.win32_1.1.1.202309131626/tools/bin/../lib/gcc/arm-none-eabi/11.3.1/../../../../arm-none-eabi/lib/thumb/v7e-m+fp/hard\libc_nano.a(libc_a-mallocr.o)
 .text._malloc_r
                0x000000000800b574      0x100 C:/ST/STM32CubeIDE_1.13.2/STM32CubeIDE/plugins/com.st.stm32cube.ide.mcu.externaltools.gnu-tools-for-stm32.11.3.rel1.win32_1.1.1.202309131626/tools/bin/../lib/gcc/arm-none-eabi/11.3.1/../../../../arm-none-eabi/lib/thumb/v7e-m+fp/hard\libc_nano.a(libc_a-mallocr.o)
                0x000000000800b574                _malloc_r
 .text.__malloc_lock
                0x000000000800b674        0xc C:/ST/STM32CubeIDE_1.13.2/STM32CubeIDE/plugins/com.st.stm32cube.ide.mcu.externaltools.gnu-tools-for-stm32.11.3.rel1.win32_1.1.1.202309131626/tools/bin/../lib/gcc/arm-none-eabi/11.3.1/../../../../arm-none-eabi/lib/thumb/v7e-m+fp/hard\libc_nano.a(libc_a-mlock.o)
                0x000000000800b674                __malloc_lock
 .text.__malloc_unlock
                0x000000000800b680        0xc C:/ST/STM32CubeIDE_1.13.2/STM32CubeIDE/plugins/com.st.stm32cube.ide.mcu.externaltools.gnu-tools-for-stm32.11.3.rel1.win32_1.1.1.202309131626/tools/bin/../lib/gcc/arm-none-eabi/11.3.1/../../../../arm-none-eabi/lib/thumb/v7e-m+fp/hard\libc_nano.a(libc_a-mlock.o)
                0x000000000800b680                __malloc_unlock
 .text._Balloc  0x000000000800b68c       0x80 C:/ST/STM32CubeIDE_1.13.2/STM32CubeIDE/plugins/com.st.stm32cube.ide.mcu.externaltools.gnu-tools-for-stm32.11.3.rel1.win32_1.1.1.202309131626/tools/bin/../lib/gcc/arm-none-eabi/11.3.1/../../../../arm-none-eabi/lib/thumb/v7e-m+fp/hard\libc_nano.a(libc_a-mprec.o)
                0x000000000800b68c                _Balloc
 .text._Bfree   0x000000000800b70c       0x44 C:/ST/STM32CubeIDE_1.13.2/STM32CubeIDE/plugins/com.st.stm32cube.ide.mcu.externaltools.gnu-tools-for-stm32.11.3.rel1.win32_1.1.1.202309131626/tools/bin/../lib/gcc/arm-none-eabi/11.3.1/../../../../arm-none-eabi/lib/thumb/v7e-m+fp/hard\libc_nano.a(libc_a-mprec.o)
                0x000000000800b70c                _Bfree
 .text.__multadd
                0x000000000800b750       0x8c C:/ST/STM32CubeIDE_1.13.2/STM32CubeIDE/plugins/com.st.stm32cube.ide.mcu.externaltools.gnu-tools-for-stm32.11.3.rel1.win32_1.1.1.202309131626/tools/bin/../lib/gcc/arm-none-eabi/11.3.1/../../../../arm-none-eabi/lib/thumb/v7e-m+fp/hard\libc_nano.a(libc_a-mprec.o)
                0x000000000800b750                __multadd
 .text.__hi0bits
                0x000000000800b7dc       0x40 C:/ST/STM32CubeIDE_1.13.2/STM32CubeIDE/plugins/com.st.stm32cube.ide.mcu.externaltools.gnu-tools-for-stm32.11.3.rel1.win32_1.1.1.202309131626/tools/bin/../lib/gcc/arm-none-eabi/11.3.1/../../../../arm-none-eabi/lib/thumb/v7e-m+fp/hard\libc_nano.a(libc_a-mprec.o)
                0x000000000800b7dc                __hi0bits
 .text.__lo0bits
                0x000000000800b81c       0x5a C:/ST/STM32CubeIDE_1.13.2/STM32CubeIDE/plugins/com.st.stm32cube.ide.mcu.externaltools.gnu-tools-for-stm32.11.3.rel1.win32_1.1.1.202309131626/tools/bin/../lib/gcc/arm-none-eabi/11.3.1/../../../../arm-none-eabi/lib/thumb/v7e-m+fp/hard\libc_nano.a(libc_a-mprec.o)
                0x000000000800b81c                __lo0bits
 *fill*         0x000000000800b876        0x2 
 .text.__i2b    0x000000000800b878       0x2c C:/ST/STM32CubeIDE_1.13.2/STM32CubeIDE/plugins/com.st.stm32cube.ide.mcu.externaltools.gnu-tools-for-stm32.11.3.rel1.win32_1.1.1.202309131626/tools/bin/../lib/gcc/arm-none-eabi/11.3.1/../../../../arm-none-eabi/lib/thumb/v7e-m+fp/hard\libc_nano.a(libc_a-mprec.o)
                0x000000000800b878                __i2b
 .text.__multiply
                0x000000000800b8a4      0x154 C:/ST/STM32CubeIDE_1.13.2/STM32CubeIDE/plugins/com.st.stm32cube.ide.mcu.externaltools.gnu-tools-for-stm32.11.3.rel1.win32_1.1.1.202309131626/tools/bin/../lib/gcc/arm-none-eabi/11.3.1/../../../../arm-none-eabi/lib/thumb/v7e-m+fp/hard\libc_nano.a(libc_a-mprec.o)
                0x000000000800b8a4                __multiply
 .text.__pow5mult
                0x000000000800b9f8       0xb4 C:/ST/STM32CubeIDE_1.13.2/STM32CubeIDE/plugins/com.st.stm32cube.ide.mcu.externaltools.gnu-tools-for-stm32.11.3.rel1.win32_1.1.1.202309131626/tools/bin/../lib/gcc/arm-none-eabi/11.3.1/../../../../arm-none-eabi/lib/thumb/v7e-m+fp/hard\libc_nano.a(libc_a-mprec.o)
                0x000000000800b9f8                __pow5mult
 .text.__lshift
                0x000000000800baac       0xd8 C:/ST/STM32CubeIDE_1.13.2/STM32CubeIDE/plugins/com.st.stm32cube.ide.mcu.externaltools.gnu-tools-for-stm32.11.3.rel1.win32_1.1.1.202309131626/tools/bin/../lib/gcc/arm-none-eabi/11.3.1/../../../../arm-none-eabi/lib/thumb/v7e-m+fp/hard\libc_nano.a(libc_a-mprec.o)
                0x000000000800baac                __lshift
 .text.__mcmp   0x000000000800bb84       0x38 C:/ST/STM32CubeIDE_1.13.2/STM32CubeIDE/plugins/com.st.stm32cube.ide.mcu.externaltools.gnu-tools-for-stm32.11.3.rel1.win32_1.1.1.202309131626/tools/bin/../lib/gcc/arm-none-eabi/11.3.1/../../../../arm-none-eabi/lib/thumb/v7e-m+fp/hard\libc_nano.a(libc_a-mprec.o)
                0x000000000800bb84                __mcmp
 .text.__mdiff  0x000000000800bbbc      0x114 C:/ST/STM32CubeIDE_1.13.2/STM32CubeIDE/plugins/com.st.stm32cube.ide.mcu.externaltools.gnu-tools-for-stm32.11.3.rel1.win32_1.1.1.202309131626/tools/bin/../lib/gcc/arm-none-eabi/11.3.1/../../../../arm-none-eabi/lib/thumb/v7e-m+fp/hard\libc_nano.a(libc_a-mprec.o)
                0x000000000800bbbc                __mdiff
 .text.__d2b    0x000000000800bcd0       0xb4 C:/ST/STM32CubeIDE_1.13.2/STM32CubeIDE/plugins/com.st.stm32cube.ide.mcu.externaltools.gnu-tools-for-stm32.11.3.rel1.win32_1.1.1.202309131626/tools/bin/../lib/gcc/arm-none-eabi/11.3.1/../../../../arm-none-eabi/lib/thumb/v7e-m+fp/hard\libc_nano.a(libc_a-mprec.o)
                0x000000000800bcd0                __d2b
 .text.__sfputc_r
                0x000000000800bd84       0x2e C:/ST/STM32CubeIDE_1.13.2/STM32CubeIDE/plugins/com.st.stm32cube.ide.mcu.externaltools.gnu-tools-for-stm32.11.3.rel1.win32_1.1.1.202309131626/tools/bin/../lib/gcc/arm-none-eabi/11.3.1/../../../../arm-none-eabi/lib/thumb/v7e-m+fp/hard\libc_nano.a(libc_a-nano-vfprintf.o)
 .text.__sfputs_r