../Drivers/CMSIS/Include/core_cm4.h:1933:34:__NVIC_SystemReset	4	static,ignoring_inline_asm
../Drivers/STM32WBxx_HAL_Driver/Inc/stm32wbxx_ll_system.h:2221:26:LL_FLASH_GetUDN	4	static
../Drivers/STM32WBxx_HAL_Driver/Inc/stm32wbxx_ll_system.h:2233:26:LL_FLASH_GetDeviceID	4	static
../Drivers/STM32WBxx_HAL_Driver/Inc/stm32wbxx_ll_system.h:2245:26:LL_FLASH_GetSTCompanyID	4	static
../STM32_WPAN/App/app_ble.c:133:6:APP_BLE_Init	80	static
../STM32_WPAN/App/app_ble.c:251:28:SVCCTL_App_Notification	32	static
../STM32_WPAN/App/app_ble.c:342:13:Ble_Tl_Init	16	static
../STM32_WPAN/App/app_ble.c:353:13:Ble_Hci_Gap_Gatt_Init	48	static
../STM32_WPAN/App/app_ble.c:505:13:Beacon_Update	24	static
../STM32_WPAN/App/app_ble.c:540:16:BleGetBdAddress	32	static
../STM32_WPAN/App/app_ble.c:600:6:hci_notify_asynch_evt	16	static
../STM32_WPAN/App/app_ble.c:607:6:hci_cmd_resp_release	16	static
../STM32_WPAN/App/app_ble.c:614:6:hci_cmd_resp_wait	16	static
../STM32_WPAN/App/app_ble.c:621:13:BLE_UserEvtRx	24	static
../STM32_WPAN/App/app_ble.c:641:13:BLE_StatusNot	24	static
../STM32_WPAN/App/app_ble.c:680:6:SVCCTL_ResumeUserEventFlow	8	static
