../../../../../../../Drivers/STM32WBxx_HAL_Driver/Inc/stm32wbxx_ll_pwr.h:1663:22:LL_C2_PWR_SetPowerMode	16	static
../../../../../../../Drivers/STM32WBxx_HAL_Driver/Inc/stm32wbxx_ll_exti.h:391:22:LL_EXTI_EnableIT_32_63	16	static
../../../../../../../Drivers/STM32WBxx_HAL_Driver/Inc/stm32wbxx_ll_rcc.h:1359:22:LL_RCC_HSE_SetCapacitorTuning	16	static
../../../../../../../Drivers/STM32WBxx_HAL_Driver/Inc/stm32wbxx_ll_rcc.h:2349:22:LL_RCC_SetClkAfterWakeFromStop	16	static
../../../../../../../Drivers/STM32WBxx_HAL_Driver/Inc/stm32wbxx_ll_cortex.h:311:22:LL_LPM_EnableSleep	4	static
../../../../../../../Drivers/STM32WBxx_HAL_Driver/Inc/stm32wbxx_ll_rtc.h:1031:22:LL_RTC_EnableWriteProtection	16	static
../../../../../../../Drivers/STM32WBxx_HAL_Driver/Inc/stm32wbxx_ll_rtc.h:1042:22:LL_RTC_DisableWriteProtection	16	static
../../../../../../../Drivers/STM32WBxx_HAL_Driver/Inc/stm32wbxx_ll_rtc.h:3006:22:LL_RTC_WAKEUP_SetClock	16	static
C:/Users/mjm17h/Documents/RF-Wireless-Sensors-main/STM32Cube_FW_WB_V1.17.0/Projects/NUCLEO-WB15CC/Applications/BLE/BLE_TransparentMode/Core/Src/app_entry.c:106:6:MX_APPE_Config	8	static
C:/Users/mjm17h/Documents/RF-Wireless-Sensors-main/STM32Cube_FW_WB_V1.17.0/Projects/NUCLEO-WB15CC/Applications/BLE/BLE_TransparentMode/Core/Src/app_entry.c:126:6:MX_APPE_Init	8	static
C:/Users/mjm17h/Documents/RF-Wireless-Sensors-main/STM32Cube_FW_WB_V1.17.0/Projects/NUCLEO-WB15CC/Applications/BLE/BLE_TransparentMode/Core/Src/app_entry.c:163:6:Init_Smps	4	static
C:/Users/mjm17h/Documents/RF-Wireless-Sensors-main/STM32Cube_FW_WB_V1.17.0/Projects/NUCLEO-WB15CC/Applications/BLE/BLE_TransparentMode/Core/Src/app_entry.c:181:6:Init_Exti	8	static
C:/Users/mjm17h/Documents/RF-Wireless-Sensors-main/STM32Cube_FW_WB_V1.17.0/Projects/NUCLEO-WB15CC/Applications/BLE/BLE_TransparentMode/Core/Src/app_entry.c:198:13:Reset_Device	4	static
C:/Users/mjm17h/Documents/RF-Wireless-Sensors-main/STM32Cube_FW_WB_V1.17.0/Projects/NUCLEO-WB15CC/Applications/BLE/BLE_TransparentMode/Core/Src/app_entry.c:267:13:Config_HSE	16	static
C:/Users/mjm17h/Documents/RF-Wireless-Sensors-main/STM32Cube_FW_WB_V1.17.0/Projects/NUCLEO-WB15CC/Applications/BLE/BLE_TransparentMode/Core/Src/app_entry.c:283:13:System_Init	8	static
C:/Users/mjm17h/Documents/RF-Wireless-Sensors-main/STM32Cube_FW_WB_V1.17.0/Projects/NUCLEO-WB15CC/Applications/BLE/BLE_TransparentMode/Core/Src/app_entry.c:294:13:Init_Rtc	8	static
C:/Users/mjm17h/Documents/RF-Wireless-Sensors-main/STM32Cube_FW_WB_V1.17.0/Projects/NUCLEO-WB15CC/Applications/BLE/BLE_TransparentMode/Core/Src/app_entry.c:315:13:SystemPower_Config	8	static
C:/Users/mjm17h/Documents/RF-Wireless-Sensors-main/STM32Cube_FW_WB_V1.17.0/Projects/NUCLEO-WB15CC/Applications/BLE/BLE_TransparentMode/Core/Src/app_entry.c:341:13:appe_Tl_Init	48	static
C:/Users/mjm17h/Documents/RF-Wireless-Sensors-main/STM32Cube_FW_WB_V1.17.0/Projects/NUCLEO-WB15CC/Applications/BLE/BLE_TransparentMode/Core/Src/app_entry.c:368:13:APPE_SysUserEvtRx	16	static
C:/Users/mjm17h/Documents/RF-Wireless-Sensors-main/STM32Cube_FW_WB_V1.17.0/Projects/NUCLEO-WB15CC/Applications/BLE/BLE_TransparentMode/Core/Src/app_entry.c:377:13:shci_user_evt_proc	16	static
C:/Users/mjm17h/Documents/RF-Wireless-Sensors-main/STM32Cube_FW_WB_V1.17.0/Projects/NUCLEO-WB15CC/Applications/BLE/BLE_TransparentMode/Core/Src/app_entry.c:398:6:APPE_Led_Init	8	static
C:/Users/mjm17h/Documents/RF-Wireless-Sensors-main/STM32Cube_FW_WB_V1.17.0/Projects/NUCLEO-WB15CC/Applications/BLE/BLE_TransparentMode/Core/Src/app_entry.c:415:6:APPE_Button_Init	8	static
C:/Users/mjm17h/Documents/RF-Wireless-Sensors-main/STM32Cube_FW_WB_V1.17.0/Projects/NUCLEO-WB15CC/Applications/BLE/BLE_TransparentMode/Core/Src/app_entry.c:436:6:HAL_Delay	24	static,ignoring_inline_asm
C:/Users/mjm17h/Documents/RF-Wireless-Sensors-main/STM32Cube_FW_WB_V1.17.0/Projects/NUCLEO-WB15CC/Applications/BLE/BLE_TransparentMode/Core/Src/app_entry.c:465:6:MX_APPE_Process	8	static
C:/Users/mjm17h/Documents/RF-Wireless-Sensors-main/STM32Cube_FW_WB_V1.17.0/Projects/NUCLEO-WB15CC/Applications/BLE/BLE_TransparentMode/Core/Src/app_entry.c:476:6:UTIL_SEQ_Idle	8	static
C:/Users/mjm17h/Documents/RF-Wireless-Sensors-main/STM32Cube_FW_WB_V1.17.0/Projects/NUCLEO-WB15CC/Applications/BLE/BLE_TransparentMode/Core/Src/app_entry.c:491:6:UTIL_SEQ_EvtIdle	16	static
C:/Users/mjm17h/Documents/RF-Wireless-Sensors-main/STM32Cube_FW_WB_V1.17.0/Projects/NUCLEO-WB15CC/Applications/BLE/BLE_TransparentMode/Core/Src/app_entry.c:499:6:HAL_GPIO_EXTI_Callback	16	static
C:/Users/mjm17h/Documents/RF-Wireless-Sensors-main/STM32Cube_FW_WB_V1.17.0/Projects/NUCLEO-WB15CC/Applications/BLE/BLE_TransparentMode/Core/Src/app_entry.c:513:13:RxUART_Init	8	static
C:/Users/mjm17h/Documents/RF-Wireless-Sensors-main/STM32Cube_FW_WB_V1.17.0/Projects/NUCLEO-WB15CC/Applications/BLE/BLE_TransparentMode/Core/Src/app_entry.c:518:13:RxCpltCallback	8	static
C:/Users/mjm17h/Documents/RF-Wireless-Sensors-main/STM32Cube_FW_WB_V1.17.0/Projects/NUCLEO-WB15CC/Applications/BLE/BLE_TransparentMode/Core/Src/app_entry.c:543:13:UartCmdExecute	8	static
