../../../../../../../Drivers/STM32WBxx_HAL_Driver/Inc/stm32wbxx_ll_system.h:2223:26:LL_FLASH_GetUDN	4	static
../../../../../../../Drivers/STM32WBxx_HAL_Driver/Inc/stm32wbxx_ll_system.h:2235:26:LL_FLASH_GetDeviceID	4	static
../../../../../../../Drivers/STM32WBxx_HAL_Driver/Inc/stm32wbxx_ll_system.h:2247:26:LL_FLASH_GetSTCompanyID	4	static
C:/Users/mjm17h/Documents/RF-Wireless-Sensors-main/STM32Cube_FW_WB_V1.17.0/Projects/NUCLEO-WB15CC/Applications/BLE/BLE_p2pClient_Ext/STM32_WPAN/App/app_ble.c:258:6:APP_BLE_Init	80	static
C:/Users/mjm17h/Documents/RF-Wireless-Sensors-main/STM32Cube_FW_WB_V1.17.0/Projects/NUCLEO-WB15CC/Applications/BLE/BLE_p2pClient_Ext/STM32_WPAN/App/app_ble.c:390:28:SVCCTL_App_Notification	112	static
C:/Users/mjm17h/Documents/RF-Wireless-Sensors-main/STM32Cube_FW_WB_V1.17.0/Projects/NUCLEO-WB15CC/Applications/BLE/BLE_p2pClient_Ext/STM32_WPAN/App/app_ble.c:798:22:APP_BLE_Get_Client_Connection_Status	16	static
C:/Users/mjm17h/Documents/RF-Wireless-Sensors-main/STM32Cube_FW_WB_V1.17.0/Projects/NUCLEO-WB15CC/Applications/BLE/BLE_p2pClient_Ext/STM32_WPAN/App/app_ble.c:807:6:APP_BLE_Key_Button1_Action	8	static
C:/Users/mjm17h/Documents/RF-Wireless-Sensors-main/STM32Cube_FW_WB_V1.17.0/Projects/NUCLEO-WB15CC/Applications/BLE/BLE_p2pClient_Ext/STM32_WPAN/App/app_ble.c:828:6:APP_BLE_Key_Button2_Action	4	static
C:/Users/mjm17h/Documents/RF-Wireless-Sensors-main/STM32Cube_FW_WB_V1.17.0/Projects/NUCLEO-WB15CC/Applications/BLE/BLE_p2pClient_Ext/STM32_WPAN/App/app_ble.c:833:6:APP_BLE_Key_Button3_Action	8	static
C:/Users/mjm17h/Documents/RF-Wireless-Sensors-main/STM32Cube_FW_WB_V1.17.0/Projects/NUCLEO-WB15CC/Applications/BLE/BLE_p2pClient_Ext/STM32_WPAN/App/app_ble.c:854:13:Ble_Tl_Init	16	static
C:/Users/mjm17h/Documents/RF-Wireless-Sensors-main/STM32Cube_FW_WB_V1.17.0/Projects/NUCLEO-WB15CC/Applications/BLE/BLE_p2pClient_Ext/STM32_WPAN/App/app_ble.c:865:13:Ble_Hci_Gap_Gatt_Init	72	static
C:/Users/mjm17h/Documents/RF-Wireless-Sensors-main/STM32Cube_FW_WB_V1.17.0/Projects/NUCLEO-WB15CC/Applications/BLE/BLE_p2pClient_Ext/STM32_WPAN/App/app_ble.c:1121:13:Scan_Request	16	static
C:/Users/mjm17h/Documents/RF-Wireless-Sensors-main/STM32Cube_FW_WB_V1.17.0/Projects/NUCLEO-WB15CC/Applications/BLE/BLE_p2pClient_Ext/STM32_WPAN/App/app_ble.c:1156:13:Scan_Terminate	16	static
C:/Users/mjm17h/Documents/RF-Wireless-Sensors-main/STM32Cube_FW_WB_V1.17.0/Projects/NUCLEO-WB15CC/Applications/BLE/BLE_p2pClient_Ext/STM32_WPAN/App/app_ble.c:1173:13:Connect_Request	48	static
C:/Users/mjm17h/Documents/RF-Wireless-Sensors-main/STM32Cube_FW_WB_V1.17.0/Projects/NUCLEO-WB15CC/Applications/BLE/BLE_p2pClient_Ext/STM32_WPAN/App/app_ble.c:1225:13:Switch_OFF_GPIO	8	static
C:/Users/mjm17h/Documents/RF-Wireless-Sensors-main/STM32Cube_FW_WB_V1.17.0/Projects/NUCLEO-WB15CC/Applications/BLE/BLE_p2pClient_Ext/STM32_WPAN/App/app_ble.c:1233:16:BleGetBdAddress	32	static
C:/Users/mjm17h/Documents/RF-Wireless-Sensors-main/STM32Cube_FW_WB_V1.17.0/Projects/NUCLEO-WB15CC/Applications/BLE/BLE_p2pClient_Ext/STM32_WPAN/App/app_ble.c:1290:6:hci_notify_asynch_evt	16	static
C:/Users/mjm17h/Documents/RF-Wireless-Sensors-main/STM32Cube_FW_WB_V1.17.0/Projects/NUCLEO-WB15CC/Applications/BLE/BLE_p2pClient_Ext/STM32_WPAN/App/app_ble.c:1296:6:hci_cmd_resp_release	16	static
C:/Users/mjm17h/Documents/RF-Wireless-Sensors-main/STM32Cube_FW_WB_V1.17.0/Projects/NUCLEO-WB15CC/Applications/BLE/BLE_p2pClient_Ext/STM32_WPAN/App/app_ble.c:1302:6:hci_cmd_resp_wait	16	static
C:/Users/mjm17h/Documents/RF-Wireless-Sensors-main/STM32Cube_FW_WB_V1.17.0/Projects/NUCLEO-WB15CC/Applications/BLE/BLE_p2pClient_Ext/STM32_WPAN/App/app_ble.c:1308:13:BLE_UserEvtRx	24	static
C:/Users/mjm17h/Documents/RF-Wireless-Sensors-main/STM32Cube_FW_WB_V1.17.0/Projects/NUCLEO-WB15CC/Applications/BLE/BLE_p2pClient_Ext/STM32_WPAN/App/app_ble.c:1328:13:BLE_StatusNot	24	static
C:/Users/mjm17h/Documents/RF-Wireless-Sensors-main/STM32Cube_FW_WB_V1.17.0/Projects/NUCLEO-WB15CC/Applications/BLE/BLE_p2pClient_Ext/STM32_WPAN/App/app_ble.c:1357:6:SVCCTL_ResumeUserEventFlow	8	static
