../Core/Src/LIS2DW12.c:16:6:LIS2DW12_Initialization	32	static
../Core/Src/LIS2DW12.c:60:6:LIS2DW12_Set_ODR	24	static
../Core/Src/LIS2DW12.c:74:9:LIS2DW12_Get_ODR	24	static
../Core/Src/LIS2DW12.c:88:6:LIS2DW12_Set_Sensitivity	24	static
../Core/Src/LIS2DW12.c:103:9:LIS2DW12_Get_Reg	24	static
../Core/Src/LIS2DW12.c:119:6:LIS2DW12_Set_HP	88	static
../Core/Src/LIS2DW12.c:138:6:LIS2DW12_Set_Offset	24	static
../Core/Src/LIS2DW12.c:165:9:LIS2DW12_Get_Sensitivity	24	static
../Core/Src/LIS2DW12.c:179:6:LIS2DW12_Set_FIFO	96	static
../Core/Src/LIS2DW12.c:192:6:LIS2DW12_Set_Int_Fth	24	static
../Core/Src/LIS2DW12.c:207:6:LIS2DW12_Set_FIFO_Threshold	88	static
../Core/Src/LIS2DW12.c:222:9:LIS2DW12_ReadID	24	static
../Core/Src/LIS2DW12.c:236:7:LIS2DW12_ReadX	32	static
../Core/Src/LIS2DW12.c:261:7:LIS2DW12_ReadY	32	static
../Core/Src/LIS2DW12.c:286:7:LIS2DW12_ReadZ	32	static
../Core/Src/LIS2DW12.c:309:6:LIS2DW12_Reset_FIFO	24	static
../Core/Src/LIS2DW12.c:327:6:LIS2DW12_Wait_for_Data	24	static
../Core/Src/LIS2DW12.c:341:6:LIS2DW12_Self_Test	96	static
../Core/Src/LIS2DW12.c:400:9:LIS2DW12_Get_FIFO_SAMPLES	24	static
../Core/Src/LIS2DW12.c:414:9:LIS2DW12_Get_FIFO_FTH	24	static
../Core/Src/LIS2DW12.c:426:6:LIS2DW12_Get_FIFO_Z	96	static
../Core/Src/LIS2DW12.c:434:9:LIS2DW12_Get_STATUS	24	static
../Core/Src/LIS2DW12.c:443:6:LIS2DW12_ReadXYZ	32	static
