C:/Users/mjm17h/Documents/RF-Wireless-Sensors-main/STM32Cube_FW_WB_V1.17.0/Projects/NUCLEO-WB15CC/Applications/BLE/BLE_p2pClient_Ext/Core/Src/stm32wbxx_it.c:73:6:NMI_Handler	4	static
C:/Users/mjm17h/Documents/RF-Wireless-Sensors-main/STM32Cube_FW_WB_V1.17.0/Projects/NUCLEO-WB15CC/Applications/BLE/BLE_p2pClient_Ext/Core/Src/stm32wbxx_it.c:88:6:HardFault_Handler	4	static
C:/Users/mjm17h/Documents/RF-Wireless-Sensors-main/STM32Cube_FW_WB_V1.17.0/Projects/NUCLEO-WB15CC/Applications/BLE/BLE_p2pClient_Ext/Core/Src/stm32wbxx_it.c:103:6:MemManage_Handler	4	static
C:/Users/mjm17h/Documents/RF-Wireless-Sensors-main/STM32Cube_FW_WB_V1.17.0/Projects/NUCLEO-WB15CC/Applications/BLE/BLE_p2pClient_Ext/Core/Src/stm32wbxx_it.c:118:6:BusFault_Handler	4	static
C:/Users/mjm17h/Documents/RF-Wireless-Sensors-main/STM32Cube_FW_WB_V1.17.0/Projects/NUCLEO-WB15CC/Applications/BLE/BLE_p2pClient_Ext/Core/Src/stm32wbxx_it.c:133:6:UsageFault_Handler	4	static
C:/Users/mjm17h/Documents/RF-Wireless-Sensors-main/STM32Cube_FW_WB_V1.17.0/Projects/NUCLEO-WB15CC/Applications/BLE/BLE_p2pClient_Ext/Core/Src/stm32wbxx_it.c:148:6:SVC_Handler	4	static
C:/Users/mjm17h/Documents/RF-Wireless-Sensors-main/STM32Cube_FW_WB_V1.17.0/Projects/NUCLEO-WB15CC/Applications/BLE/BLE_p2pClient_Ext/Core/Src/stm32wbxx_it.c:161:6:DebugMon_Handler	4	static
C:/Users/mjm17h/Documents/RF-Wireless-Sensors-main/STM32Cube_FW_WB_V1.17.0/Projects/NUCLEO-WB15CC/Applications/BLE/BLE_p2pClient_Ext/Core/Src/stm32wbxx_it.c:174:6:PendSV_Handler	4	static
C:/Users/mjm17h/Documents/RF-Wireless-Sensors-main/STM32Cube_FW_WB_V1.17.0/Projects/NUCLEO-WB15CC/Applications/BLE/BLE_p2pClient_Ext/Core/Src/stm32wbxx_it.c:187:6:SysTick_Handler	8	static
C:/Users/mjm17h/Documents/RF-Wireless-Sensors-main/STM32Cube_FW_WB_V1.17.0/Projects/NUCLEO-WB15CC/Applications/BLE/BLE_p2pClient_Ext/Core/Src/stm32wbxx_it.c:208:6:RTC_WKUP_IRQHandler	8	static
C:/Users/mjm17h/Documents/RF-Wireless-Sensors-main/STM32Cube_FW_WB_V1.17.0/Projects/NUCLEO-WB15CC/Applications/BLE/BLE_p2pClient_Ext/Core/Src/stm32wbxx_it.c:222:6:DMA1_Channel4_IRQHandler	8	static
C:/Users/mjm17h/Documents/RF-Wireless-Sensors-main/STM32Cube_FW_WB_V1.17.0/Projects/NUCLEO-WB15CC/Applications/BLE/BLE_p2pClient_Ext/Core/Src/stm32wbxx_it.c:236:6:USART1_IRQHandler	8	static
C:/Users/mjm17h/Documents/RF-Wireless-Sensors-main/STM32Cube_FW_WB_V1.17.0/Projects/NUCLEO-WB15CC/Applications/BLE/BLE_p2pClient_Ext/Core/Src/stm32wbxx_it.c:250:6:IPCC_C1_RX_IRQHandler	8	static
C:/Users/mjm17h/Documents/RF-Wireless-Sensors-main/STM32Cube_FW_WB_V1.17.0/Projects/NUCLEO-WB15CC/Applications/BLE/BLE_p2pClient_Ext/Core/Src/stm32wbxx_it.c:264:6:IPCC_C1_TX_IRQHandler	8	static
C:/Users/mjm17h/Documents/RF-Wireless-Sensors-main/STM32Cube_FW_WB_V1.17.0/Projects/NUCLEO-WB15CC/Applications/BLE/BLE_p2pClient_Ext/Core/Src/stm32wbxx_it.c:278:6:HSEM_IRQHandler	8	static
C:/Users/mjm17h/Documents/RF-Wireless-Sensors-main/STM32Cube_FW_WB_V1.17.0/Projects/NUCLEO-WB15CC/Applications/BLE/BLE_p2pClient_Ext/Core/Src/stm32wbxx_it.c:296:6:EXTI0_IRQHandler	8	static
C:/Users/mjm17h/Documents/RF-Wireless-Sensors-main/STM32Cube_FW_WB_V1.17.0/Projects/NUCLEO-WB15CC/Applications/BLE/BLE_p2pClient_Ext/Core/Src/stm32wbxx_it.c:307:6:EXTI4_IRQHandler	8	static
C:/Users/mjm17h/Documents/RF-Wireless-Sensors-main/STM32Cube_FW_WB_V1.17.0/Projects/NUCLEO-WB15CC/Applications/BLE/BLE_p2pClient_Ext/Core/Src/stm32wbxx_it.c:318:6:EXTI9_5_IRQHandler	8	static
