../Drivers/STM32WBxx_HAL_Driver/Inc/stm32wbxx_ll_rcc.h:1675:22:LL_RCC_LSE_SetDriveCapability	16	static
../Drivers/STM32WBxx_HAL_Driver/Inc/stm32wbxx_ll_bus.h:539:22:LL_AHB2_GRP1_EnableClock	24	static
../Core/Src/main.c:84:1:__io_putchar	16	static
../Core/Src/main.c:94:9:runAlgo	96	static
../Core/Src/main.c:144:5:main	8	static
../Core/Src/main.c:204:6:SystemClock_Config	104	static
../Core/Src/main.c:251:6:PeriphCommonClock_Config	56	static
../Core/Src/main.c:276:13:MX_I2C1_Init	8	static
../Core/Src/main.c:324:13:MX_IPCC_Init	8	static
../Core/Src/main.c:350:13:MX_RF_Init	4	static
../Core/Src/main.c:371:13:MX_RTC_Init	8	static
../Core/Src/main.c:413:13:MX_USART1_UART_Init	8	static
../Core/Src/main.c:461:13:MX_GPIO_Init	32	static
../Core/Src/main.c:517:6:HAL_GPIO_EXTI_Callback	16	static
../Core/Src/main.c:530:6:Error_Handler	4	static,ignoring_inline_asm
