../Drivers/STM32WBxx_HAL_Driver/Inc/stm32wbxx_ll_rcc.h:1675:22:LL_RCC_LSE_SetDriveCapability	16	static
../Drivers/STM32WBxx_HAL_Driver/Inc/stm32wbxx_ll_bus.h:539:22:LL_AHB2_GRP1_EnableClock	24	static
../Core/Src/main.c:67:1:__io_putchar	16	static
../Core/Src/main.c:79:6:MAX30003_Initialise	128	static
../Core/Src/main.c:111:6:MAX30003_getHeartRate	144	static
../Core/Src/main.c:155:5:main	8	static
../Core/Src/main.c:206:6:SystemClock_Config	104	static
../Core/Src/main.c:254:6:PeriphCommonClock_Config	56	static
../Core/Src/main.c:278:13:MX_SPI1_Init	8	static
../Core/Src/main.c:318:13:MX_USART1_UART_Init	8	static
../Core/Src/main.c:366:13:MX_GPIO_Init	32	static
../Core/Src/main.c:405:6:HAL_GPIO_EXTI_Callback	16	static
../Core/Src/main.c:418:6:Error_Handler	4	static,ignoring_inline_asm
