C:/Users/MATT.C/Downloads/STM32Cube_FW_WB_V1.17.0/Projects/NUCLEO-WB15CC/Applications/BLE/BLE_p2pServer/STM32_WPAN/App/p2p_server_app.c:84:6:P2PS_STM_App_Notification	16	static
C:/Users/MATT.C/Downloads/STM32Cube_FW_WB_V1.17.0/Projects/NUCLEO-WB15CC/Applications/BLE/BLE_p2pServer/STM32_WPAN/App/p2p_server_app.c:260:6:P2PS_APP_Notification	16	static
C:/Users/MATT.C/Downloads/STM32Cube_FW_WB_V1.17.0/Projects/NUCLEO-WB15CC/Applications/BLE/BLE_p2pServer/STM32_WPAN/App/p2p_server_app.c:294:6:P2PS_APP_Init	8	static
C:/Users/MATT.C/Downloads/STM32Cube_FW_WB_V1.17.0/Projects/NUCLEO-WB15CC/Applications/BLE/BLE_p2pServer/STM32_WPAN/App/p2p_server_app.c:309:6:P2PS_APP_LED_BUTTON_context_Init	8	static
C:/Users/MATT.C/Downloads/STM32Cube_FW_WB_V1.17.0/Projects/NUCLEO-WB15CC/Applications/BLE/BLE_p2pServer/STM32_WPAN/App/p2p_server_app.c:352:6:P2PS_APP_SW1_Button_Action	8	static
C:/Users/MATT.C/Downloads/STM32Cube_FW_WB_V1.17.0/Projects/NUCLEO-WB15CC/Applications/BLE/BLE_p2pServer/STM32_WPAN/App/p2p_server_app.c:366:6:P2PS_Send_Notification	8	static
