../Drivers/STM32WBxx_HAL_Driver/Inc/stm32wbxx_ll_rcc.h:1675:22:LL_RCC_LSE_SetDriveCapability	16	static
../Drivers/STM32WBxx_HAL_Driver/Inc/stm32wbxx_ll_bus.h:539:22:LL_AHB2_GRP1_EnableClock	24	static
../Core/Src/main.c:73:5:main	8	static
../Core/Src/main.c:131:6:SystemClock_Config	104	static
../Core/Src/main.c:178:6:PeriphCommonClock_Config	56	static
../Core/Src/main.c:203:13:MX_COMP1_Init	8	static
../Core/Src/main.c:236:13:MX_IPCC_Init	8	static
../Core/Src/main.c:262:13:MX_RF_Init	4	static
../Core/Src/main.c:283:13:MX_RTC_Init	8	static
../Core/Src/main.c:325:13:MX_GPIO_Init	32	static
../Core/Src/main.c:373:6:HAL_COMP_TriggerCallback	16	static
../Core/Src/main.c:385:6:Error_Handler	4	static,ignoring_inline_asm
