../../../../../../../Drivers/STM32WBxx_HAL_Driver/Inc/stm32wbxx_ll_rcc.h:1679:22:LL_RCC_LSE_SetDriveCapability	16	static
../../../../../../../Drivers/STM32WBxx_HAL_Driver/Inc/stm32wbxx_ll_bus.h:364:22:LL_AHB1_GRP1_EnableClock	24	static
../../../../../../../Drivers/STM32WBxx_HAL_Driver/Inc/stm32wbxx_ll_bus.h:539:22:LL_AHB2_GRP1_EnableClock	24	static
../../../../../../../Drivers/STM32WBxx_HAL_Driver/Inc/stm32wbxx_ll_rtc.h:1031:22:LL_RTC_EnableWriteProtection	16	static
../../../../../../../Drivers/STM32WBxx_HAL_Driver/Inc/stm32wbxx_ll_rtc.h:1042:22:LL_RTC_DisableWriteProtection	16	static
../../../../../../../Drivers/STM32WBxx_HAL_Driver/Inc/stm32wbxx_ll_rtc.h:3006:22:LL_RTC_WAKEUP_SetClock	16	static
C:/Users/MATT.C/Downloads/STM32Cube_FW_WB_V1.17.0/Projects/NUCLEO-WB15CC/Applications/BLE/BLE_p2pServer/Core/Src/main.c:86:1:__io_putchar	16	static
C:/Users/MATT.C/Downloads/STM32Cube_FW_WB_V1.17.0/Projects/NUCLEO-WB15CC/Applications/BLE/BLE_p2pServer/Core/Src/main.c:102:5:main	8	static
C:/Users/MATT.C/Downloads/STM32Cube_FW_WB_V1.17.0/Projects/NUCLEO-WB15CC/Applications/BLE/BLE_p2pServer/Core/Src/main.c:161:6:SystemClock_Config	104	static
C:/Users/MATT.C/Downloads/STM32Cube_FW_WB_V1.17.0/Projects/NUCLEO-WB15CC/Applications/BLE/BLE_p2pServer/Core/Src/main.c:208:6:PeriphCommonClock_Config	56	static
C:/Users/MATT.C/Downloads/STM32Cube_FW_WB_V1.17.0/Projects/NUCLEO-WB15CC/Applications/BLE/BLE_p2pServer/Core/Src/main.c:233:6:MX_IPCC_Init	8	static
C:/Users/MATT.C/Downloads/STM32Cube_FW_WB_V1.17.0/Projects/NUCLEO-WB15CC/Applications/BLE/BLE_p2pServer/Core/Src/main.c:259:13:MX_RNG_Init	8	static
C:/Users/MATT.C/Downloads/STM32Cube_FW_WB_V1.17.0/Projects/NUCLEO-WB15CC/Applications/BLE/BLE_p2pServer/Core/Src/main.c:286:6:MX_RTC_Init	8	static
C:/Users/MATT.C/Downloads/STM32Cube_FW_WB_V1.17.0/Projects/NUCLEO-WB15CC/Applications/BLE/BLE_p2pServer/Core/Src/main.c:334:6:MX_USART1_UART_Init	8	static
C:/Users/MATT.C/Downloads/STM32Cube_FW_WB_V1.17.0/Projects/NUCLEO-WB15CC/Applications/BLE/BLE_p2pServer/Core/Src/main.c:380:6:MX_DMA_Init	8	static
C:/Users/MATT.C/Downloads/STM32Cube_FW_WB_V1.17.0/Projects/NUCLEO-WB15CC/Applications/BLE/BLE_p2pServer/Core/Src/main.c:399:6:MX_GPIO_Init	8	static
C:/Users/MATT.C/Downloads/STM32Cube_FW_WB_V1.17.0/Projects/NUCLEO-WB15CC/Applications/BLE/BLE_p2pServer/Core/Src/main.c:420:6:Error_Handler	4	static
