../../../../../../../Drivers/STM32WBxx_HAL_Driver/Inc/stm32wbxx_ll_system.h:2223:26:LL_FLASH_GetUDN	4	static
../../../../../../../Drivers/STM32WBxx_HAL_Driver/Inc/stm32wbxx_ll_system.h:2235:26:LL_FLASH_GetDeviceID	4	static
../../../../../../../Drivers/STM32WBxx_HAL_Driver/Inc/stm32wbxx_ll_system.h:2247:26:LL_FLASH_GetSTCompanyID	4	static
C:/Users/MATT.C/Downloads/STM32Cube_FW_WB_V1.17.0/Projects/NUCLEO-WB15CC/Applications/BLE/BLE_p2pClient/STM32_WPAN/App/app_ble.c:253:6:APP_BLE_Init	80	static
C:/Users/MATT.C/Downloads/STM32Cube_FW_WB_V1.17.0/Projects/NUCLEO-WB15CC/Applications/BLE/BLE_p2pClient/STM32_WPAN/App/app_ble.c:369:28:SVCCTL_App_Notification	216	static
C:/Users/MATT.C/Downloads/STM32Cube_FW_WB_V1.17.0/Projects/NUCLEO-WB15CC/Applications/BLE/BLE_p2pClient/STM32_WPAN/App/app_ble.c:446:22:APP_BLE_Get_Client_Connection_Status	16	static
C:/Users/MATT.C/Downloads/STM32Cube_FW_WB_V1.17.0/Projects/NUCLEO-WB15CC/Applications/BLE/BLE_p2pClient/STM32_WPAN/App/app_ble.c:455:6:APP_BLE_Key_Button1_Action	8	static
C:/Users/MATT.C/Downloads/STM32Cube_FW_WB_V1.17.0/Projects/NUCLEO-WB15CC/Applications/BLE/BLE_p2pClient/STM32_WPAN/App/app_ble.c:471:6:APP_BLE_Key_Button2_Action	4	static
C:/Users/MATT.C/Downloads/STM32Cube_FW_WB_V1.17.0/Projects/NUCLEO-WB15CC/Applications/BLE/BLE_p2pClient/STM32_WPAN/App/app_ble.c:475:6:APP_BLE_Key_Button3_Action	8	static
C:/Users/MATT.C/Downloads/STM32Cube_FW_WB_V1.17.0/Projects/NUCLEO-WB15CC/Applications/BLE/BLE_p2pClient/STM32_WPAN/App/app_ble.c:489:13:Ble_Tl_Init	16	static
C:/Users/MATT.C/Downloads/STM32Cube_FW_WB_V1.17.0/Projects/NUCLEO-WB15CC/Applications/BLE/BLE_p2pClient/STM32_WPAN/App/app_ble.c:500:13:Ble_Hci_Gap_Gatt_Init	72	static
C:/Users/MATT.C/Downloads/STM32Cube_FW_WB_V1.17.0/Projects/NUCLEO-WB15CC/Applications/BLE/BLE_p2pClient/STM32_WPAN/App/app_ble.c:662:13:Scan_Request	24	static
C:/Users/MATT.C/Downloads/STM32Cube_FW_WB_V1.17.0/Projects/NUCLEO-WB15CC/Applications/BLE/BLE_p2pClient/STM32_WPAN/App/app_ble.c:698:13:Connect_Request	48	static
C:/Users/MATT.C/Downloads/STM32Cube_FW_WB_V1.17.0/Projects/NUCLEO-WB15CC/Applications/BLE/BLE_p2pClient/STM32_WPAN/App/app_ble.c:743:13:Switch_OFF_GPIO	8	static
C:/Users/MATT.C/Downloads/STM32Cube_FW_WB_V1.17.0/Projects/NUCLEO-WB15CC/Applications/BLE/BLE_p2pClient/STM32_WPAN/App/app_ble.c:750:16:BleGetBdAddress	32	static
C:/Users/MATT.C/Downloads/STM32Cube_FW_WB_V1.17.0/Projects/NUCLEO-WB15CC/Applications/BLE/BLE_p2pClient/STM32_WPAN/App/app_ble.c:807:6:hci_notify_asynch_evt	16	static
C:/Users/MATT.C/Downloads/STM32Cube_FW_WB_V1.17.0/Projects/NUCLEO-WB15CC/Applications/BLE/BLE_p2pClient/STM32_WPAN/App/app_ble.c:813:6:hci_cmd_resp_release	16	static
C:/Users/MATT.C/Downloads/STM32Cube_FW_WB_V1.17.0/Projects/NUCLEO-WB15CC/Applications/BLE/BLE_p2pClient/STM32_WPAN/App/app_ble.c:819:6:hci_cmd_resp_wait	16	static
C:/Users/MATT.C/Downloads/STM32Cube_FW_WB_V1.17.0/Projects/NUCLEO-WB15CC/Applications/BLE/BLE_p2pClient/STM32_WPAN/App/app_ble.c:825:13:BLE_UserEvtRx	24	static
C:/Users/MATT.C/Downloads/STM32Cube_FW_WB_V1.17.0/Projects/NUCLEO-WB15CC/Applications/BLE/BLE_p2pClient/STM32_WPAN/App/app_ble.c:845:13:BLE_StatusNot	24	static
C:/Users/MATT.C/Downloads/STM32Cube_FW_WB_V1.17.0/Projects/NUCLEO-WB15CC/Applications/BLE/BLE_p2pClient/STM32_WPAN/App/app_ble.c:874:6:SVCCTL_ResumeUserEventFlow	8	static
