C:/Users/MATT.C/Downloads/STM32Cube_FW_WB_V1.17.0/Projects/NUCLEO-WB15CC/Applications/BLE/BLE_p2pClient/STM32_WPAN/App/p2p_client_app.c:175:6:P2PC_APP_Init	16	static
C:/Users/MATT.C/Downloads/STM32Cube_FW_WB_V1.17.0/Projects/NUCLEO-WB15CC/Applications/BLE/BLE_p2pClient/STM32_WPAN/App/p2p_client_app.c:213:6:P2PC_APP_Notification	24	static
C:/Users/MATT.C/Downloads/STM32Cube_FW_WB_V1.17.0/Projects/NUCLEO-WB15CC/Applications/BLE/BLE_p2pClient/STM32_WPAN/App/p2p_client_app.c:261:6:P2PC_APP_SW1_Button_Action	8	static
C:/Users/MATT.C/Downloads/STM32Cube_FW_WB_V1.17.0/Projects/NUCLEO-WB15CC/Applications/BLE/BLE_p2pClient/STM32_WPAN/App/p2p_client_app.c:280:30:Event_Handler	88	static
C:/Users/MATT.C/Downloads/STM32Cube_FW_WB_V1.17.0/Projects/NUCLEO-WB15CC/Applications/BLE/BLE_p2pClient/STM32_WPAN/App/p2p_client_app.c:567:6:Gatt_Notification	16	static
C:/Users/MATT.C/Downloads/STM32Cube_FW_WB_V1.17.0/Projects/NUCLEO-WB15CC/Applications/BLE/BLE_p2pClient/STM32_WPAN/App/p2p_client_app.c:619:9:P2P_Client_APP_Get_State	4	static
C:/Users/MATT.C/Downloads/STM32Cube_FW_WB_V1.17.0/Projects/NUCLEO-WB15CC/Applications/BLE/BLE_p2pClient/STM32_WPAN/App/p2p_client_app.c:628:12:Write_Char	24	static
C:/Users/MATT.C/Downloads/STM32Cube_FW_WB_V1.17.0/Projects/NUCLEO-WB15CC/Applications/BLE/BLE_p2pClient/STM32_WPAN/App/p2p_client_app.c:654:6:Button_Trigger_Received	8	static
C:/Users/MATT.C/Downloads/STM32Cube_FW_WB_V1.17.0/Projects/NUCLEO-WB15CC/Applications/BLE/BLE_p2pClient/STM32_WPAN/App/p2p_client_app.c:670:6:Update_Service	16	static
