../Drivers/STM32WBxx_HAL_Driver/Inc/stm32wbxx_ll_system.h:2221:26:LL_FLASH_GetUDN	4	static
../Drivers/STM32WBxx_HAL_Driver/Inc/stm32wbxx_ll_system.h:2233:26:LL_FLASH_GetDeviceID	4	static
../Drivers/STM32WBxx_HAL_Driver/Inc/stm32wbxx_ll_system.h:2245:26:LL_FLASH_GetSTCompanyID	4	static
../STM32_WPAN/App/app_ble.c:248:6:APP_BLE_Init	72	static
../STM32_WPAN/App/app_ble.c:377:28:SVCCTL_App_Notification	128	static
../STM32_WPAN/App/app_ble.c:708:22:APP_BLE_Get_Client_Connection_Status	16	static
../STM32_WPAN/App/app_ble.c:717:6:APP_BLE_Key_Button1_Action	8	static
../STM32_WPAN/App/app_ble.c:728:6:APP_BLE_Key_Button2_Action	8	static
../STM32_WPAN/App/app_ble.c:736:6:APP_BLE_Key_Button3_Action	4	static
../STM32_WPAN/App/app_ble.c:747:13:Ble_Tl_Init	16	static
../STM32_WPAN/App/app_ble.c:758:13:Ble_Hci_Gap_Gatt_Init	72	static
../STM32_WPAN/App/app_ble.c:974:13:Scan_Request	24	static
../STM32_WPAN/App/app_ble.c:1011:13:Connect_Request	48	static
../STM32_WPAN/App/app_ble.c:1056:13:Switch_OFF_GPIO	4	static
../STM32_WPAN/App/app_ble.c:1063:16:BleGetBdAddress	32	static
../STM32_WPAN/App/app_ble.c:1120:6:hci_notify_asynch_evt	16	static
../STM32_WPAN/App/app_ble.c:1126:6:hci_cmd_resp_release	16	static
../STM32_WPAN/App/app_ble.c:1132:6:hci_cmd_resp_wait	16	static
../STM32_WPAN/App/app_ble.c:1138:13:BLE_UserEvtRx	24	static
../STM32_WPAN/App/app_ble.c:1158:13:BLE_StatusNot	24	static
../STM32_WPAN/App/app_ble.c:1187:6:SVCCTL_ResumeUserEventFlow	8	static
